Archive member included because of file (symbol)

D:\k64\FRDMK64_SDCard\mbed\TARGET_K64F\TOOLCHAIN_GCC_ARM\libmbed.a(CallChain.o)
                              mbed\drivers\InterruptManager.o (mbed::CallChain::CallChain(int))
D:\k64\FRDMK64_SDCard\mbed\TARGET_K64F\TOOLCHAIN_GCC_ARM\libmbed.a(FileHandle.o)
                              mbed\drivers\UARTSerial.o (mbed::FileHandle::size())
D:\k64\FRDMK64_SDCard\mbed\TARGET_K64F\TOOLCHAIN_GCC_ARM\libmbed.a(FileBase.o)
                              SDFileSystem\FATFileSystem.o (mbed::FileBase::getName())
D:\k64\FRDMK64_SDCard\mbed\TARGET_K64F\TOOLCHAIN_GCC_ARM\libmbed.a(FilePath.o)
                              ..\mbed\TARGET_K64F\TOOLCHAIN_GCC_ARM\mbed_retarget.o (mbed::FilePath::FilePath(char const*))
D:\k64\FRDMK64_SDCard\mbed\TARGET_K64F\TOOLCHAIN_GCC_ARM\libmbed.a(Stream.o)
                              mbed\drivers\Serial.o (mbed::Stream::write(void const*, unsigned int))
D:\k64\FRDMK64_SDCard\mbed\TARGET_K64F\TOOLCHAIN_GCC_ARM\libmbed.a(mbed_assert.o)
                              mbed\hal\mbed_ticker_api.o (mbed_assert_internal)
D:\k64\FRDMK64_SDCard\mbed\TARGET_K64F\TOOLCHAIN_GCC_ARM\libmbed.a(mbed_critical.o)
                              mbed\hal\mbed_ticker_api.o (core_util_critical_section_enter)
D:\k64\FRDMK64_SDCard\mbed\TARGET_K64F\TOOLCHAIN_GCC_ARM\libmbed.a(mbed_error.o)
                              mbed\hal\mbed_sleep_manager.o (error)
D:\k64\FRDMK64_SDCard\mbed\TARGET_K64F\TOOLCHAIN_GCC_ARM\libmbed.a(mbed_rtc_time.o)
                              SDFileSystem\FATFileSystem.o (time)
D:\k64\FRDMK64_SDCard\mbed\TARGET_K64F\TOOLCHAIN_GCC_ARM\libmbed.a(mbed_wait_api_no_rtos.o)
                              mbed\drivers\SerialBase.o (wait_us)
c:/freescale/kds_v3/toolchain/bin/../lib/gcc/arm-none-eabi/4.8.4/armv7e-m/softfp\libgcc.a(_arm_addsubdf3.o)
                              main.o (__aeabi_f2d)
c:/freescale/kds_v3/toolchain/bin/../lib/gcc/arm-none-eabi/4.8.4/armv7e-m/softfp\libgcc.a(_aeabi_uldivmod.o)
                              mbed\hal\mbed_ticker_api.o (__aeabi_uldivmod)
c:/freescale/kds_v3/toolchain/bin/../lib/gcc/arm-none-eabi/4.8.4/armv7e-m/softfp\libgcc.a(bpabi.o)
                              c:/freescale/kds_v3/toolchain/bin/../lib/gcc/arm-none-eabi/4.8.4/armv7e-m/softfp\libgcc.a(_aeabi_uldivmod.o) (__gnu_uldivmod_helper)
c:/freescale/kds_v3/toolchain/bin/../lib/gcc/arm-none-eabi/4.8.4/armv7e-m/softfp\libgcc.a(_dvmd_tls.o)
                              c:/freescale/kds_v3/toolchain/bin/../lib/gcc/arm-none-eabi/4.8.4/armv7e-m/softfp\libgcc.a(_aeabi_uldivmod.o) (__aeabi_ldiv0)
c:/freescale/kds_v3/toolchain/bin/../lib/gcc/arm-none-eabi/4.8.4/armv7e-m/softfp\libgcc.a(_divdi3.o)
                              c:/freescale/kds_v3/toolchain/bin/../lib/gcc/arm-none-eabi/4.8.4/armv7e-m/softfp\libgcc.a(bpabi.o) (__divdi3)
c:/freescale/kds_v3/toolchain/bin/../lib/gcc/arm-none-eabi/4.8.4/armv7e-m/softfp\libgcc.a(_udivdi3.o)
                              c:/freescale/kds_v3/toolchain/bin/../lib/gcc/arm-none-eabi/4.8.4/armv7e-m/softfp\libgcc.a(bpabi.o) (__udivdi3)
c:/freescale/kds_v3/toolchain/bin/../lib/gcc/arm-none-eabi/4.8.4/../../../../arm-none-eabi/lib/armv7e-m/softfp\libg.a(lib_a-assert.o)
                              ..\mbed\TARGET_K64F\TOOLCHAIN_GCC_ARM\dma_api.o (__assert_func)
c:/freescale/kds_v3/toolchain/bin/../lib/gcc/arm-none-eabi/4.8.4/../../../../arm-none-eabi/lib/armv7e-m/softfp\libg.a(lib_a-errno.o)
                              ..\mbed\TARGET_K64F\TOOLCHAIN_GCC_ARM\mbed_retarget.o (__errno)
c:/freescale/kds_v3/toolchain/bin/../lib/gcc/arm-none-eabi/4.8.4/../../../../arm-none-eabi/lib/armv7e-m/softfp\libg.a(lib_a-exit.o)
                              c:/freescale/kds_v3/toolchain/bin/../lib/gcc/arm-none-eabi/4.8.4/../../../../arm-none-eabi/lib/armv7e-m/softfp/crt0.o (exit)
c:/freescale/kds_v3/toolchain/bin/../lib/gcc/arm-none-eabi/4.8.4/../../../../arm-none-eabi/lib/armv7e-m/softfp\libg.a(lib_a-fclose.o)
                              main.o (fclose)
c:/freescale/kds_v3/toolchain/bin/../lib/gcc/arm-none-eabi/4.8.4/../../../../arm-none-eabi/lib/armv7e-m/softfp\libg.a(lib_a-fflush.o)
                              c:/freescale/kds_v3/toolchain/bin/../lib/gcc/arm-none-eabi/4.8.4/../../../../arm-none-eabi/lib/armv7e-m/softfp\libg.a(lib_a-fclose.o) (_fflush_r)
c:/freescale/kds_v3/toolchain/bin/../lib/gcc/arm-none-eabi/4.8.4/../../../../arm-none-eabi/lib/armv7e-m/softfp\libg.a(lib_a-fgetc.o)
                              ..\mbed\TARGET_K64F\TOOLCHAIN_GCC_ARM\mbed_retarget.o (fgetc)
c:/freescale/kds_v3/toolchain/bin/../lib/gcc/arm-none-eabi/4.8.4/../../../../arm-none-eabi/lib/armv7e-m/softfp\libg.a(lib_a-fgets.o)
                              ..\mbed\TARGET_K64F\TOOLCHAIN_GCC_ARM\mbed_retarget.o (fgets)
c:/freescale/kds_v3/toolchain/bin/../lib/gcc/arm-none-eabi/4.8.4/../../../../arm-none-eabi/lib/armv7e-m/softfp\libg.a(lib_a-findfp.o)
[...]
Memory Configuration

Name             Origin             Length             Attributes
m_interrupts     0x00000000         0x00000400         xr
m_flash_config   0x00000400         0x00000010         xr
m_text           0x00000410         0x000ffbf0         xr
m_data           0x1fff0000         0x00010000         rw
m_data_2         0x20000000         0x00030000         rw
*default*        0x00000000         0xffffffff

Linker script and memory map

LOAD c:/freescale/kds_v3/toolchain/bin/../lib/gcc/arm-none-eabi/4.8.4/armv7e-m/softfp/crti.o
LOAD c:/freescale/kds_v3/toolchain/bin/../lib/gcc/arm-none-eabi/4.8.4/armv7e-m/softfp/crtbegin.o
LOAD c:/freescale/kds_v3/toolchain/bin/../lib/gcc/arm-none-eabi/4.8.4/../../../../arm-none-eabi/lib/armv7e-m/softfp/crt0.o
LOAD mbed\platform\FileSystemHandle.o
LOAD mbed\hal\mbed_us_ticker_api.o
LOAD mbed\hal\mbed_ticker_api.o
LOAD mbed\hal\mbed_sleep_manager.o
LOAD mbed\hal\mbed_pinmap_common.o
LOAD mbed\hal\mbed_lp_ticker_api.o
LOAD mbed\hal\mbed_itm_api.o
LOAD mbed\hal\mbed_gpio.o
LOAD mbed\hal\mbed_flash_api.o
LOAD mbed\hal\mbed_critical_section_api.o
LOAD mbed\drivers\UARTSerial.o
LOAD mbed\drivers\TimerEvent.o
LOAD mbed\drivers\Timer.o
LOAD mbed\drivers\Timeout.o
LOAD mbed\drivers\Ticker.o
LOAD mbed\drivers\TableCRC.o
LOAD mbed\drivers\SerialBase.o
LOAD mbed\drivers\Serial.o
LOAD mbed\drivers\SPISlave.o
LOAD mbed\drivers\SPI.o
LOAD mbed\drivers\RawSerial.o
LOAD mbed\drivers\MbedCRC.o
LOAD mbed\drivers\InterruptManager.o
LOAD mbed\drivers\InterruptIn.o
LOAD mbed\drivers\I2CSlave.o
LOAD mbed\drivers\I2C.o
LOAD mbed\drivers\FlashIAP.o
LOAD mbed\drivers\Ethernet.o
LOAD mbed\drivers\CAN.o
LOAD mbed\drivers\BusOut.o
LOAD mbed\drivers\BusInOut.o
LOAD mbed\drivers\BusIn.o
LOAD mbed\drivers\AnalogIn.o
LOAD main.o
LOAD SDFileSystem\SDFileSystem.o
LOAD SDFileSystem\SDCRC.o
LOAD SDFileSystem\FATFileSystem.o
LOAD SDFileSystem\FATFileHandle.o
LOAD SDFileSystem\FATDirHandle.o
LOAD SDFileSystem\ChaN\ff.o
LOAD SDFileSystem\ChaN\diskio.o
LOAD SDFileSystem\ChaN\ccsbcs.o
LOAD FXOS8700Q\FXOS8700Q.o
LOAD ..\mbed\TARGET_K64F\TOOLCHAIN_GCC_ARM\PeripheralPins.o
LOAD ..\mbed\TARGET_K64F\TOOLCHAIN_GCC_ARM\analogin_api.o
LOAD ..\mbed\TARGET_K64F\TOOLCHAIN_GCC_ARM\analogout_api.o
LOAD ..\mbed\TARGET_K64F\TOOLCHAIN_GCC_ARM\crc.o
LOAD ..\mbed\TARGET_K64F\TOOLCHAIN_GCC_ARM\dma_api.o
LOAD ..\mbed\TARGET_K64F\TOOLCHAIN_GCC_ARM\flash_api.o
LOAD ..\mbed\TARGET_K64F\TOOLCHAIN_GCC_ARM\fsl_adc16.o
LOAD ..\mbed\TARGET_K64F\TOOLCHAIN_GCC_ARM\fsl_clock.o
LOAD ..\mbed\TARGET_K64F\TOOLCHAIN_GCC_ARM\fsl_clock_config.o
LOAD ..\mbed\TARGET_K64F\TOOLCHAIN_GCC_ARM\fsl_cmp.o
LOAD ..\mbed\TARGET_K64F\TOOLCHAIN_GCC_ARM\fsl_cmt.o
LOAD ..\mbed\TARGET_K64F\TOOLCHAIN_GCC_ARM\fsl_common.o
LOAD ..\mbed\TARGET_K64F\TOOLCHAIN_GCC_ARM\fsl_crc.o
LOAD ..\mbed\TARGET_K64F\TOOLCHAIN_GCC_ARM\fsl_dac.o
LOAD ..\mbed\TARGET_K64F\TOOLCHAIN_GCC_ARM\fsl_dmamux.o
LOAD ..\mbed\TARGET_K64F\TOOLCHAIN_GCC_ARM\fsl_dspi.o
LOAD ..\mbed\TARGET_K64F\TOOLCHAIN_GCC_ARM\fsl_dspi_edma.o
LOAD ..\mbed\TARGET_K64F\TOOLCHAIN_GCC_ARM\fsl_edma.o
LOAD ..\mbed\TARGET_K64F\TOOLCHAIN_GCC_ARM\fsl_enet.o
LOAD ..\mbed\TARGET_K64F\TOOLCHAIN_GCC_ARM\fsl_ewm.o
LOAD ..\mbed\TARGET_K64F\TOOLCHAIN_GCC_ARM\fsl_flash.o
LOAD ..\mbed\TARGET_K64F\TOOLCHAIN_GCC_ARM\fsl_flexbus.o
LOAD ..\mbed\TARGET_K64F\TOOLCHAIN_GCC_ARM\fsl_flexcan.o
LOAD ..\mbed\TARGET_K64F\TOOLCHAIN_GCC_ARM\fsl_ftm.o
LOAD ..\mbed\TARGET_K64F\TOOLCHAIN_GCC_ARM\fsl_gpio.o
LOAD ..\mbed\TARGET_K64F\TOOLCHAIN_GCC_ARM\fsl_i2c.o
LOAD ..\mbed\TARGET_K64F\TOOLCHAIN_GCC_ARM\fsl_i2c_edma.o
LOAD ..\mbed\TARGET_K64F\TOOLCHAIN_GCC_ARM\fsl_llwu.o
LOAD ..\mbed\TARGET_K64F\TOOLCHAIN_GCC_ARM\fsl_lptmr.o
LOAD ..\mbed\TARGET_K64F\TOOLCHAIN_GCC_ARM\fsl_mpu.o
LOAD ..\mbed\TARGET_K64F\TOOLCHAIN_GCC_ARM\fsl_pdb.o
LOAD ..\mbed\TARGET_K64F\TOOLCHAIN_GCC_ARM\fsl_phy.o
LOAD ..\mbed\TARGET_K64F\TOOLCHAIN_GCC_ARM\fsl_pit.o
LOAD ..\mbed\TARGET_K64F\TOOLCHAIN_GCC_ARM\fsl_pmc.o
LOAD ..\mbed\TARGET_K64F\TOOLCHAIN_GCC_ARM\fsl_rcm.o
LOAD ..\mbed\TARGET_K64F\TOOLCHAIN_GCC_ARM\fsl_rnga.o
LOAD ..\mbed\TARGET_K64F\TOOLCHAIN_GCC_ARM\fsl_rtc.o
LOAD ..\mbed\TARGET_K64F\TOOLCHAIN_GCC_ARM\fsl_sai.o
LOAD ..\mbed\TARGET_K64F\TOOLCHAIN_GCC_ARM\fsl_sai_edma.o
LOAD ..\mbed\TARGET_K64F\TOOLCHAIN_GCC_ARM\fsl_sdhc.o
LOAD ..\mbed\TARGET_K64F\TOOLCHAIN_GCC_ARM\fsl_sim.o
LOAD ..\mbed\TARGET_K64F\TOOLCHAIN_GCC_ARM\fsl_smc.o
LOAD ..\mbed\TARGET_K64F\TOOLCHAIN_GCC_ARM\fsl_uart.o
LOAD ..\mbed\TARGET_K64F\TOOLCHAIN_GCC_ARM\fsl_uart_edma.o
LOAD ..\mbed\TARGET_K64F\TOOLCHAIN_GCC_ARM\fsl_vref.o
LOAD ..\mbed\TARGET_K64F\TOOLCHAIN_GCC_ARM\fsl_wdog.o
LOAD ..\mbed\TARGET_K64F\TOOLCHAIN_GCC_ARM\gpio_api.o
LOAD ..\mbed\TARGET_K64F\TOOLCHAIN_GCC_ARM\gpio_irq_api.o
LOAD ..\mbed\TARGET_K64F\TOOLCHAIN_GCC_ARM\i2c_api.o
LOAD ..\mbed\TARGET_K64F\TOOLCHAIN_GCC_ARM\lp_ticker.o
LOAD ..\mbed\TARGET_K64F\TOOLCHAIN_GCC_ARM\mbed_board.o
LOAD ..\mbed\TARGET_K64F\TOOLCHAIN_GCC_ARM\mbed_overrides.o
LOAD ..\mbed\TARGET_K64F\TOOLCHAIN_GCC_ARM\mbed_retarget.o
LOAD ..\mbed\TARGET_K64F\TOOLCHAIN_GCC_ARM\mbed_sdk_boot.o
LOAD ..\mbed\TARGET_K64F\TOOLCHAIN_GCC_ARM\pinmap.o
LOAD ..\mbed\TARGET_K64F\TOOLCHAIN_GCC_ARM\port_api.o
LOAD ..\mbed\TARGET_K64F\TOOLCHAIN_GCC_ARM\pwmout_api.o
LOAD ..\mbed\TARGET_K64F\TOOLCHAIN_GCC_ARM\rtc_api.o
LOAD ..\mbed\TARGET_K64F\TOOLCHAIN_GCC_ARM\serial_api.o
LOAD ..\mbed\TARGET_K64F\TOOLCHAIN_GCC_ARM\sleep.o
LOAD ..\mbed\TARGET_K64F\TOOLCHAIN_GCC_ARM\spi_api.o
LOAD ..\mbed\TARGET_K64F\TOOLCHAIN_GCC_ARM\startup_MK64F12.o
LOAD ..\mbed\TARGET_K64F\TOOLCHAIN_GCC_ARM\storage_driver.o
LOAD ..\mbed\TARGET_K64F\TOOLCHAIN_GCC_ARM\system_MK64F12.o
LOAD ..\mbed\TARGET_K64F\TOOLCHAIN_GCC_ARM\trng_api.o
LOAD ..\mbed\TARGET_K64F\TOOLCHAIN_GCC_ARM\us_ticker.o
LOAD D:\k64\FRDMK64_SDCard\mbed\TARGET_K64F\TOOLCHAIN_GCC_ARM\libmbed.a
LOAD c:/freescale/kds_v3/toolchain/bin/../lib/gcc/arm-none-eabi/4.8.4/../../../../arm-none-eabi/lib/armv7e-m/softfp\libstdc++.a
LOAD c:/freescale/kds_v3/toolchain/bin/../lib/gcc/arm-none-eabi/4.8.4/../../../../arm-none-eabi/lib/armv7e-m/softfp\libm.a
START GROUP
LOAD c:/freescale/kds_v3/toolchain/bin/../lib/gcc/arm-none-eabi/4.8.4/armv7e-m/softfp\libgcc.a
LOAD c:/freescale/kds_v3/toolchain/bin/../lib/gcc/arm-none-eabi/4.8.4/../../../../arm-none-eabi/lib/armv7e-m/softfp\libg.a
LOAD c:/freescale/kds_v3/toolchain/bin/../lib/gcc/arm-none-eabi/4.8.4/../../../../arm-none-eabi/lib/armv7e-m/softfp\libc.a
END GROUP
START GROUP
LOAD c:/freescale/kds_v3/toolchain/bin/../lib/gcc/arm-none-eabi/4.8.4/armv7e-m/softfp\libgcc.a
LOAD c:/freescale/kds_v3/toolchain/bin/../lib/gcc/arm-none-eabi/4.8.4/../../../../arm-none-eabi/lib/armv7e-m/softfp\libc.a
LOAD c:/freescale/kds_v3/toolchain/bin/../lib/gcc/arm-none-eabi/4.8.4/../../../../arm-none-eabi/lib/armv7e-m/softfp\libnosys.a
END GROUP
LOAD c:/freescale/kds_v3/toolchain/bin/../lib/gcc/arm-none-eabi/4.8.4/armv7e-m/softfp/crtend.o
LOAD c:/freescale/kds_v3/toolchain/bin/../lib/gcc/arm-none-eabi/4.8.4/armv7e-m/softfp/crtn.o
                0x00000001                __ram_vector_table__ = 0x1
                0x00000400                __stack_size__ = 0x400
                0x00006000                __heap_size__ = 0x6000
                0x00000400                HEAP_SIZE = DEFINED (__heap_size__)?__heap_size__:0x400
                0x00000400                STACK_SIZE = DEFINED (__stack_size__)?__stack_size__:0x400
                0x00000000                M_VECTOR_RAM_SIZE = DEFINED (__ram_vector_table__)?0x400:0x0

.interrupts     0x00000000      0x400
                0x00000000                __VECTOR_TABLE = .
                0x00000000                . = ALIGN (0x4)
 *(.isr_vector)
 .isr_vector    0x00000000      0x400 ..\mbed\TARGET_K64F\TOOLCHAIN_GCC_ARM\startup_MK64F12.o
                0x00000000                __isr_vector
                0x00000400                . = ALIGN (0x4)

.flash_config   0x00000400       0x10
                0x00000400                . = ALIGN (0x4)
 *(.FlashConfig)
 .FlashConfig   0x00000400       0x10 ..\mbed\TARGET_K64F\TOOLCHAIN_GCC_ARM\startup_MK64F12.o
                0x00000410                . = ALIGN (0x4)
                0x00000410                __UVISOR_FLASH_OFFSET = 0x410
                0x00000410                __UVISOR_FLASH_START = (ORIGIN (m_interrupts) + __UVISOR_FLASH_OFFSET)

.text           0x00000410    0x18a04
                0x00000410                . = ALIGN (0x4)
                0x00000410                __uvisor_main_start = .
 *(.uvisor.main)
                0x00000410                __uvisor_main_end = .
                0x00000410                . = ALIGN (0x4)
 *(.text)
 .text          0x00000410       0x54 c:/freescale/kds_v3/toolchain/bin/../lib/gcc/arm-none-eabi/4.8.4/armv7e-m/softfp/crtbegin.o
 .text          0x00000464       0x74 c:/freescale/kds_v3/toolchain/bin/../lib/gcc/arm-none-eabi/4.8.4/../../../../arm-none-eabi/lib/armv7e-m/softfp/crt0.o
                0x00000464                _start
                0x00000464                _mainCRTStartup
 .text          0x000004d8      0x1e4 ..\mbed\TARGET_K64F\TOOLCHAIN_GCC_ARM\startup_MK64F12.o
                0x000004d8                Reset_Handler
                0x0000051c                DebugMon_Handler
                0x0000051c                PORTC_IRQHandler
                0x0000051c                USBDCD_IRQHandler
                0x0000051c                DMA_Error_DriverIRQHandler
                0x0000051c                UART4_ERR_DriverIRQHandler
                0x0000051c                CMP0_IRQHandler
                0x0000051c                Read_Collision_IRQHandler
                0x0000051c                ENET_Transmit_DriverIRQHandler
                0x0000051c                UART1_ERR_DriverIRQHandler
                0x0000051c                BusFault_Handler
                0x0000051c                LPTMR0_IRQHandler
                0x0000051c                PIT0_IRQHandler
                0x0000051c                FTM2_IRQHandler
                0x0000051c                CMP2_IRQHandler
                0x0000051c                LLWU_IRQHandler
                0x0000051c                PORTE_IRQHandler
                0x0000051c                FTM3_IRQHandler
                0x0000051c                ENET_1588_Timer_DriverIRQHandler
                0x0000051c                SWI_IRQHandler
                0x0000051c                ADC0_IRQHandler
                0x0000051c                UsageFault_Handler
                0x0000051c                MCM_IRQHandler
                0x0000051c                CMT_IRQHandler
                0x0000051c                DAC1_IRQHandler
                0x0000051c                PORTA_IRQHandler
                0x0000051c                DefaultISR
                0x0000051c                FTM0_IRQHandler
                0x0000051c                UART5_ERR_DriverIRQHandler
                0x0000051c                LVD_LVW_IRQHandler
                0x0000051c                CMP1_IRQHandler
                0x0000051c                Reserved71_IRQHandler
                0x0000051c                PORTD_IRQHandler
                0x0000051c                PORTB_IRQHandler
                0x0000051c                PIT1_IRQHandler
                0x0000051c                UART2_ERR_DriverIRQHandler
                0x0000051c                ADC1_IRQHandler
                0x0000051c                ENET_Error_DriverIRQHandler
                0x0000051c                PIT2_IRQHandler
                0x0000051c                DAC0_IRQHandler
                0x0000051c                ENET_Receive_DriverIRQHandler
                0x0000051c                RTC_IRQHandler
                0x0000051c                UART3_ERR_DriverIRQHandler
                0x0000051c                PDB0_IRQHandler
                0x0000051c                FTFE_IRQHandler
                0x0000051c                FTM1_IRQHandler
                0x0000051c                WDOG_EWM_IRQHandler
                0x0000051c                RNG_IRQHandler
                0x0000051c                PIT3_IRQHandler
                0x0000051c                MemManage_Handler
                0x0000051c                RTC_Seconds_IRQHandler
                0x0000051c                MCG_IRQHandler
                0x0000051c                UART0_LON_DriverIRQHandler
                0x0000051c                UART0_ERR_DriverIRQHandler
                0x0000051c                USB0_IRQHandler
                0x00000524                HardFault_Handler
                0x00000528                SVC_Handler
                0x0000052c                PendSV_Handler
                0x00000530                SysTick_Handler
                0x00000534                DMA0_IRQHandler
                0x00000538                DMA1_IRQHandler
                0x0000053c                DMA2_IRQHandler
                0x00000540                DMA3_IRQHandler
                0x00000544                DMA4_IRQHandler
                0x00000548                DMA5_IRQHandler
                0x0000054c                DMA6_IRQHandler
                0x00000550                DMA7_IRQHandler
                0x00000554                DMA8_IRQHandler
                0x00000558                DMA9_IRQHandler
                0x0000055c                DMA10_IRQHandler
                0x00000560                DMA11_IRQHandler
                0x00000564                DMA12_IRQHandler
                0x00000568                DMA13_IRQHandler
                0x0000056c                DMA14_IRQHandler
                0x00000570                DMA15_IRQHandler
                0x00000574                DMA_Error_IRQHandler
                0x00000578                I2C0_IRQHandler
                0x0000057c                I2C1_IRQHandler
                0x00000580                SPI0_IRQHandler
                0x00000584                SPI1_IRQHandler
                0x00000588                I2S0_Tx_IRQHandler
                0x0000058c                I2S0_Rx_IRQHandler
                0x00000590                UART0_LON_IRQHandler
                0x00000594                UART0_RX_TX_IRQHandler
                0x00000598                UART0_ERR_IRQHandler
                0x0000059c                UART1_RX_TX_IRQHandler
                0x000005a0                UART1_ERR_IRQHandler
                0x000005a4                UART2_RX_TX_IRQHandler
                0x000005a8                UART2_ERR_IRQHandler
                0x000005ac                UART3_RX_TX_IRQHandler
                0x000005b0                UART3_ERR_IRQHandler
                0x000005b4                SPI2_IRQHandler
                0x000005b8                UART4_RX_TX_IRQHandler
                0x000005bc                UART4_ERR_IRQHandler
                0x000005c0                UART5_RX_TX_IRQHandler
                0x000005c4                UART5_ERR_IRQHandler
                0x000005c8                I2C2_IRQHandler
                0x000005cc                CAN0_ORed_Message_buffer_IRQHandler
                0x000005d0                CAN0_Bus_Off_IRQHandler
                0x000005d4                CAN0_Error_IRQHandler
                0x000005d8                CAN0_Tx_Warning_IRQHandler
                0x000005dc                CAN0_Rx_Warning_IRQHandler
                0x000005e0                CAN0_Wake_Up_IRQHandler
                0x000005e4                SDHC_IRQHandler
                0x000005e8                ENET_1588_Timer_IRQHandler
 .text          0x000006bc      0x370 c:/freescale/kds_v3/toolchain/bin/../lib/gcc/arm-none-eabi/4.8.4/armv7e-m/softfp\libgcc.a(_arm_addsubdf3.o)
                0x000006bc                __aeabi_drsub
                0x000006c4                __aeabi_dsub
                0x000006c4                __subdf3
                0x000006c8                __aeabi_dadd
                0x000006c8                __adddf3
                0x00000940                __floatunsidf
                0x00000940                __aeabi_ui2d
                0x00000960                __floatsidf
                0x00000960                __aeabi_i2d
                0x00000984                __aeabi_f2d
                0x00000984                __extendsfdf2
                0x000009c0                __floatundidf
                0x000009c0                __aeabi_ul2d
                0x000009d0                __floatdidf
                0x000009d0                __aeabi_l2d
 .text          0x00000a2c       0x2c c:/freescale/kds_v3/toolchain/bin/../lib/gcc/arm-none-eabi/4.8.4/armv7e-m/softfp\libgcc.a(_aeabi_uldivmod.o)
                0x00000a2c                __aeabi_uldivmod
 .text          0x00000a58       0x60 c:/freescale/kds_v3/toolchain/bin/../lib/gcc/arm-none-eabi/4.8.4/armv7e-m/softfp\libgcc.a(bpabi.o)
                0x00000a58                __gnu_ldivmod_helper
                0x00000a88                __gnu_uldivmod_helper
 .text          0x00000ab8        0x4 c:/freescale/kds_v3/toolchain/bin/../lib/gcc/arm-none-eabi/4.8.4/armv7e-m/softfp\libgcc.a(_dvmd_tls.o)
                0x00000ab8                __aeabi_idiv0
                0x00000ab8                __aeabi_ldiv0
 .text          0x00000abc      0x298 c:/freescale/kds_v3/toolchain/bin/../lib/gcc/arm-none-eabi/4.8.4/armv7e-m/softfp\libgcc.a(_divdi3.o)
                0x00000abc                __divdi3
 .text          0x00000d54      0x284 c:/freescale/kds_v3/toolchain/bin/../lib/gcc/arm-none-eabi/4.8.4/armv7e-m/softfp\libgcc.a(_udivdi3.o)
                0x00000d54                __udivdi3
 .text          0x00000fd8      0x134 c:/freescale/kds_v3/toolchain/bin/../lib/gcc/arm-none-eabi/4.8.4/../../../../arm-none-eabi/lib/armv7e-m/softfp\libg.a(lib_a-memcpy.o)
                0x00000fd8                memcpy
 .text          0x0000110c      0x21c c:/freescale/kds_v3/toolchain/bin/../lib/gcc/arm-none-eabi/4.8.4/../../../../arm-none-eabi/lib/armv7e-m/softfp\libg.a(lib_a-strcmp.o)
                0x0000110c                strcmp
 .text          0x00001328      0x424 c:/freescale/kds_v3/toolchain/bin/../lib/gcc/arm-none-eabi/4.8.4/armv7e-m/softfp\libgcc.a(_arm_muldivdf3.o)
                0x00001328                __aeabi_dmul
                0x00001328                __muldf3
                0x0000157c                __divdf3
                0x0000157c                __aeabi_ddiv
 .text          0x0000174c      0x110 c:/freescale/kds_v3/toolchain/bin/../lib/gcc/arm-none-eabi/4.8.4/armv7e-m/softfp\libgcc.a(_arm_cmpdf2.o)
                0x0000174c                __gtdf2
                0x0000174c                __gedf2
                0x00001754                __ltdf2
                0x00001754                __ledf2
                0x0000175c                __nedf2
                0x0000175c                __eqdf2
                0x0000175c                __cmpdf2
                0x000017d8                __aeabi_cdrcmple
                0x000017e8                __aeabi_cdcmpeq
                0x000017e8                __aeabi_cdcmple
                0x000017f8                __aeabi_dcmpeq
                0x0000180c                __aeabi_dcmplt
                0x00001820                __aeabi_dcmple
                0x00001834                __aeabi_dcmpge
                0x00001848                __aeabi_dcmpgt
 .text          0x0000185c       0x50 c:/freescale/kds_v3/toolchain/bin/../lib/gcc/arm-none-eabi/4.8.4/armv7e-m/softfp\libgcc.a(_arm_fixdfsi.o)
                0x0000185c                __aeabi_d2iz
                0x0000185c                __fixdfsi
 *(.text*)
 .text._ZN4mbed16FileSystemHandleD2Ev
                0x000018ac       0x30 mbed\platform\FileSystemHandle.o
                0x000018ac                mbed::FileSystemHandle::~FileSystemHandle()
                0x000018ac                mbed::FileSystemHandle::~FileSystemHandle()
 .text._ZN4mbed16FileSystemHandleD0Ev
                0x000018dc       0x20 mbed\platform\FileSystemHandle.o
                0x000018dc                mbed::FileSystemHandle::~FileSystemHandle()
 .text._ZN4mbed16FileSystemHandle4openEPPNS_9DirHandleEPKc
                0x000018fc       0x1c mbed\platform\FileSystemHandle.o
                0x000018fc                mbed::FileSystemHandle::open(mbed::DirHandle**, char const*)
 .text._ZN4mbed16FileSystemHandle6removeEPKc
                0x00001918       0x1c mbed\platform\FileSystemHandle.o
                0x00001918                mbed::FileSystemHandle::remove(char const*)
 .text._ZN4mbed16FileSystemHandle6renameEPKcS2_
                0x00001934       0x1c mbed\platform\FileSystemHandle.o
                0x00001934                mbed::FileSystemHandle::rename(char const*, char const*)
 .text._ZN4mbed16FileSystemHandle4statEPKcP4stat
                0x00001950       0x1c mbed\platform\FileSystemHandle.o
                0x00001950                mbed::FileSystemHandle::stat(char const*, stat*)
 .text._ZN4mbed16FileSystemHandle5mkdirEPKcj
                0x0000196c       0x1c mbed\platform\FileSystemHandle.o
                0x0000196c                mbed::FileSystemHandle::mkdir(char const*, unsigned int)
 .text._ZN4mbed16FileSystemHandle7statvfsEPKcP7statvfs
                0x00001988       0x1c mbed\platform\FileSystemHandle.o
                0x00001988                mbed::FileSystemHandle::statvfs(char const*, statvfs*)
 .text._ZN4mbed11NonCopyableINS_16FileSystemHandleEED2Ev
                0x000019a4       0x18 mbed\platform\FileSystemHandle.o
                0x000019a4                mbed::NonCopyable<mbed::FileSystemHandle>::~NonCopyable()
                0x000019a4                mbed::NonCopyable<mbed::FileSystemHandle>::~NonCopyable()
 .text.get_us_ticker_data
                0x000019bc       0x14 mbed\hal\mbed_us_ticker_api.o
                0x000019bc                get_us_ticker_data
 .text.us_ticker_irq_handler
                0x000019d0       0x20 mbed\hal\mbed_us_ticker_api.o
                0x000019d0                us_ticker_irq_handler
 .text.initialize
                0x000019f0      0x1b8 mbed\hal\mbed_ticker_api.o
 .text.update_present_time
                0x00001ba8      0x284 mbed\hal\mbed_ticker_api.o
 .text.compute_tick
                0x00001e2c      0x110 mbed\hal\mbed_ticker_api.o
 .text._ticker_match_interval_passed
                0x00001f3c       0x50 mbed\hal\mbed_ticker_api.o
                0x00001f3c                _ticker_match_interval_passed
 .text.schedule_interrupt
                0x00001f8c       0xc8 mbed\hal\mbed_ticker_api.o
 .text.ticker_irq_handler
                0x00002054       0x88 mbed\hal\mbed_ticker_api.o
                0x00002054                ticker_irq_handler
 .text.ticker_read
                0x000020dc       0x1c mbed\hal\mbed_ticker_api.o
                0x000020dc                ticker_read
 .text.ticker_read_us
                0x000020f8       0x30 mbed\hal\mbed_ticker_api.o
                0x000020f8                ticker_read_us
 .text.sleep_manager_lock_deep_sleep_internal
                0x00002128       0x34 mbed\hal\mbed_sleep_manager.o
                0x00002128                sleep_manager_lock_deep_sleep_internal
 .text.sleep_manager_unlock_deep_sleep_internal
                0x0000215c       0x30 mbed\hal\mbed_sleep_manager.o
                0x0000215c                sleep_manager_unlock_deep_sleep_internal
 .text.pinmap_pinout
                0x0000218c       0x58 mbed\hal\mbed_pinmap_common.o
                0x0000218c                pinmap_pinout
 .text.pinmap_merge
                0x000021e4       0x44 mbed\hal\mbed_pinmap_common.o
                0x000021e4                pinmap_merge
 .text.pinmap_find_peripheral
                0x00002228       0x3c mbed\hal\mbed_pinmap_common.o
                0x00002228                pinmap_find_peripheral
 .text.pinmap_peripheral
                0x00002264       0x44 mbed\hal\mbed_pinmap_common.o
                0x00002264                pinmap_peripheral
 .text._gpio_init_in
                0x000022a8       0x38 mbed\hal\mbed_gpio.o
 .text._gpio_init_out
                0x000022e0       0x40 mbed\hal\mbed_gpio.o
 .text.gpio_init_in
                0x00002320       0x1c mbed\hal\mbed_gpio.o
                0x00002320                gpio_init_in
 .text.gpio_init_in_ex
                0x0000233c       0x20 mbed\hal\mbed_gpio.o
                0x0000233c                gpio_init_in_ex
 .text.gpio_init_out
                0x0000235c       0x1c mbed\hal\mbed_gpio.o
                0x0000235c                gpio_init_out
 .text.gpio_init_out_ex
                0x00002378       0x20 mbed\hal\mbed_gpio.o
                0x00002378                gpio_init_out_ex
 .text._ZnwjPv  0x00002398       0x18 mbed\drivers\UARTSerial.o
                0x00002398                operator new(unsigned int, void*)
 .text._ZN4mbed10FileHandleD2Ev
                0x000023b0       0x30 mbed\drivers\UARTSerial.o
                0x000023b0                mbed::FileHandle::~FileHandle()
                0x000023b0                mbed::FileHandle::~FileHandle()
 .text._ZN4mbed10FileHandle4tellEv
                0x000023e0       0x24 mbed\drivers\UARTSerial.o
                0x000023e0                mbed::FileHandle::tell()
 .text._ZN4mbed10FileHandle6rewindEv
                0x00002404       0x20 mbed\drivers\UARTSerial.o
                0x00002404                mbed::FileHandle::rewind()
 .text._ZN4mbed10FileHandle5lseekEli
                0x00002424       0x28 mbed\drivers\UARTSerial.o
                0x00002424                mbed::FileHandle::lseek(long, int)
 .text._ZN4mbed10FileHandle5fsyncEv
                0x0000244c       0x20 mbed\drivers\UARTSerial.o
                0x0000244c                mbed::FileHandle::fsync()
 .text._ZN4mbed10FileHandle4flenEv
                0x0000246c       0x20 mbed\drivers\UARTSerial.o
                0x0000246c                mbed::FileHandle::flen()
 .text._ZN13PlatformMutexC2Ev
                0x0000248c       0x18 mbed\drivers\UARTSerial.o
                0x0000248c                PlatformMutex::PlatformMutex()
                0x0000248c                PlatformMutex::PlatformMutex()
 .text._ZN13PlatformMutexD2Ev
                0x000024a4       0x18 mbed\drivers\UARTSerial.o
                0x000024a4                PlatformMutex::~PlatformMutex()
                0x000024a4                PlatformMutex::~PlatformMutex()
 .text._ZN13PlatformMutex4lockEv
                0x000024bc       0x14 mbed\drivers\UARTSerial.o
                0x000024bc                PlatformMutex::lock()
 .text._ZN13PlatformMutex6unlockEv
                0x000024d0       0x14 mbed\drivers\UARTSerial.o
                0x000024d0                PlatformMutex::unlock()
 .text._ZN4mbed10FileHandleC2Ev
                0x000024e4       0x24 mbed\drivers\UARTSerial.o
                0x000024e4                mbed::FileHandle::FileHandle()
                0x000024e4                mbed::FileHandle::FileHandle()
 .text._ZN4mbed11NonCopyableINS_10FileHandleEED2Ev
                0x00002508       0x18 mbed\drivers\UARTSerial.o
                0x00002508                mbed::NonCopyable<mbed::FileHandle>::~NonCopyable()
                0x00002508                mbed::NonCopyable<mbed::FileHandle>::~NonCopyable()
 .text._ZN4mbed11NonCopyableI13PlatformMutexEC2Ev
                0x00002520       0x18 mbed\drivers\UARTSerial.o
                0x00002520                mbed::NonCopyable<PlatformMutex>::NonCopyable()
                0x00002520                mbed::NonCopyable<PlatformMutex>::NonCopyable()
 .text._ZN4mbed11NonCopyableI13PlatformMutexED2Ev
                0x00002538       0x18 mbed\drivers\UARTSerial.o
                0x00002538                mbed::NonCopyable<PlatformMutex>::~NonCopyable()
                0x00002538                mbed::NonCopyable<PlatformMutex>::~NonCopyable()
 .text._ZNK4mbed8CallbackIFvvEEclEv
                0x00002550       0x14 mbed\drivers\UARTSerial.o
                0x00002550                mbed::Callback<void ()>::operator()() const
 .text._ZN4mbed11NonCopyableINS_10FileHandleEEC2Ev
                0x00002564       0x18 mbed\drivers\UARTSerial.o
                0x00002564                mbed::NonCopyable<mbed::FileHandle>::NonCopyable()
                0x00002564                mbed::NonCopyable<mbed::FileHandle>::NonCopyable()
 .text._ZN4mbed8CallbackIFvvEEC2EPS1_
                0x0000257c       0x30 mbed\drivers\UARTSerial.o
                0x0000257c                mbed::Callback<void ()>::Callback(void (*)())
                0x0000257c                mbed::Callback<void ()>::Callback(void (*)())
 .text._ZN4mbed8CallbackIFvvEED2Ev
                0x000025ac       0x24 mbed\drivers\UARTSerial.o
                0x000025ac                mbed::Callback<void ()>::~Callback()
                0x000025ac                mbed::Callback<void ()>::~Callback()
 .text._ZN4mbed8CallbackIFvvEEC2ERKS2_
                0x000025d0       0x30 mbed\drivers\UARTSerial.o
                0x000025d0                mbed::Callback<void ()>::Callback(mbed::Callback<void ()> const&)
                0x000025d0                mbed::Callback<void ()>::Callback(mbed::Callback<void ()> const&)
 .text._ZN4mbed8CallbackIFvvEEaSERKS2_
                0x00002600       0x3c mbed\drivers\UARTSerial.o
                0x00002600                mbed::Callback<void ()>::operator=(mbed::Callback<void ()> const&)
 .text._ZNK4mbed8CallbackIFvvEEcvbEv
                0x0000263c       0x24 mbed\drivers\UARTSerial.o
                0x0000263c                mbed::Callback<void ()>::operator bool() const
 .text._ZNK4mbed8CallbackIFvvEE4callEv
                0x00002660       0x34 mbed\drivers\UARTSerial.o
                0x00002660                mbed::Callback<void ()>::call() const
 .text._ZN4mbed8CallbackIFvvEE8generateIPS1_EEvRKT_
                0x00002694       0x3c mbed\drivers\UARTSerial.o
                0x00002694                void mbed::Callback<void ()>::generate<void (*)()>(void (* const&)())
 .text._ZN4mbed8CallbackIFvvEE13function_callIPS1_EEvPKv
                0x000026d0       0x14 mbed\drivers\UARTSerial.o
                0x000026d0                void mbed::Callback<void ()>::function_call<void (*)()>(void const*)
 .text._ZN4mbed8CallbackIFvvEE13function_moveIPS1_EEvPvPKv
                0x000026e4       0x28 mbed\drivers\UARTSerial.o
                0x000026e4                void mbed::Callback<void ()>::function_move<void (*)()>(void*, void const*)
 .text._ZN4mbed8CallbackIFvvEE13function_dtorIPS1_EEvPv
                0x0000270c       0x14 mbed\drivers\UARTSerial.o
                0x0000270c                void mbed::Callback<void ()>::function_dtor<void (*)()>(void*)
 .text._ZN4mbed5TimerC2Ev
                0x00002720       0x50 mbed\drivers\Timer.o
                0x00002720                mbed::Timer::Timer()
                0x00002720                mbed::Timer::Timer()
 .text._ZN4mbed5TimerD2Ev
                0x00002770       0x3c mbed\drivers\Timer.o
                0x00002770                mbed::Timer::~Timer()
                0x00002770                mbed::Timer::~Timer()
 .text._ZN4mbed5Timer5startEv
                0x000027ac       0x44 mbed\drivers\Timer.o
                0x000027ac                mbed::Timer::start()
 .text._ZN4mbed5Timer4stopEv
                0x000027f0       0x4c mbed\drivers\Timer.o
                0x000027f0                mbed::Timer::stop()
 .text._ZN4mbed5Timer7read_msEv
                0x0000283c       0x30 mbed\drivers\Timer.o
                0x0000283c                mbed::Timer::read_ms()
 .text._ZN4mbed5Timer23read_high_resolution_usEv
                0x0000286c       0x38 mbed\drivers\Timer.o
                0x0000286c                mbed::Timer::read_high_resolution_us()
 .text._ZN4mbed5Timer9slicetimeEv
                0x000028a4       0x4c mbed\drivers\Timer.o
                0x000028a4                mbed::Timer::slicetime()
 .text._ZN4mbed5Timer5resetEv
                0x000028f0       0x38 mbed\drivers\Timer.o
                0x000028f0                mbed::Timer::reset()
 .text._ZN4mbed11NonCopyableINS_5TimerEEC2Ev
                0x00002928       0x18 mbed\drivers\Timer.o
                0x00002928                mbed::NonCopyable<mbed::Timer>::NonCopyable()
                0x00002928                mbed::NonCopyable<mbed::Timer>::NonCopyable()
 .text._ZN4mbed11NonCopyableINS_5TimerEED2Ev
                0x00002940       0x18 mbed\drivers\Timer.o
                0x00002940                mbed::NonCopyable<mbed::Timer>::~NonCopyable()
                0x00002940                mbed::NonCopyable<mbed::Timer>::~NonCopyable()
 .text._ZN4mbed10SerialBaseC2E7PinNameS1_i
                0x00002958      0x110 mbed\drivers\SerialBase.o
                0x00002958                mbed::SerialBase::SerialBase(PinName, PinName, int)
                0x00002958                mbed::SerialBase::SerialBase(PinName, PinName, int)
 .text._ZN4mbed10SerialBase6attachENS_8CallbackIFvvEEENS0_7IrqTypeE
                0x00002a68       0xe4 mbed\drivers\SerialBase.o
                0x00002a68                mbed::SerialBase::attach(mbed::Callback<void ()>, mbed::SerialBase::IrqType)
 .text._ZN4mbed10SerialBase12_irq_handlerEm9SerialIrq
                0x00002b4c       0x40 mbed\drivers\SerialBase.o
                0x00002b4c                mbed::SerialBase::_irq_handler(unsigned long, SerialIrq)
 .text._ZN4mbed10SerialBase10_base_getcEv
                0x00002b8c       0x1c mbed\drivers\SerialBase.o
                0x00002b8c                mbed::SerialBase::_base_getc()
 .text._ZN4mbed10SerialBase10_base_putcEi
                0x00002ba8       0x20 mbed\drivers\SerialBase.o
                0x00002ba8                mbed::SerialBase::_base_putc(int)
 .text._ZN4mbed10SerialBase4lockEv
                0x00002bc8       0x14 mbed\drivers\SerialBase.o
                0x00002bc8                mbed::SerialBase::lock()
 .text._ZN4mbed10SerialBase6unlockEv
                0x00002bdc       0x14 mbed\drivers\SerialBase.o
                0x00002bdc                mbed::SerialBase::unlock()
 .text._ZN4mbed10SerialBaseD2Ev
                0x00002bf0       0xac mbed\drivers\SerialBase.o
                0x00002bf0                mbed::SerialBase::~SerialBase()
                0x00002bf0                mbed::SerialBase::~SerialBase()
 .text._ZN4mbed10SerialBaseD0Ev
                0x00002c9c       0x20 mbed\drivers\SerialBase.o
                0x00002c9c                mbed::SerialBase::~SerialBase()
 .text._ZN4mbed11NonCopyableINS_10SerialBaseEEC2Ev
                0x00002cbc       0x18 mbed\drivers\SerialBase.o
                0x00002cbc                mbed::NonCopyable<mbed::SerialBase>::NonCopyable()
                0x00002cbc                mbed::NonCopyable<mbed::SerialBase>::NonCopyable()
 .text._ZN4mbed11NonCopyableINS_10SerialBaseEED2Ev
                0x00002cd4       0x18 mbed\drivers\SerialBase.o
                0x00002cd4                mbed::NonCopyable<mbed::SerialBase>::~NonCopyable()
                0x00002cd4                mbed::NonCopyable<mbed::SerialBase>::~NonCopyable()
 .text._ZN6CThunkIN4mbed10SerialBaseEEC2EPS1_
                0x00002cec       0x30 mbed\drivers\SerialBase.o
                0x00002cec                CThunk<mbed::SerialBase>::CThunk(mbed::SerialBase*)
                0x00002cec                CThunk<mbed::SerialBase>::CThunk(mbed::SerialBase*)
 .text._ZN6CThunkIN4mbed10SerialBaseEED2Ev
                0x00002d1c       0x18 mbed\drivers\SerialBase.o
                0x00002d1c                CThunk<mbed::SerialBase>::~CThunk()
                0x00002d1c                CThunk<mbed::SerialBase>::~CThunk()
 .text._ZN4mbed8CallbackIFviEEC2EPS1_
                0x00002d34       0x30 mbed\drivers\SerialBase.o
                0x00002d34                mbed::Callback<void (int)>::Callback(void (*)(int))
                0x00002d34                mbed::Callback<void (int)>::Callback(void (*)(int))
 .text._ZN4mbed8CallbackIFviEED2Ev
                0x00002d64       0x24 mbed\drivers\SerialBase.o
                0x00002d64                mbed::Callback<void (int)>::~Callback()
                0x00002d64                mbed::Callback<void (int)>::~Callback()
 .text._ZN6CThunkIN4mbed10SerialBaseEE4initEPS1_MS1_FvPvES4_
                0x00002d88       0x64 mbed\drivers\SerialBase.o
                0x00002d88                CThunk<mbed::SerialBase>::init(mbed::SerialBase*, void (mbed::SerialBase::*)(void*), void*)
 .text._ZN4mbed8CallbackIFviEE8generateIPS1_EEvRKT_
                0x00002dec       0x3c mbed\drivers\SerialBase.o
                0x00002dec                void mbed::Callback<void (int)>::generate<void (*)(int)>(void (* const&)(int))
 .text._ZN6CThunkIN4mbed10SerialBaseEE10trampolineEPS1_PvPMS1_FvS4_E
                0x00002e28       0x64 mbed\drivers\SerialBase.o
                0x00002e28                CThunk<mbed::SerialBase>::trampoline(mbed::SerialBase*, void*, void (mbed::SerialBase::**)(void*))
 .text._ZN4mbed8CallbackIFviEE13function_callIPS1_EEvPKvi
                0x00002e8c       0x18 mbed\drivers\SerialBase.o
                0x00002e8c                void mbed::Callback<void (int)>::function_call<void (*)(int)>(void const*, int)
 .text._ZN4mbed8CallbackIFviEE13function_moveIPS1_EEvPvPKv
                0x00002ea4       0x28 mbed\drivers\SerialBase.o
                0x00002ea4                void mbed::Callback<void (int)>::function_move<void (*)(int)>(void*, void const*)
 .text._ZN4mbed8CallbackIFviEE13function_dtorIPS1_EEvPv
                0x00002ecc       0x14 mbed\drivers\SerialBase.o
                0x00002ecc                void mbed::Callback<void (int)>::function_dtor<void (*)(int)>(void*)
 .text._ZN4mbed10FileHandle12set_blockingEb
                0x00002ee0       0x1c mbed\drivers\Serial.o
                0x00002ee0                mbed::FileHandle::set_blocking(bool)
 .text._ZNK4mbed10FileHandle4pollEs
                0x00002efc       0x1c mbed\drivers\Serial.o
                0x00002efc                mbed::FileHandle::poll(short) const
 .text._ZN4mbed10FileHandle5sigioENS_8CallbackIFvvEEE
                0x00002f18       0x14 mbed\drivers\Serial.o
                0x00002f18                mbed::FileHandle::sigio(mbed::Callback<void ()>)
 .text._ZN4mbed6SerialC2E7PinNameS1_PKci
                0x00002f2c       0x68 mbed\drivers\Serial.o
                0x00002f2c                mbed::Serial::Serial(PinName, PinName, char const*, int)
                0x00002f2c                mbed::Serial::Serial(PinName, PinName, char const*, int)
 .text._ZN4mbed6Serial5_getcEv
                0x00002f94       0x1c mbed\drivers\Serial.o
                0x00002f94                mbed::Serial::_getc()
 .text._ZThn300_N4mbed6Serial5_getcEv
                0x00002fb0        0x8 mbed\drivers\Serial.o
                0x00002fb0                non-virtual thunk to mbed::Serial::_getc()
 .text._ZN4mbed6Serial5_putcEi
                0x00002fb8       0x20 mbed\drivers\Serial.o
                0x00002fb8                mbed::Serial::_putc(int)
 .text._ZThn300_N4mbed6Serial5_putcEi
                0x00002fd8        0x8 mbed\drivers\Serial.o
                0x00002fd8                non-virtual thunk to mbed::Serial::_putc(int)
 .text._ZN4mbed6Serial4lockEv
                0x00002fe0       0x1c mbed\drivers\Serial.o
                0x00002fe0                mbed::Serial::lock()
 .text._ZThn300_N4mbed6Serial4lockEv
                0x00002ffc        0x8 mbed\drivers\Serial.o
                0x00002ffc                non-virtual thunk to mbed::Serial::lock()
 .text._ZN4mbed6Serial6unlockEv
                0x00003004       0x1c mbed\drivers\Serial.o
                0x00003004                mbed::Serial::unlock()
 .text._ZThn300_N4mbed6Serial6unlockEv
                0x00003020        0x8 mbed\drivers\Serial.o
                0x00003020                non-virtual thunk to mbed::Serial::unlock()
 .text._ZN4mbed11NonCopyableINS_6SerialEEC2Ev
                0x00003028       0x18 mbed\drivers\Serial.o
                0x00003028                mbed::NonCopyable<mbed::Serial>::NonCopyable()
                0x00003028                mbed::NonCopyable<mbed::Serial>::NonCopyable()
 .text._ZN4mbed11NonCopyableINS_6SerialEED2Ev
                0x00003040       0x18 mbed\drivers\Serial.o
                0x00003040                mbed::NonCopyable<mbed::Serial>::~NonCopyable()
                0x00003040                mbed::NonCopyable<mbed::Serial>::~NonCopyable()
 .text._ZN4mbed6SerialD2Ev
                0x00003058       0x68 mbed\drivers\Serial.o
                0x00003058                mbed::Serial::~Serial()
                0x00003058                mbed::Serial::~Serial()
 .text._ZN4mbed6SerialD1Ev
                0x000030c0       0x10 mbed\drivers\Serial.o
                0x000030c0                non-virtual thunk to mbed::Serial::~Serial()
                0x000030c8                non-virtual thunk to mbed::Serial::~Serial()
 .text._ZN4mbed6SerialD0Ev
                0x000030d0       0x30 mbed\drivers\Serial.o
                0x000030d0                mbed::Serial::~Serial()
                0x000030f0                non-virtual thunk to mbed::Serial::~Serial()
                0x000030f8                non-virtual thunk to mbed::Serial::~Serial()
 .text._ZL14singleton_lockv
                0x00003100        0xc mbed\drivers\SPI.o
 .text._ZL16singleton_unlockv
                0x0000310c        0xc mbed\drivers\SPI.o
 .text._ZN4mbed3SPID2Ev
                0x00003118       0x48 mbed\drivers\SPI.o
                0x00003118                mbed::SPI::~SPI()
                0x00003118                mbed::SPI::~SPI()
 .text._ZN4mbed3SPID0Ev
                0x00003160       0x20 mbed\drivers\SPI.o
                0x00003160                mbed::SPI::~SPI()
 .text._ZN4mbed3SPIC2E7PinNameS1_S1_S1_
                0x00003180       0xa4 mbed\drivers\SPI.o
                0x00003180                mbed::SPI::SPI(PinName, PinName, PinName, PinName)
                0x00003180                mbed::SPI::SPI(PinName, PinName, PinName, PinName)
 .text._ZN4mbed3SPI6formatEii
                0x00003224       0x6c mbed\drivers\SPI.o
                0x00003224                mbed::SPI::format(int, int)
 .text._ZN4mbed3SPI9frequencyEi
                0x00003290       0x58 mbed\drivers\SPI.o
                0x00003290                mbed::SPI::frequency(int)
 .text._ZN4mbed3SPI8_acquireEv
                0x000032e8       0x50 mbed\drivers\SPI.o
                0x000032e8                mbed::SPI::_acquire()
 .text._ZN4mbed3SPI5writeEi
                0x00003338       0x40 mbed\drivers\SPI.o
                0x00003338                mbed::SPI::write(int)
 .text._ZN4mbed3SPI5writeEPKciPci
                0x00003378       0x54 mbed\drivers\SPI.o
                0x00003378                mbed::SPI::write(char const*, int, char*, int)
 .text._ZN4mbed3SPI4lockEv
                0x000033cc       0x20 mbed\drivers\SPI.o
                0x000033cc                mbed::SPI::lock()
 .text._ZN4mbed3SPI6unlockEv
                0x000033ec       0x20 mbed\drivers\SPI.o
                0x000033ec                mbed::SPI::unlock()
 .text._ZN4mbed11NonCopyableINS_3SPIEED2Ev
                0x0000340c       0x18 mbed\drivers\SPI.o
                0x0000340c                mbed::NonCopyable<mbed::SPI>::~NonCopyable()
                0x0000340c                mbed::NonCopyable<mbed::SPI>::~NonCopyable()
 .text._ZN6CThunkIN4mbed3SPIEED2Ev
                0x00003424       0x18 mbed\drivers\SPI.o
                0x00003424                CThunk<mbed::SPI>::~CThunk()
                0x00003424                CThunk<mbed::SPI>::~CThunk()
 .text._ZN4mbed11NonCopyableINS_3SPIEEC2Ev
                0x0000343c       0x18 mbed\drivers\SPI.o
                0x0000343c                mbed::NonCopyable<mbed::SPI>::NonCopyable()
                0x0000343c                mbed::NonCopyable<mbed::SPI>::NonCopyable()
 .text._ZN6CThunkIN4mbed3SPIEEC2EPS1_
                0x00003454       0x30 mbed\drivers\SPI.o
                0x00003454                CThunk<mbed::SPI>::CThunk(mbed::SPI*)
                0x00003454                CThunk<mbed::SPI>::CThunk(mbed::SPI*)
 .text._ZN12SingletonPtrI13PlatformMutexEptEv
                0x00003484       0x18 mbed\drivers\SPI.o
                0x00003484                SingletonPtr<PlatformMutex>::operator->()
 .text._ZN6CThunkIN4mbed3SPIEE4initEPS1_MS1_FvPvES4_
                0x0000349c       0x64 mbed\drivers\SPI.o
                0x0000349c                CThunk<mbed::SPI>::init(mbed::SPI*, void (mbed::SPI::*)(void*), void*)
 .text._ZN12SingletonPtrI13PlatformMutexE3getEv
                0x00003500       0x6c mbed\drivers\SPI.o
                0x00003500                SingletonPtr<PlatformMutex>::get()
 .text._ZN6CThunkIN4mbed3SPIEE10trampolineEPS1_PvPMS1_FvS4_E
                0x0000356c       0x64 mbed\drivers\SPI.o
                0x0000356c                CThunk<mbed::SPI>::trampoline(mbed::SPI*, void*, void (mbed::SPI::**)(void*))
 .text._ZN4mbed11InterruptInC2E7PinName
                0x000035d0       0x78 mbed\drivers\InterruptIn.o
                0x000035d0                mbed::InterruptIn::InterruptIn(PinName)
                0x000035d0                mbed::InterruptIn::InterruptIn(PinName)
 .text._ZN4mbed11InterruptInD2Ev
                0x00003648       0x4c mbed\drivers\InterruptIn.o
                0x00003648                mbed::InterruptIn::~InterruptIn()
                0x00003648                mbed::InterruptIn::~InterruptIn()
 .text._ZN4mbed11InterruptInD0Ev
                0x00003694       0x20 mbed\drivers\InterruptIn.o
                0x00003694                mbed::InterruptIn::~InterruptIn()
 .text._ZN4mbed11InterruptIn4readEv
                0x000036b4       0x1c mbed\drivers\InterruptIn.o
                0x000036b4                mbed::InterruptIn::read()
 .text._ZN4mbed11InterruptIn4modeE7PinMode
                0x000036d0       0x28 mbed\drivers\InterruptIn.o
                0x000036d0                mbed::InterruptIn::mode(PinMode)
 .text._ZN4mbed11InterruptIn4riseENS_8CallbackIFvvEEE
                0x000036f8       0x78 mbed\drivers\InterruptIn.o
                0x000036f8                mbed::InterruptIn::rise(mbed::Callback<void ()>)
 .text._ZN4mbed11InterruptIn4fallENS_8CallbackIFvvEEE
                0x00003770       0x78 mbed\drivers\InterruptIn.o
                0x00003770                mbed::InterruptIn::fall(mbed::Callback<void ()>)
 .text._ZN4mbed11InterruptIn12_irq_handlerEm14gpio_irq_event
                0x000037e8       0x5c mbed\drivers\InterruptIn.o
                0x000037e8                mbed::InterruptIn::_irq_handler(unsigned long, gpio_irq_event)
 .text._ZN4mbed11InterruptIncviEv
                0x00003844       0x18 mbed\drivers\InterruptIn.o
                0x00003844                mbed::InterruptIn::operator int()
 .text._ZN4mbed11NonCopyableINS_11InterruptInEEC2Ev
                0x0000385c       0x18 mbed\drivers\InterruptIn.o
                0x0000385c                mbed::NonCopyable<mbed::InterruptIn>::NonCopyable()
                0x0000385c                mbed::NonCopyable<mbed::InterruptIn>::NonCopyable()
 .text._ZN4mbed11NonCopyableINS_11InterruptInEED2Ev
                0x00003874       0x18 mbed\drivers\InterruptIn.o
                0x00003874                mbed::NonCopyable<mbed::InterruptIn>::~NonCopyable()
                0x00003874                mbed::NonCopyable<mbed::InterruptIn>::~NonCopyable()
 .text._ZN4mbed3I2CD2Ev
                0x0000388c       0x30 mbed\drivers\I2C.o
                0x0000388c                mbed::I2C::~I2C()
                0x0000388c                mbed::I2C::~I2C()
 .text._ZN4mbed3I2CD0Ev
                0x000038bc       0x20 mbed\drivers\I2C.o
                0x000038bc                mbed::I2C::~I2C()
 .text._ZN4mbed3I2CC2E7PinNameS1_
                0x000038dc       0x54 mbed\drivers\I2C.o
                0x000038dc                mbed::I2C::I2C(PinName, PinName)
                0x000038dc                mbed::I2C::I2C(PinName, PinName)
 .text._ZN4mbed3I2C9frequencyEi
                0x00003930       0x48 mbed\drivers\I2C.o
                0x00003930                mbed::I2C::frequency(int)
 .text._ZN4mbed3I2C6aquireEv
                0x00003978       0x48 mbed\drivers\I2C.o
                0x00003978                mbed::I2C::aquire()
 .text._ZN4mbed3I2C5writeEiPKcib
                0x000039c0       0x68 mbed\drivers\I2C.o
                0x000039c0                mbed::I2C::write(int, char const*, int, bool)
 .text._ZN4mbed3I2C4readEiPcib
                0x00003a28       0x68 mbed\drivers\I2C.o
                0x00003a28                mbed::I2C::read(int, char*, int, bool)
 .text._ZN4mbed3I2C4lockEv
                0x00003a90       0x20 mbed\drivers\I2C.o
                0x00003a90                mbed::I2C::lock()
 .text._ZN4mbed3I2C6unlockEv
                0x00003ab0       0x20 mbed\drivers\I2C.o
                0x00003ab0                mbed::I2C::unlock()
 .text._ZN4mbed11NonCopyableINS_3I2CEED2Ev
                0x00003ad0       0x18 mbed\drivers\I2C.o
                0x00003ad0                mbed::NonCopyable<mbed::I2C>::~NonCopyable()
                0x00003ad0                mbed::NonCopyable<mbed::I2C>::~NonCopyable()
 .text._ZN4mbed11NonCopyableINS_3I2CEEC2Ev
                0x00003ae8       0x18 mbed\drivers\I2C.o
                0x00003ae8                mbed::NonCopyable<mbed::I2C>::NonCopyable()
                0x00003ae8                mbed::NonCopyable<mbed::I2C>::NonCopyable()
 .text._ZN4mbed10DigitalOut5writeEi
                0x00003b00       0x1c mbed\drivers\BusOut.o
                0x00003b00                mbed::DigitalOut::write(int)
 .text.main     0x00003b1c      0x1e8 main.o
                0x00003b1c                main
 .text._ZN12SDFileSystemD2Ev
                0x00003d04       0x60 main.o
                0x00003d04                SDFileSystem::~SDFileSystem()
                0x00003d04                SDFileSystem::~SDFileSystem()
 .text._ZN12SDFileSystemD1Ev
                0x00003d64        0x8 main.o
                0x00003d64                non-virtual thunk to SDFileSystem::~SDFileSystem()
 .text._ZN12SDFileSystemD0Ev
                0x00003d6c       0x28 main.o
                0x00003d6c                SDFileSystem::~SDFileSystem()
                0x00003d8c                non-virtual thunk to SDFileSystem::~SDFileSystem()
 .text._Z41__static_initialization_and_destruction_0ii
                0x00003d94       0xd4 main.o
 .text._GLOBAL__sub_I_sd
                0x00003e68       0x10 main.o
 .text._ZN4mbed10DigitalOutC2E7PinNamei
                0x00003e78       0x28 SDFileSystem\SDFileSystem.o
                0x00003e78                mbed::DigitalOut::DigitalOut(PinName, int)
                0x00003e78                mbed::DigitalOut::DigitalOut(PinName, int)
 .text._ZN4mbed10DigitalOutaSEi
                0x00003ea0       0x1c SDFileSystem\SDFileSystem.o
                0x00003ea0                mbed::DigitalOut::operator=(int)
 .text._ZN12SDFileSystemC2E7PinNameS0_S0_S0_PKcS0_NS_10SwitchTypeEi
                0x00003ebc      0x1c0 SDFileSystem\SDFileSystem.o
                0x00003ebc                SDFileSystem::SDFileSystem(PinName, PinName, PinName, PinName, char const*, PinName, SDFileSystem::SwitchType, int)
                0x00003ebc                SDFileSystem::SDFileSystem(PinName, PinName, PinName, PinName, char const*, PinName, SDFileSystem::SwitchType, int)
 .text._ZN12SDFileSystem7unmountEv
                0x0000407c       0x34 SDFileSystem\SDFileSystem.o
                0x0000407c                SDFileSystem::unmount()
 .text._ZN12SDFileSystem15disk_initializeEv
                0x000040b0      0x4c0 SDFileSystem\SDFileSystem.o
                0x000040b0                SDFileSystem::disk_initialize()
 .text._ZN12SDFileSystem11disk_statusEv
                0x00004570       0x1c SDFileSystem\SDFileSystem.o
                0x00004570                SDFileSystem::disk_status()
 .text._ZN12SDFileSystem9disk_readEPhmm
                0x0000458c       0x60 SDFileSystem\SDFileSystem.o
                0x0000458c                SDFileSystem::disk_read(unsigned char*, unsigned long, unsigned long)
 .text._ZN12SDFileSystem10disk_writeEPKhmm
                0x000045ec       0x70 SDFileSystem\SDFileSystem.o
                0x000045ec                SDFileSystem::disk_write(unsigned char const*, unsigned long, unsigned long)
 .text._ZN12SDFileSystem9disk_syncEv
                0x0000465c       0x28 SDFileSystem\SDFileSystem.o
                0x0000465c                SDFileSystem::disk_sync()
 .text._ZN12SDFileSystem12disk_sectorsEv
                0x00004684      0x100 SDFileSystem\SDFileSystem.o
                0x00004684                SDFileSystem::disk_sectors()
 .text._ZN12SDFileSystem13onCardRemovalEv
                0x00004784       0x14 SDFileSystem\SDFileSystem.o
                0x00004784                SDFileSystem::onCardRemoval()
 .text._ZN12SDFileSystem11checkSocketEv
                0x00004798       0xa0 SDFileSystem\SDFileSystem.o
                0x00004798                SDFileSystem::checkSocket()
 .text._ZN12SDFileSystem9waitReadyEi
                0x00004838       0x78 SDFileSystem\SDFileSystem.o
                0x00004838                SDFileSystem::waitReady(int)
 .text._ZN12SDFileSystem6selectEv
                0x000048b0       0x48 SDFileSystem\SDFileSystem.o
                0x000048b0                SDFileSystem::select()
 .text._ZN12SDFileSystem8deselectEv
                0x000048f8       0x2c SDFileSystem\SDFileSystem.o
                0x000048f8                SDFileSystem::deselect()
 .text._ZN12SDFileSystem18commandTransactionEcjPj
                0x00004924       0x48 SDFileSystem\SDFileSystem.o
                0x00004924                SDFileSystem::commandTransaction(char, unsigned int, unsigned int*)
 .text._ZN12SDFileSystem12writeCommandEcjPj
                0x0000496c      0x214 SDFileSystem\SDFileSystem.o
                0x0000496c                SDFileSystem::writeCommand(char, unsigned int, unsigned int*)
 .text._ZN12SDFileSystem8readDataEPci
                0x00004b80      0x17c SDFileSystem\SDFileSystem.o
                0x00004b80                SDFileSystem::readData(char*, int)
 .text._ZN12SDFileSystem9writeDataEPKcc
                0x00004cfc      0x138 SDFileSystem\SDFileSystem.o
                0x00004cfc                SDFileSystem::writeData(char const*, char)
 .text._ZN12SDFileSystem9readBlockEPcj
                0x00004e34       0x94 SDFileSystem\SDFileSystem.o
                0x00004e34                SDFileSystem::readBlock(char*, unsigned int)
 .text._ZN12SDFileSystem10readBlocksEPcjj
                0x00004ec8       0xe4 SDFileSystem\SDFileSystem.o
                0x00004ec8                SDFileSystem::readBlocks(char*, unsigned int, unsigned int)
 .text._ZN12SDFileSystem10writeBlockEPKcj
                0x00004fac       0xcc SDFileSystem\SDFileSystem.o
                0x00004fac                SDFileSystem::writeBlock(char const*, unsigned int)
 .text._ZN12SDFileSystem11writeBlocksEPKcjj
                0x00005078      0x210 SDFileSystem\SDFileSystem.o
                0x00005078                SDFileSystem::writeBlocks(char const*, unsigned int, unsigned int)
 .text._ZN12SDFileSystem19enableHighSpeedModeEv
                0x00005288       0x98 SDFileSystem\SDFileSystem.o
                0x00005288                SDFileSystem::enableHighSpeedMode()
 .text._ZN4mbed11InterruptIn4fallI12SDFileSystemMS2_FvvEEEvPT_T0_
                0x00005320       0x44 SDFileSystem\SDFileSystem.o
                0x00005320                void mbed::InterruptIn::fall<SDFileSystem, void (SDFileSystem::*)()>(SDFileSystem*, void (SDFileSystem::*)())
 .text._ZN4mbed11InterruptIn4riseI12SDFileSystemMS2_FvvEEEvPT_T0_
                0x00005364       0x44 SDFileSystem\SDFileSystem.o
                0x00005364                void mbed::InterruptIn::rise<SDFileSystem, void (SDFileSystem::*)()>(SDFileSystem*, void (SDFileSystem::*)())
 .text._ZN4mbed8callbackI12SDFileSystemS1_vEENS_8CallbackIFT1_vEEEPT0_MT_FS3_vE
                0x000053a8       0x24 SDFileSystem\SDFileSystem.o
                0x000053a8                mbed::Callback<void ()> mbed::callback<SDFileSystem, SDFileSystem, void>(SDFileSystem*, void (SDFileSystem::*)())
 .text._ZN4mbed8CallbackIFvvEEC2I12SDFileSystemS4_EEPT0_MT_FvvE
                0x000053cc       0x38 SDFileSystem\SDFileSystem.o
                0x000053cc                mbed::Callback<void ()>::Callback<SDFileSystem, SDFileSystem>(SDFileSystem*, void (SDFileSystem::*)())
                0x000053cc                mbed::Callback<void ()>::Callback<SDFileSystem, SDFileSystem>(SDFileSystem*, void (SDFileSystem::*)())
 .text._ZN4mbed8CallbackIFvvEE14method_contextI12SDFileSystemMS4_FvvEEC2EPS4_S6_
                0x00005404       0x30 SDFileSystem\SDFileSystem.o
                0x00005404                mbed::Callback<void ()>::method_context<SDFileSystem, void (SDFileSystem::*)()>::method_context(SDFileSystem*, void (SDFileSystem::*)())
                0x00005404                mbed::Callback<void ()>::method_context<SDFileSystem, void (SDFileSystem::*)()>::method_context(SDFileSystem*, void (SDFileSystem::*)())
 .text._ZN4mbed8CallbackIFvvEE8generateINS2_14method_contextI12SDFileSystemMS5_FvvEEEEEvRKT_
                0x00005434       0x3c SDFileSystem\SDFileSystem.o
                0x00005434                void mbed::Callback<void ()>::generate<mbed::Callback<void ()>::method_context<SDFileSystem, void (SDFileSystem::*)()> >(mbed::Callback<void ()>::method_context<SDFileSystem, void (SDFileSystem::*)()> const&)
 .text._ZN4mbed8CallbackIFvvEE13function_callINS2_14method_contextI12SDFileSystemMS5_FvvEEEEEvPKv
                0x00005470       0x14 SDFileSystem\SDFileSystem.o
                0x00005470                void mbed::Callback<void ()>::function_call<mbed::Callback<void ()>::method_context<SDFileSystem, void (SDFileSystem::*)()> >(void const*)
 .text._ZN4mbed8CallbackIFvvEE13function_moveINS2_14method_contextI12SDFileSystemMS5_FvvEEEEEvPvPKv
                0x00005484       0x28 SDFileSystem\SDFileSystem.o
                0x00005484                void mbed::Callback<void ()>::function_move<mbed::Callback<void ()>::method_context<SDFileSystem, void (SDFileSystem::*)()> >(void*, void const*)
 .text._ZN4mbed8CallbackIFvvEE13function_dtorINS2_14method_contextI12SDFileSystemMS5_FvvEEEEEvPv
                0x000054ac       0x14 SDFileSystem\SDFileSystem.o
                0x000054ac                void mbed::Callback<void ()>::function_dtor<mbed::Callback<void ()>::method_context<SDFileSystem, void (SDFileSystem::*)()> >(void*)
 .text._ZNK4mbed8CallbackIFvvEE14method_contextI12SDFileSystemMS4_FvvEEclEv
                0x000054c0       0x48 SDFileSystem\SDFileSystem.o
                0x000054c0                mbed::Callback<void ()>::method_context<SDFileSystem, void (SDFileSystem::*)()>::operator()() const
 .text._ZN5SDCRC4crc7EPKci
                0x00005508       0x48 SDFileSystem\SDCRC.o
                0x00005508                SDCRC::crc7(char const*, int)
 .text._ZN5SDCRC5crc16EPKci
                0x00005550       0x58 SDFileSystem\SDCRC.o
                0x00005550                SDCRC::crc16(char const*, int)
 .text.debug_if
                0x000055a8       0x38 SDFileSystem\FATFileSystem.o
 .text._ZN4mbed16FileSystemHandleC2Ev
                0x000055e0       0x24 SDFileSystem\FATFileSystem.o
                0x000055e0                mbed::FileSystemHandle::FileSystemHandle()
                0x000055e0                mbed::FileSystemHandle::FileSystemHandle()
 .text._ZN4mbed14FileSystemLikeC2EPKc
                0x00005604       0x44 SDFileSystem\FATFileSystem.o
                0x00005604                mbed::FileSystemLike::FileSystemLike(char const*)
                0x00005604                mbed::FileSystemLike::FileSystemLike(char const*)
 .text._ZN4mbed14FileSystemLikeD2Ev
                0x00005648       0x4c SDFileSystem\FATFileSystem.o
                0x00005648                mbed::FileSystemLike::~FileSystemLike()
                0x00005648                mbed::FileSystemLike::~FileSystemLike()
 .text._ZN4mbed14FileSystemLikeD1Ev
                0x00005694        0x8 SDFileSystem\FATFileSystem.o
                0x00005694                non-virtual thunk to mbed::FileSystemLike::~FileSystemLike()
 .text._ZN4mbed14FileSystemLikeD0Ev
                0x0000569c       0x28 SDFileSystem\FATFileSystem.o
                0x0000569c                mbed::FileSystemLike::~FileSystemLike()
                0x000056bc                non-virtual thunk to mbed::FileSystemLike::~FileSystemLike()
 .text._ZN13FATFileSystem15disk_initializeEv
                0x000056c4       0x18 SDFileSystem\FATFileSystem.o
                0x000056c4                FATFileSystem::disk_initialize()
 .text._ZN13FATFileSystem11disk_statusEv
                0x000056dc       0x18 SDFileSystem\FATFileSystem.o
                0x000056dc                FATFileSystem::disk_status()
 .text._ZN13FATFileSystem9disk_syncEv
                0x000056f4       0x18 SDFileSystem\FATFileSystem.o
                0x000056f4                FATFileSystem::disk_sync()
 .text.get_fattime
                0x0000570c       0x58 SDFileSystem\FATFileSystem.o
                0x0000570c                get_fattime
 .text._ZN13FATFileSystemC2EPKc
                0x00005764       0xc4 SDFileSystem\FATFileSystem.o
                0x00005764                FATFileSystem::FATFileSystem(char const*)
                0x00005764                FATFileSystem::FATFileSystem(char const*)
 .text._ZN13FATFileSystemD2Ev
                0x00005828       0x78 SDFileSystem\FATFileSystem.o
                0x00005828                FATFileSystem::~FATFileSystem()
                0x00005828                FATFileSystem::~FATFileSystem()
 .text._ZThn4_N13FATFileSystemD1Ev
                0x000058a0        0x8 SDFileSystem\FATFileSystem.o
                0x000058a0                non-virtual thunk to FATFileSystem::~FATFileSystem()
 .text._ZN13FATFileSystemD0Ev
                0x000058a8       0x20 SDFileSystem\FATFileSystem.o
                0x000058a8                FATFileSystem::~FATFileSystem()
 .text._ZThn4_N13FATFileSystemD0Ev
                0x000058c8        0x8 SDFileSystem\FATFileSystem.o
                0x000058c8                non-virtual thunk to FATFileSystem::~FATFileSystem()
 .text._ZN13FATFileSystem4openEPKci
                0x000058d0      0x170 SDFileSystem\FATFileSystem.o
                0x000058d0                FATFileSystem::open(char const*, int)
 .text._ZN13FATFileSystem4openEPPN4mbed10FileHandleEPKci
                0x00005a40       0x3c SDFileSystem\FATFileSystem.o
                0x00005a40                FATFileSystem::open(mbed::FileHandle**, char const*, int)
 .text._ZN13FATFileSystem6removeEPKc
                0x00005a7c       0x3c SDFileSystem\FATFileSystem.o
                0x00005a7c                FATFileSystem::remove(char const*)
 .text._ZN13FATFileSystem6renameEPKcS1_
                0x00005ab8       0x40 SDFileSystem\FATFileSystem.o
                0x00005ab8                FATFileSystem::rename(char const*, char const*)
 .text._ZN13FATFileSystem6formatEv
                0x00005af8       0x44 SDFileSystem\FATFileSystem.o
                0x00005af8                FATFileSystem::format()
 .text._ZN13FATFileSystem7opendirEPKc
                0x00005b3c       0x48 SDFileSystem\FATFileSystem.o
                0x00005b3c                FATFileSystem::opendir(char const*)
 .text._ZN13FATFileSystem4openEPPN4mbed9DirHandleEPKc
                0x00005b84       0x38 SDFileSystem\FATFileSystem.o
                0x00005b84                FATFileSystem::open(mbed::DirHandle**, char const*)
 .text._ZN13FATFileSystem5mkdirEPKcj
                0x00005bbc       0x2c SDFileSystem\FATFileSystem.o
                0x00005bbc                FATFileSystem::mkdir(char const*, unsigned int)
 .text._ZN13FATFileSystem5mountEv
                0x00005be8       0x38 SDFileSystem\FATFileSystem.o
                0x00005be8                FATFileSystem::mount()
 .text._ZN13FATFileSystem7unmountEv
                0x00005c20       0x54 SDFileSystem\FATFileSystem.o
                0x00005c20                FATFileSystem::unmount()
 .text._ZN4mbed11NonCopyableINS_16FileSystemHandleEEC2Ev
                0x00005c74       0x18 SDFileSystem\FATFileSystem.o
                0x00005c74                mbed::NonCopyable<mbed::FileSystemHandle>::NonCopyable()
                0x00005c74                mbed::NonCopyable<mbed::FileSystemHandle>::NonCopyable()
 .text._ZN4mbed11NonCopyableINS_14FileSystemLikeEEC2Ev
                0x00005c8c       0x18 SDFileSystem\FATFileSystem.o
                0x00005c8c                mbed::NonCopyable<mbed::FileSystemLike>::NonCopyable()
                0x00005c8c                mbed::NonCopyable<mbed::FileSystemLike>::NonCopyable()
 .text._ZN4mbed11NonCopyableINS_14FileSystemLikeEED2Ev
                0x00005ca4       0x18 SDFileSystem\FATFileSystem.o
                0x00005ca4                mbed::NonCopyable<mbed::FileSystemLike>::~NonCopyable()
                0x00005ca4                mbed::NonCopyable<mbed::FileSystemLike>::~NonCopyable()
 .text.debug_if
                0x00005cbc       0x38 SDFileSystem\FATFileHandle.o
 .text._ZN4mbed10FileHandle4syncEv
                0x00005cf4       0x18 SDFileSystem\FATFileHandle.o
                0x00005cf4                mbed::FileHandle::sync()
 .text._ZN13FATFileHandle4seekEli
                0x00005d0c       0x28 SDFileSystem\FATFileHandle.o
                0x00005d0c                FATFileHandle::seek(long, int)
 .text._ZN13FATFileHandle4sizeEv
                0x00005d34       0x20 SDFileSystem\FATFileHandle.o
                0x00005d34                FATFileHandle::size()
 .text._ZN13FATFileHandleC2E3FIL
                0x00005d54       0x4c SDFileSystem\FATFileHandle.o
                0x00005d54                FATFileHandle::FATFileHandle(FIL)
                0x00005d54                FATFileHandle::FATFileHandle(FIL)
 .text._ZN13FATFileHandle5closeEv
                0x00005da0       0x34 SDFileSystem\FATFileHandle.o
                0x00005da0                FATFileHandle::close()
 .text._ZN13FATFileHandle5writeEPKvj
                0x00005dd4       0x48 SDFileSystem\FATFileHandle.o
                0x00005dd4                FATFileHandle::write(void const*, unsigned int)
 .text._ZN13FATFileHandle4readEPvj
                0x00005e1c       0x58 SDFileSystem\FATFileHandle.o
                0x00005e1c                FATFileHandle::read(void*, unsigned int)
 .text._ZN13FATFileHandle6isattyEv
                0x00005e74       0x18 SDFileSystem\FATFileHandle.o
                0x00005e74                FATFileHandle::isatty()
 .text._ZN13FATFileHandle5lseekEli
                0x00005e8c       0x7c SDFileSystem\FATFileHandle.o
                0x00005e8c                FATFileHandle::lseek(long, int)
 .text._ZN13FATFileHandle5fsyncEv
                0x00005f08       0x3c SDFileSystem\FATFileHandle.o
                0x00005f08                FATFileHandle::fsync()
 .text._ZN13FATFileHandle4flenEv
                0x00005f44       0x18 SDFileSystem\FATFileHandle.o
                0x00005f44                FATFileHandle::flen()
 .text._ZN13FATFileHandleD2Ev
                0x00005f5c       0x30 SDFileSystem\FATFileHandle.o
                0x00005f5c                FATFileHandle::~FATFileHandle()
                0x00005f5c                FATFileHandle::~FATFileHandle()
 .text._ZN13FATFileHandleD0Ev
                0x00005f8c       0x20 SDFileSystem\FATFileHandle.o
                0x00005f8c                FATFileHandle::~FATFileHandle()
 .text._ZN4mbed9DirHandleD2Ev
                0x00005fac       0x30 SDFileSystem\FATDirHandle.o
                0x00005fac                mbed::DirHandle::~DirHandle()
                0x00005fac                mbed::DirHandle::~DirHandle()
 .text._ZN4mbed9DirHandleD0Ev
                0x00005fdc       0x20 SDFileSystem\FATDirHandle.o
                0x00005fdc                mbed::DirHandle::~DirHandle()
 .text._ZN4mbed9DirHandle4sizeEv
                0x00005ffc       0x74 SDFileSystem\FATDirHandle.o
                0x00005ffc                mbed::DirHandle::size()
 .text._ZN4mbed9DirHandle8closedirEv
                0x00006070       0x20 SDFileSystem\FATDirHandle.o
                0x00006070                mbed::DirHandle::closedir()
 .text._ZN4mbed9DirHandle7readdirEv
                0x00006090       0x30 SDFileSystem\FATDirHandle.o
                0x00006090                mbed::DirHandle::readdir()
 .text._ZN4mbed9DirHandle9rewinddirEv
                0x000060c0       0x1c SDFileSystem\FATDirHandle.o
                0x000060c0                mbed::DirHandle::rewinddir()
 .text._ZN4mbed9DirHandle7telldirEv
                0x000060dc       0x20 SDFileSystem\FATDirHandle.o
                0x000060dc                mbed::DirHandle::telldir()
 .text._ZN4mbed9DirHandle7seekdirEl
                0x000060fc       0x20 SDFileSystem\FATDirHandle.o
                0x000060fc                mbed::DirHandle::seekdir(long)
 .text._ZN12FATDirHandle5closeEv
                0x0000611c       0x20 SDFileSystem\FATDirHandle.o
                0x0000611c                FATDirHandle::close()
 .text._ZN12FATDirHandle4seekEl
                0x0000613c       0x20 SDFileSystem\FATDirHandle.o
                0x0000613c                FATDirHandle::seek(long)
 .text._ZN12FATDirHandle4tellEv
                0x0000615c       0x20 SDFileSystem\FATDirHandle.o
                0x0000615c                FATDirHandle::tell()
 .text._ZN12FATDirHandle6rewindEv
                0x0000617c       0x1c SDFileSystem\FATDirHandle.o
                0x0000617c                FATDirHandle::rewind()
 .text._ZN4mbed9DirHandleC2Ev
                0x00006198       0x24 SDFileSystem\FATDirHandle.o
                0x00006198                mbed::DirHandle::DirHandle()
                0x00006198                mbed::DirHandle::DirHandle()
 .text._ZN12FATDirHandleC2ERK9FATFS_DIR
                0x000061bc       0x3c SDFileSystem\FATDirHandle.o
                0x000061bc                FATDirHandle::FATDirHandle(FATFS_DIR const&)
                0x000061bc                FATDirHandle::FATDirHandle(FATFS_DIR const&)
 .text._ZN12FATDirHandle8closedirEv
                0x000061f8       0x34 SDFileSystem\FATDirHandle.o
                0x000061f8                FATDirHandle::closedir()
 .text._ZN12FATDirHandle7readdirEv
                0x0000622c       0x68 SDFileSystem\FATDirHandle.o
                0x0000622c                FATDirHandle::readdir()
 .text._ZN12FATDirHandle9rewinddirEv
                0x00006294       0x18 SDFileSystem\FATDirHandle.o
                0x00006294                FATDirHandle::rewinddir()
 .text._ZN12FATDirHandle7telldirEv
                0x000062ac       0x18 SDFileSystem\FATDirHandle.o
                0x000062ac                FATDirHandle::telldir()
 .text._ZN12FATDirHandle7seekdirEl
                0x000062c4       0x1c SDFileSystem\FATDirHandle.o
                0x000062c4                FATDirHandle::seekdir(long)
 .text._ZN12FATDirHandle4readEP6dirent
                0x000062e0       0x38 SDFileSystem\FATDirHandle.o
                0x000062e0                FATDirHandle::read(dirent*)
 .text._ZN4mbed11NonCopyableINS_9DirHandleEED2Ev
                0x00006318       0x18 SDFileSystem\FATDirHandle.o
                0x00006318                mbed::NonCopyable<mbed::DirHandle>::~NonCopyable()
                0x00006318                mbed::NonCopyable<mbed::DirHandle>::~NonCopyable()
 .text._ZN4mbed11NonCopyableINS_9DirHandleEEC2Ev
                0x00006330       0x18 SDFileSystem\FATDirHandle.o
                0x00006330                mbed::NonCopyable<mbed::DirHandle>::NonCopyable()
                0x00006330                mbed::NonCopyable<mbed::DirHandle>::NonCopyable()
 .text._ZN12FATDirHandleD2Ev
                0x00006348       0x30 SDFileSystem\FATDirHandle.o
                0x00006348                FATDirHandle::~FATDirHandle()
                0x00006348                FATDirHandle::~FATDirHandle()
 .text._ZN12FATDirHandleD0Ev
                0x00006378       0x20 SDFileSystem\FATDirHandle.o
                0x00006378                FATDirHandle::~FATDirHandle()
 .text._ZL7mem_cpyPvPKvj
                0x00006398       0x44 SDFileSystem\ChaN\ff.o
 .text._ZL7mem_setPvij
                0x000063dc       0x3c SDFileSystem\ChaN\ff.o
 .text._ZL7mem_cmpPKvS0_j
                0x00006418       0x58 SDFileSystem\ChaN\ff.o
 .text._ZL7chk_chrPKci
                0x00006470       0x38 SDFileSystem\ChaN\ff.o
 .text._ZL11sync_windowP5FATFS
                0x000064a8       0x98 SDFileSystem\ChaN\ff.o
 .text._ZL11move_windowP5FATFSm
                0x00006540       0x68 SDFileSystem\ChaN\ff.o
 .text._ZL7sync_fsP5FATFS
                0x000065a8      0x154 SDFileSystem\ChaN\ff.o
 .text._Z10clust2sectP5FATFSm
                0x000066fc       0x3c SDFileSystem\ChaN\ff.o
                0x000066fc                clust2sect(FATFS*, unsigned long)
 .text._Z7get_fatP5FATFSm
                0x00006738      0x18c SDFileSystem\ChaN\ff.o
                0x00006738                get_fat(FATFS*, unsigned long)
 .text._Z7put_fatP5FATFSmm
                0x000068c4      0x1fc SDFileSystem\ChaN\ff.o
                0x000068c4                put_fat(FATFS*, unsigned long, unsigned long)
 .text._ZL12remove_chainP5FATFSm
                0x00006ac0       0xa4 SDFileSystem\ChaN\ff.o
 .text._ZL12create_chainP5FATFSm
                0x00006b64      0x12c SDFileSystem\ChaN\ff.o
 .text._ZL7dir_sdiP9FATFS_DIRj
                0x00006c90      0x100 SDFileSystem\ChaN\ff.o
 .text._ZL8dir_nextP9FATFS_DIRi
                0x00006d90      0x1bc SDFileSystem\ChaN\ff.o
 .text._ZL9dir_allocP9FATFS_DIRj
                0x00006f4c       0x98 SDFileSystem\ChaN\ff.o
 .text._ZL8ld_clustP5FATFSPKh
                0x00006fe4       0x58 SDFileSystem\ChaN\ff.o
 .text._ZL8st_clustPhm
                0x0000703c       0x48 SDFileSystem\ChaN\ff.o
 .text._ZL7cmp_lfnPtPh
                0x00007084      0x100 SDFileSystem\ChaN\ff.o
 .text._ZL8pick_lfnPtPh
                0x00007184       0xe4 SDFileSystem\ChaN\ff.o
 .text._ZL7fit_lfnPKtPhhh
                0x00007268       0xe8 SDFileSystem\ChaN\ff.o
 .text._ZL11gen_numnamePhPKhPKtj
                0x00007350      0x11c SDFileSystem\ChaN\ff.o
 .text._ZL7sum_sfnPKh
                0x0000746c       0x50 SDFileSystem\ChaN\ff.o
 .text._ZL8dir_findP9FATFS_DIR
                0x000074bc      0x174 SDFileSystem\ChaN\ff.o
 .text._ZL8dir_readP9FATFS_DIRi
                0x00007630      0x13c SDFileSystem\ChaN\ff.o
 .text._ZL12dir_registerP9FATFS_DIR
                0x0000776c      0x208 SDFileSystem\ChaN\ff.o
 .text._ZL10dir_removeP9FATFS_DIR
                0x00007974       0xa4 SDFileSystem\ChaN\ff.o
 .text._ZL12get_fileinfoP9FATFS_DIRP7FILINFO
                0x00007a18      0x198 SDFileSystem\ChaN\ff.o
 .text._ZL11create_nameP9FATFS_DIRPPKc
                0x00007bb0      0x374 SDFileSystem\ChaN\ff.o
 .text._ZL11follow_pathP9FATFS_DIRPKc
                0x00007f24       0xcc SDFileSystem\ChaN\ff.o
 .text._ZL12get_ldnumberPPKc
                0x00007ff0       0x88 SDFileSystem\ChaN\ff.o
 .text._ZL8check_fsP5FATFSm
                0x00008078       0xcc SDFileSystem\ChaN\ff.o
 .text._ZL11find_volumePP5FATFSPPKch
                0x00008144      0x568 SDFileSystem\ChaN\ff.o
 .text._ZL8validatePv
                0x000086ac       0x60 SDFileSystem\ChaN\ff.o
 .text.f_mount  0x0000870c       0x88 SDFileSystem\ChaN\ff.o
                0x0000870c                f_mount
 .text.f_open   0x00008794      0x2c0 SDFileSystem\ChaN\ff.o
                0x00008794                f_open
 .text.f_read   0x00008a54      0x298 SDFileSystem\ChaN\ff.o
                0x00008a54                f_read
 .text.f_write  0x00008cec      0x310 SDFileSystem\ChaN\ff.o
                0x00008cec                f_write
 .text.f_sync   0x00008ffc      0x15c SDFileSystem\ChaN\ff.o
                0x00008ffc                f_sync
 .text.f_close  0x00009158       0x38 SDFileSystem\ChaN\ff.o
                0x00009158                f_close
 .text.f_lseek  0x00009190      0x284 SDFileSystem\ChaN\ff.o
                0x00009190                f_lseek
 .text.f_opendir
                0x00009414       0xc8 SDFileSystem\ChaN\ff.o
                0x00009414                f_opendir
 .text.f_closedir
                0x000094dc       0x28 SDFileSystem\ChaN\ff.o
                0x000094dc                f_closedir
 .text.f_readdir
                0x00009504       0x90 SDFileSystem\ChaN\ff.o
                0x00009504                f_readdir
 .text.f_unlink
                0x00009594      0x15c SDFileSystem\ChaN\ff.o
                0x00009594                f_unlink
 .text.f_mkdir  0x000096f0      0x24c SDFileSystem\ChaN\ff.o
                0x000096f0                f_mkdir
 .text.f_rename
                0x0000993c      0x1c8 SDFileSystem\ChaN\ff.o
                0x0000993c                f_rename
 .text.f_mkfs   0x00009b04      0x994 SDFileSystem\ChaN\ff.o
                0x00009b04                f_mkfs
 .text.debug_if
                0x0000a498       0x38 SDFileSystem\ChaN\diskio.o
 .text.disk_status
                0x0000a4d0       0x44 SDFileSystem\ChaN\diskio.o
                0x0000a4d0                disk_status
 .text.disk_initialize
                0x0000a514       0x44 SDFileSystem\ChaN\diskio.o
                0x0000a514                disk_initialize
 .text.disk_read
                0x0000a558       0x68 SDFileSystem\ChaN\diskio.o
                0x0000a558                disk_read
 .text.disk_write
                0x0000a5c0       0x68 SDFileSystem\ChaN\diskio.o
                0x0000a5c0                disk_write
 .text.disk_ioctl
                0x0000a628       0xc8 SDFileSystem\ChaN\diskio.o
                0x0000a628                disk_ioctl
 .text.ff_convert
                0x0000a6f0       0x78 SDFileSystem\ChaN\ccsbcs.o
                0x0000a6f0                ff_convert
 .text.ff_wtoupper
                0x0000a768       0xa4 SDFileSystem\ChaN\ccsbcs.o
                0x0000a768                ff_wtoupper
 .text._ZN12MotionSensorC2Ev
                0x0000a80c       0x20 FXOS8700Q\FXOS8700Q.o
                0x0000a80c                MotionSensor::MotionSensor()
                0x0000a80c                MotionSensor::MotionSensor()
 .text._ZN13FXOS8700Q_accC2E7PinNameS0_i
                0x0000a82c       0xbc FXOS8700Q\FXOS8700Q.o
                0x0000a82c                FXOS8700Q_acc::FXOS8700Q_acc(PinName, PinName, int)
                0x0000a82c                FXOS8700Q_acc::FXOS8700Q_acc(PinName, PinName, int)
 .text._ZN13FXOS8700Q_accD2Ev
                0x0000a8e8       0x28 FXOS8700Q\FXOS8700Q.o
                0x0000a8e8                FXOS8700Q_acc::~FXOS8700Q_acc()
                0x0000a8e8                FXOS8700Q_acc::~FXOS8700Q_acc()
 .text._ZN13FXOS8700Q_acc6enableEv
                0x0000a910       0x3c FXOS8700Q\FXOS8700Q.o
                0x0000a910                FXOS8700Q_acc::enable()
 .text._ZN13FXOS8700Q_acc7disableEv
                0x0000a94c       0x3c FXOS8700Q\FXOS8700Q.o
                0x0000a94c                FXOS8700Q_acc::disable()
 .text._ZN13FXOS8700Q_acc6whoAmIEv
                0x0000a988       0x28 FXOS8700Q\FXOS8700Q.o
                0x0000a988                FXOS8700Q_acc::whoAmI()
 .text._ZN13FXOS8700Q_acc9dataReadyEv
                0x0000a9b0       0x28 FXOS8700Q\FXOS8700Q.o
                0x0000a9b0                FXOS8700Q_acc::dataReady()
 .text._ZN13FXOS8700Q_acc10sampleRateEm
                0x0000a9d8       0x18 FXOS8700Q\FXOS8700Q.o
                0x0000a9d8                FXOS8700Q_acc::sampleRate(unsigned long)
 .text._ZN13FXOS8700Q_acc4getXEPf
                0x0000a9f0       0x34 FXOS8700Q\FXOS8700Q.o
                0x0000a9f0                FXOS8700Q_acc::getX(float*)
 .text._ZN13FXOS8700Q_acc4getYEPf
                0x0000aa24       0x34 FXOS8700Q\FXOS8700Q.o
                0x0000aa24                FXOS8700Q_acc::getY(float*)
 .text._ZN13FXOS8700Q_acc4getZEPf
                0x0000aa58       0x34 FXOS8700Q\FXOS8700Q.o
                0x0000aa58                FXOS8700Q_acc::getZ(float*)
 .text._ZN13FXOS8700Q_acc4getXEPs
                0x0000aa8c       0x20 FXOS8700Q\FXOS8700Q.o
                0x0000aa8c                FXOS8700Q_acc::getX(short*)
 .text._ZN13FXOS8700Q_acc4getYEPs
                0x0000aaac       0x20 FXOS8700Q\FXOS8700Q.o
                0x0000aaac                FXOS8700Q_acc::getY(short*)
 .text._ZN13FXOS8700Q_acc4getZEPs
                0x0000aacc       0x20 FXOS8700Q\FXOS8700Q.o
                0x0000aacc                FXOS8700Q_acc::getZ(short*)
 .text._ZN13FXOS8700Q_acc7getAxisER21MotionSensorDataUnits
                0x0000aaec       0xf0 FXOS8700Q\FXOS8700Q.o
                0x0000aaec                FXOS8700Q_acc::getAxis(MotionSensorDataUnits&)
 .text._ZN13FXOS8700Q_acc7getAxisER22MotionSensorDataCounts
                0x0000abdc       0xa4 FXOS8700Q\FXOS8700Q.o
                0x0000abdc                FXOS8700Q_acc::getAxis(MotionSensorDataCounts&)
 .text._ZN13FXOS8700Q_acc8readRegsEiPhi
                0x0000ac80       0x50 FXOS8700Q\FXOS8700Q.o
                0x0000ac80                FXOS8700Q_acc::readRegs(int, unsigned char*, int)
 .text._ZN13FXOS8700Q_acc9writeRegsEPhi
                0x0000acd0       0x2c FXOS8700Q\FXOS8700Q.o
                0x0000acd0                FXOS8700Q_acc::writeRegs(unsigned char*, int)
 .text._ZN13FXOS8700Q_acc10getAccAxisEh
                0x0000acfc       0x50 FXOS8700Q\FXOS8700Q.o
                0x0000acfc                FXOS8700Q_acc::getAccAxis(unsigned char)
 .text._ZN13FXOS8700Q_magC2E7PinNameS0_i
                0x0000ad4c       0xbc FXOS8700Q\FXOS8700Q.o
                0x0000ad4c                FXOS8700Q_mag::FXOS8700Q_mag(PinName, PinName, int)
                0x0000ad4c                FXOS8700Q_mag::FXOS8700Q_mag(PinName, PinName, int)
 .text._ZN13FXOS8700Q_magD2Ev
                0x0000ae08       0x28 FXOS8700Q\FXOS8700Q.o
                0x0000ae08                FXOS8700Q_mag::~FXOS8700Q_mag()
                0x0000ae08                FXOS8700Q_mag::~FXOS8700Q_mag()
 .text._ZN13FXOS8700Q_mag6enableEv
                0x0000ae30       0x3c FXOS8700Q\FXOS8700Q.o
                0x0000ae30                FXOS8700Q_mag::enable()
 .text._ZN13FXOS8700Q_mag7disableEv
                0x0000ae6c       0x3c FXOS8700Q\FXOS8700Q.o
                0x0000ae6c                FXOS8700Q_mag::disable()
 .text._ZN13FXOS8700Q_mag6whoAmIEv
                0x0000aea8       0x28 FXOS8700Q\FXOS8700Q.o
                0x0000aea8                FXOS8700Q_mag::whoAmI()
 .text._ZN13FXOS8700Q_mag9dataReadyEv
                0x0000aed0       0x28 FXOS8700Q\FXOS8700Q.o
                0x0000aed0                FXOS8700Q_mag::dataReady()
 .text._ZN13FXOS8700Q_mag10sampleRateEm
                0x0000aef8       0x18 FXOS8700Q\FXOS8700Q.o
                0x0000aef8                FXOS8700Q_mag::sampleRate(unsigned long)
 .text._ZN13FXOS8700Q_mag4getXEPf
                0x0000af10       0x34 FXOS8700Q\FXOS8700Q.o
                0x0000af10                FXOS8700Q_mag::getX(float*)
 .text._ZN13FXOS8700Q_mag4getYEPf
                0x0000af44       0x34 FXOS8700Q\FXOS8700Q.o
                0x0000af44                FXOS8700Q_mag::getY(float*)
 .text._ZN13FXOS8700Q_mag4getZEPf
                0x0000af78       0x34 FXOS8700Q\FXOS8700Q.o
                0x0000af78                FXOS8700Q_mag::getZ(float*)
 .text._ZN13FXOS8700Q_mag4getXEPs
                0x0000afac       0x20 FXOS8700Q\FXOS8700Q.o
                0x0000afac                FXOS8700Q_mag::getX(short*)
 .text._ZN13FXOS8700Q_mag4getYEPs
                0x0000afcc       0x20 FXOS8700Q\FXOS8700Q.o
                0x0000afcc                FXOS8700Q_mag::getY(short*)
 .text._ZN13FXOS8700Q_mag4getZEPs
                0x0000afec       0x20 FXOS8700Q\FXOS8700Q.o
                0x0000afec                FXOS8700Q_mag::getZ(short*)
 .text._ZN13FXOS8700Q_mag7getAxisER21MotionSensorDataUnits
                0x0000b00c       0x9c FXOS8700Q\FXOS8700Q.o
                0x0000b00c                FXOS8700Q_mag::getAxis(MotionSensorDataUnits&)
 .text._ZN13FXOS8700Q_mag7getAxisER22MotionSensorDataCounts
                0x0000b0a8       0x50 FXOS8700Q\FXOS8700Q.o
                0x0000b0a8                FXOS8700Q_mag::getAxis(MotionSensorDataCounts&)
 .text._ZN13FXOS8700Q_mag8readRegsEiPhi
                0x0000b0f8       0x50 FXOS8700Q\FXOS8700Q.o
                0x0000b0f8                FXOS8700Q_mag::readRegs(int, unsigned char*, int)
 .text._ZN13FXOS8700Q_mag9writeRegsEPhi
                0x0000b148       0x2c FXOS8700Q\FXOS8700Q.o
                0x0000b148                FXOS8700Q_mag::writeRegs(unsigned char*, int)
 .text._ZN13FXOS8700Q_mag10getAccAxisEh
                0x0000b174       0x38 FXOS8700Q\FXOS8700Q.o
                0x0000b174                FXOS8700Q_mag::getAccAxis(unsigned char)
 .text.CLOCK_GetInternalRefClkSelectFreq
                0x0000b1ac       0x30 ..\mbed\TARGET_K64F\TOOLCHAIN_GCC_ARM\fsl_clock.o
 .text.CLOCK_GetMcgExtClkFreq
                0x0000b1dc       0x5c ..\mbed\TARGET_K64F\TOOLCHAIN_GCC_ARM\fsl_clock.o
 .text.CLOCK_GetFllExtRefClkFreq
                0x0000b238       0x50 ..\mbed\TARGET_K64F\TOOLCHAIN_GCC_ARM\fsl_clock.o
 .text.CLOCK_GetOsc0ErClkFreq
                0x0000b288       0x38 ..\mbed\TARGET_K64F\TOOLCHAIN_GCC_ARM\fsl_clock.o
                0x0000b288                CLOCK_GetOsc0ErClkFreq
 .text.CLOCK_GetEr32kClkFreq
                0x0000b2c0       0x54 ..\mbed\TARGET_K64F\TOOLCHAIN_GCC_ARM\fsl_clock.o
                0x0000b2c0                CLOCK_GetEr32kClkFreq
 .text.CLOCK_SetSimConfig
                0x0000b314       0x3c ..\mbed\TARGET_K64F\TOOLCHAIN_GCC_ARM\fsl_clock.o
                0x0000b314                CLOCK_SetSimConfig
 .text.CLOCK_GetFllFreq
                0x0000b350       0x54 ..\mbed\TARGET_K64F\TOOLCHAIN_GCC_ARM\fsl_clock.o
                0x0000b350                CLOCK_GetFllFreq
 .text.CLOCK_GetInternalRefClkFreq
                0x0000b3a4       0x14 ..\mbed\TARGET_K64F\TOOLCHAIN_GCC_ARM\fsl_clock.o
                0x0000b3a4                CLOCK_GetInternalRefClkFreq
 .text.CLOCK_GetPll0Freq
                0x0000b3b8       0x54 ..\mbed\TARGET_K64F\TOOLCHAIN_GCC_ARM\fsl_clock.o
                0x0000b3b8                CLOCK_GetPll0Freq
 .text.CLOCK_GetPllFllSelClkFreq
                0x0000b40c       0x28 ..\mbed\TARGET_K64F\TOOLCHAIN_GCC_ARM\fsl_clock.o
                0x0000b40c                CLOCK_GetPllFllSelClkFreq
 .text.CLOCK_GetOutClkFreq
                0x0000b434       0x28 ..\mbed\TARGET_K64F\TOOLCHAIN_GCC_ARM\fsl_clock.o
                0x0000b434                CLOCK_GetOutClkFreq
 .text.CLOCK_GetFixedFreqClkFreq
                0x0000b45c       0x34 ..\mbed\TARGET_K64F\TOOLCHAIN_GCC_ARM\fsl_clock.o
                0x0000b45c                CLOCK_GetFixedFreqClkFreq
 .text.CLOCK_GetFreq
                0x0000b490       0xa8 ..\mbed\TARGET_K64F\TOOLCHAIN_GCC_ARM\fsl_clock.o
                0x0000b490                CLOCK_GetFreq
 .text.CLOCK_SetExternalRefClkConfig
                0x0000b538       0x48 ..\mbed\TARGET_K64F\TOOLCHAIN_GCC_ARM\fsl_clock.o
                0x0000b538                CLOCK_SetExternalRefClkConfig
 .text.CLOCK_SetInternalRefClkConfig
                0x0000b580       0x8c ..\mbed\TARGET_K64F\TOOLCHAIN_GCC_ARM\fsl_clock.o
                0x0000b580                CLOCK_SetInternalRefClkConfig
 .text.CLOCK_EnablePll0
                0x0000b60c       0x58 ..\mbed\TARGET_K64F\TOOLCHAIN_GCC_ARM\fsl_clock.o
                0x0000b60c                CLOCK_EnablePll0
 .text.CLOCK_InitOsc0
                0x0000b664       0x6c ..\mbed\TARGET_K64F\TOOLCHAIN_GCC_ARM\fsl_clock.o
                0x0000b664                CLOCK_InitOsc0
 .text.CLOCK_SetPbeMode
                0x0000b6d0       0x78 ..\mbed\TARGET_K64F\TOOLCHAIN_GCC_ARM\fsl_clock.o
                0x0000b6d0                CLOCK_SetPbeMode
 .text.CLOCK_BootToPeeMode
                0x0000b748       0x4c ..\mbed\TARGET_K64F\TOOLCHAIN_GCC_ARM\fsl_clock.o
                0x0000b748                CLOCK_BootToPeeMode
 .text.BOARD_BootClockRUN
                0x0000b794       0x58 ..\mbed\TARGET_K64F\TOOLCHAIN_GCC_ARM\fsl_clock_config.o
                0x0000b794                BOARD_BootClockRUN
 .text.DSPI_CommonIRQHandler
                0x0000b7ec       0x18 ..\mbed\TARGET_K64F\TOOLCHAIN_GCC_ARM\fsl_dspi.o
 .text.DSPI_MasterGetFormattedCommand.constprop.5
                0x0000b804       0x24 ..\mbed\TARGET_K64F\TOOLCHAIN_GCC_ARM\fsl_dspi.o
 .text.DSPI_GetInstance
                0x0000b828       0x40 ..\mbed\TARGET_K64F\TOOLCHAIN_GCC_ARM\fsl_dspi.o
                0x0000b828                DSPI_GetInstance
 .text.DSPI_SetDummyData
                0x0000b868       0x14 ..\mbed\TARGET_K64F\TOOLCHAIN_GCC_ARM\fsl_dspi.o
                0x0000b868                DSPI_SetDummyData
 .text.DSPI_MasterGetDefaultConfig
                0x0000b87c       0x50 ..\mbed\TARGET_K64F\TOOLCHAIN_GCC_ARM\fsl_dspi.o
                0x0000b87c                DSPI_MasterGetDefaultConfig
 .text.DSPI_SlaveInit
                0x0000b8cc       0xd4 ..\mbed\TARGET_K64F\TOOLCHAIN_GCC_ARM\fsl_dspi.o
                0x0000b8cc                DSPI_SlaveInit
 .text.DSPI_SlaveGetDefaultConfig
                0x0000b9a0       0x34 ..\mbed\TARGET_K64F\TOOLCHAIN_GCC_ARM\fsl_dspi.o
                0x0000b9a0                DSPI_SlaveGetDefaultConfig
 .text.DSPI_MasterSetBaudRate
                0x0000b9d4       0xc8 ..\mbed\TARGET_K64F\TOOLCHAIN_GCC_ARM\fsl_dspi.o
                0x0000b9d4                DSPI_MasterSetBaudRate
 .text.DSPI_MasterSetDelayScaler
                0x0000ba9c       0x72 ..\mbed\TARGET_K64F\TOOLCHAIN_GCC_ARM\fsl_dspi.o
                0x0000ba9c                DSPI_MasterSetDelayScaler
 *fill*         0x0000bb0e        0x2 
 .text.DSPI_MasterSetDelayTimes
                0x0000bb10       0xc8 ..\mbed\TARGET_K64F\TOOLCHAIN_GCC_ARM\fsl_dspi.o
                0x0000bb10                DSPI_MasterSetDelayTimes
 .text.DSPI_MasterInit
                0x0000bbd8      0x144 ..\mbed\TARGET_K64F\TOOLCHAIN_GCC_ARM\fsl_dspi.o
                0x0000bbd8                DSPI_MasterInit
 .text.DSPI_GetDefaultDataCommandConfig
                0x0000bd1c       0x30 ..\mbed\TARGET_K64F\TOOLCHAIN_GCC_ARM\fsl_dspi.o
                0x0000bd1c                DSPI_GetDefaultDataCommandConfig
 .text.DSPI_MasterWriteDataBlocking
                0x0000bd4c       0x70 ..\mbed\TARGET_K64F\TOOLCHAIN_GCC_ARM\fsl_dspi.o
                0x0000bd4c                DSPI_MasterWriteDataBlocking
 .text.DSPI_MasterTransferBlocking
                0x0000bdbc      0x2a8 ..\mbed\TARGET_K64F\TOOLCHAIN_GCC_ARM\fsl_dspi.o
                0x0000bdbc                DSPI_MasterTransferBlocking
 .text.SPI0_DriverIRQHandler
                0x0000c064       0x34 ..\mbed\TARGET_K64F\TOOLCHAIN_GCC_ARM\fsl_dspi.o
                0x0000c064                SPI0_DriverIRQHandler
 .text.SPI1_DriverIRQHandler
                0x0000c098       0x34 ..\mbed\TARGET_K64F\TOOLCHAIN_GCC_ARM\fsl_dspi.o
                0x0000c098                SPI1_DriverIRQHandler
 .text.SPI2_DriverIRQHandler
                0x0000c0cc       0x34 ..\mbed\TARGET_K64F\TOOLCHAIN_GCC_ARM\fsl_dspi.o
                0x0000c0cc                SPI2_DriverIRQHandler
 .text.EDMA_HandleIRQ
                0x0000c100       0xb0 ..\mbed\TARGET_K64F\TOOLCHAIN_GCC_ARM\fsl_edma.o
                0x0000c100                EDMA_HandleIRQ
 .text.DMA0_DriverIRQHandler
                0x0000c1b0        0xc ..\mbed\TARGET_K64F\TOOLCHAIN_GCC_ARM\fsl_edma.o
                0x0000c1b0                DMA0_DriverIRQHandler
 .text.DMA1_DriverIRQHandler
                0x0000c1bc        0xc ..\mbed\TARGET_K64F\TOOLCHAIN_GCC_ARM\fsl_edma.o
                0x0000c1bc                DMA1_DriverIRQHandler
 .text.DMA2_DriverIRQHandler
                0x0000c1c8        0xc ..\mbed\TARGET_K64F\TOOLCHAIN_GCC_ARM\fsl_edma.o
                0x0000c1c8                DMA2_DriverIRQHandler
 .text.DMA3_DriverIRQHandler
                0x0000c1d4        0xc ..\mbed\TARGET_K64F\TOOLCHAIN_GCC_ARM\fsl_edma.o
                0x0000c1d4                DMA3_DriverIRQHandler
 .text.DMA4_DriverIRQHandler
                0x0000c1e0        0xc ..\mbed\TARGET_K64F\TOOLCHAIN_GCC_ARM\fsl_edma.o
                0x0000c1e0                DMA4_DriverIRQHandler
 .text.DMA5_DriverIRQHandler
                0x0000c1ec        0xc ..\mbed\TARGET_K64F\TOOLCHAIN_GCC_ARM\fsl_edma.o
                0x0000c1ec                DMA5_DriverIRQHandler
 .text.DMA6_DriverIRQHandler
                0x0000c1f8        0xc ..\mbed\TARGET_K64F\TOOLCHAIN_GCC_ARM\fsl_edma.o
                0x0000c1f8                DMA6_DriverIRQHandler
 .text.DMA7_DriverIRQHandler
                0x0000c204        0xc ..\mbed\TARGET_K64F\TOOLCHAIN_GCC_ARM\fsl_edma.o
                0x0000c204                DMA7_DriverIRQHandler
 .text.DMA8_DriverIRQHandler
                0x0000c210        0xc ..\mbed\TARGET_K64F\TOOLCHAIN_GCC_ARM\fsl_edma.o
                0x0000c210                DMA8_DriverIRQHandler
 .text.DMA9_DriverIRQHandler
                0x0000c21c        0xc ..\mbed\TARGET_K64F\TOOLCHAIN_GCC_ARM\fsl_edma.o
                0x0000c21c                DMA9_DriverIRQHandler
 .text.DMA10_DriverIRQHandler
                0x0000c228        0xc ..\mbed\TARGET_K64F\TOOLCHAIN_GCC_ARM\fsl_edma.o
                0x0000c228                DMA10_DriverIRQHandler
 .text.DMA11_DriverIRQHandler
                0x0000c234        0xc ..\mbed\TARGET_K64F\TOOLCHAIN_GCC_ARM\fsl_edma.o
                0x0000c234                DMA11_DriverIRQHandler
 .text.DMA12_DriverIRQHandler
                0x0000c240        0xc ..\mbed\TARGET_K64F\TOOLCHAIN_GCC_ARM\fsl_edma.o
                0x0000c240                DMA12_DriverIRQHandler
 .text.DMA13_DriverIRQHandler
                0x0000c24c        0xc ..\mbed\TARGET_K64F\TOOLCHAIN_GCC_ARM\fsl_edma.o
                0x0000c24c                DMA13_DriverIRQHandler
 .text.DMA14_DriverIRQHandler
                0x0000c258        0xc ..\mbed\TARGET_K64F\TOOLCHAIN_GCC_ARM\fsl_edma.o
                0x0000c258                DMA14_DriverIRQHandler
 .text.DMA15_DriverIRQHandler
                0x0000c264        0xc ..\mbed\TARGET_K64F\TOOLCHAIN_GCC_ARM\fsl_edma.o
                0x0000c264                DMA15_DriverIRQHandler
 .text.ENET_Transmit_IRQHandler
                0x0000c270       0x18 ..\mbed\TARGET_K64F\TOOLCHAIN_GCC_ARM\fsl_enet.o