Archive member included because of file (symbol)

D:\k64\frdm_serial\mbed\TARGET_K64F\TOOLCHAIN_GCC_ARM\libmbed.a(SerialBase.o)
                              main.o (mbed::SerialBase::~SerialBase())
D:\k64\frdm_serial\mbed\TARGET_K64F\TOOLCHAIN_GCC_ARM\libmbed.a(Serial.o)
                              main.o (mbed::Serial::Serial(PinName, PinName, char const*, int))
D:\k64\frdm_serial\mbed\TARGET_K64F\TOOLCHAIN_GCC_ARM\libmbed.a(mbed_gpio.o)
                              ..\mbed\TARGET_K64F\TOOLCHAIN_GCC_ARM\mbed_overrides.o (gpio_init_in)
D:\k64\frdm_serial\mbed\TARGET_K64F\TOOLCHAIN_GCC_ARM\libmbed.a(mbed_lp_ticker_api.o)
                              ..\mbed\TARGET_K64F\TOOLCHAIN_GCC_ARM\lp_ticker.o (lp_ticker_irq_handler)
D:\k64\frdm_serial\mbed\TARGET_K64F\TOOLCHAIN_GCC_ARM\libmbed.a(mbed_sleep_manager.o)
                              D:\k64\frdm_serial\mbed\TARGET_K64F\TOOLCHAIN_GCC_ARM\libmbed.a(SerialBase.o) (sleep_manager_lock_deep_sleep)
D:\k64\frdm_serial\mbed\TARGET_K64F\TOOLCHAIN_GCC_ARM\libmbed.a(mbed_pinmap_common.o)
                              ..\mbed\TARGET_K64F\TOOLCHAIN_GCC_ARM\analogin_api.o (pinmap_pinout)
D:\k64\frdm_serial\mbed\TARGET_K64F\TOOLCHAIN_GCC_ARM\libmbed.a(mbed_ticker_api.o)
                              D:\k64\frdm_serial\mbed\TARGET_K64F\TOOLCHAIN_GCC_ARM\libmbed.a(mbed_lp_ticker_api.o) (ticker_irq_handler)
D:\k64\frdm_serial\mbed\TARGET_K64F\TOOLCHAIN_GCC_ARM\libmbed.a(mbed_us_ticker_api.o)
                              ..\mbed\TARGET_K64F\TOOLCHAIN_GCC_ARM\mbed_retarget.o (get_us_ticker_data)
D:\k64\frdm_serial\mbed\TARGET_K64F\TOOLCHAIN_GCC_ARM\libmbed.a(FilePath.o)
                              ..\mbed\TARGET_K64F\TOOLCHAIN_GCC_ARM\mbed_retarget.o (mbed::FilePath::FilePath(char const*))
D:\k64\frdm_serial\mbed\TARGET_K64F\TOOLCHAIN_GCC_ARM\libmbed.a(Stream.o)
                              D:\k64\frdm_serial\mbed\TARGET_K64F\TOOLCHAIN_GCC_ARM\libmbed.a(Serial.o) (mbed::Stream::write(void const*, unsigned int))
D:\k64\frdm_serial\mbed\TARGET_K64F\TOOLCHAIN_GCC_ARM\libmbed.a(mbed_assert.o)
                              ..\mbed\TARGET_K64F\TOOLCHAIN_GCC_ARM\analogin_api.o (mbed_assert_internal)
D:\k64\frdm_serial\mbed\TARGET_K64F\TOOLCHAIN_GCC_ARM\libmbed.a(mbed_critical.o)
                              ..\mbed\TARGET_K64F\TOOLCHAIN_GCC_ARM\flash_api.o (core_util_critical_section_enter)
D:\k64\frdm_serial\mbed\TARGET_K64F\TOOLCHAIN_GCC_ARM\libmbed.a(mbed_error.o)
                              ..\mbed\TARGET_K64F\TOOLCHAIN_GCC_ARM\analogout_api.o (error)
D:\k64\frdm_serial\mbed\TARGET_K64F\TOOLCHAIN_GCC_ARM\libmbed.a(mbed_wait_api_no_rtos.o)
                              D:\k64\frdm_serial\mbed\TARGET_K64F\TOOLCHAIN_GCC_ARM\libmbed.a(SerialBase.o) (wait_us)
D:\k64\frdm_serial\mbed\TARGET_K64F\TOOLCHAIN_GCC_ARM\libmbed.a(FileHandle.o)
                              D:\k64\frdm_serial\mbed\TARGET_K64F\TOOLCHAIN_GCC_ARM\libmbed.a(Stream.o) (mbed::FileHandle::size())
D:\k64\frdm_serial\mbed\TARGET_K64F\TOOLCHAIN_GCC_ARM\libmbed.a(FileBase.o)
                              D:\k64\frdm_serial\mbed\TARGET_K64F\TOOLCHAIN_GCC_ARM\libmbed.a(FilePath.o) (mbed::FileBase::getPathType())
c:/freescale/kds_v3/toolchain/bin/../lib/gcc/arm-none-eabi/4.8.4/armv7e-m/softfp\libgcc.a(_ashldi3.o)
                              D:\k64\frdm_serial\mbed\TARGET_K64F\TOOLCHAIN_GCC_ARM\libmbed.a(mbed_ticker_api.o) (__aeabi_llsl)
c:/freescale/kds_v3/toolchain/bin/../lib/gcc/arm-none-eabi/4.8.4/armv7e-m/softfp\libgcc.a(_aeabi_uldivmod.o)
                              ..\mbed\TARGET_K64F\TOOLCHAIN_GCC_ARM\lp_ticker.o (__aeabi_uldivmod)
c:/freescale/kds_v3/toolchain/bin/../lib/gcc/arm-none-eabi/4.8.4/armv7e-m/softfp\libgcc.a(bpabi.o)
                              c:/freescale/kds_v3/toolchain/bin/../lib/gcc/arm-none-eabi/4.8.4/armv7e-m/softfp\libgcc.a(_aeabi_uldivmod.o) (__gnu_uldivmod_helper)
c:/freescale/kds_v3/toolchain/bin/../lib/gcc/arm-none-eabi/4.8.4/armv7e-m/softfp\libgcc.a(_dvmd_tls.o)
                              c:/freescale/kds_v3/toolchain/bin/../lib/gcc/arm-none-eabi/4.8.4/armv7e-m/softfp\libgcc.a(_aeabi_uldivmod.o) (__aeabi_ldiv0)
c:/freescale/kds_v3/toolchain/bin/../lib/gcc/arm-none-eabi/4.8.4/armv7e-m/softfp\libgcc.a(_divdi3.o)
                              c:/freescale/kds_v3/toolchain/bin/../lib/gcc/arm-none-eabi/4.8.4/armv7e-m/softfp\libgcc.a(bpabi.o) (__divdi3)
c:/freescale/kds_v3/toolchain/bin/../lib/gcc/arm-none-eabi/4.8.4/armv7e-m/softfp\libgcc.a(_udivdi3.o)
                              c:/freescale/kds_v3/toolchain/bin/../lib/gcc/arm-none-eabi/4.8.4/armv7e-m/softfp\libgcc.a(bpabi.o) (__udivdi3)
c:/freescale/kds_v3/toolchain/bin/../lib/gcc/arm-none-eabi/4.8.4/../../../../arm-none-eabi/lib/armv7e-m/softfp\libg.a(lib_a-assert.o)
                              ..\mbed\TARGET_K64F\TOOLCHAIN_GCC_ARM\dma_api.o (__assert_func)
c:/freescale/kds_v3/toolchain/bin/../lib/gcc/arm-none-eabi/4.8.4/../../../../arm-none-eabi/lib/armv7e-m/softfp\libg.a(lib_a-errno.o)
[...]
Memory Configuration

Name             Origin             Length             Attributes
m_interrupts     0x00000000         0x00000400         xr
m_flash_config   0x00000400         0x00000010         xr
m_text           0x00000410         0x000ffbf0         xr
m_data           0x1fff0000         0x00010000         rw
m_data_2         0x20000000         0x00030000         rw
*default*        0x00000000         0xffffffff

Linker script and memory map

LOAD c:/freescale/kds_v3/toolchain/bin/../lib/gcc/arm-none-eabi/4.8.4/armv7e-m/softfp/crti.o
LOAD c:/freescale/kds_v3/toolchain/bin/../lib/gcc/arm-none-eabi/4.8.4/armv7e-m/softfp/crtbegin.o
LOAD c:/freescale/kds_v3/toolchain/bin/../lib/gcc/arm-none-eabi/4.8.4/../../../../arm-none-eabi/lib/armv7e-m/softfp/crt0.o
LOAD main.o
LOAD ..\mbed\TARGET_K64F\TOOLCHAIN_GCC_ARM\PeripheralPins.o
LOAD ..\mbed\TARGET_K64F\TOOLCHAIN_GCC_ARM\analogin_api.o
LOAD ..\mbed\TARGET_K64F\TOOLCHAIN_GCC_ARM\analogout_api.o
LOAD ..\mbed\TARGET_K64F\TOOLCHAIN_GCC_ARM\crc.o
LOAD ..\mbed\TARGET_K64F\TOOLCHAIN_GCC_ARM\dma_api.o
LOAD ..\mbed\TARGET_K64F\TOOLCHAIN_GCC_ARM\flash_api.o
LOAD ..\mbed\TARGET_K64F\TOOLCHAIN_GCC_ARM\fsl_adc16.o
LOAD ..\mbed\TARGET_K64F\TOOLCHAIN_GCC_ARM\fsl_clock.o
LOAD ..\mbed\TARGET_K64F\TOOLCHAIN_GCC_ARM\fsl_clock_config.o
LOAD ..\mbed\TARGET_K64F\TOOLCHAIN_GCC_ARM\fsl_cmp.o
LOAD ..\mbed\TARGET_K64F\TOOLCHAIN_GCC_ARM\fsl_cmt.o
LOAD ..\mbed\TARGET_K64F\TOOLCHAIN_GCC_ARM\fsl_common.o
LOAD ..\mbed\TARGET_K64F\TOOLCHAIN_GCC_ARM\fsl_crc.o
LOAD ..\mbed\TARGET_K64F\TOOLCHAIN_GCC_ARM\fsl_dac.o
LOAD ..\mbed\TARGET_K64F\TOOLCHAIN_GCC_ARM\fsl_dmamux.o
LOAD ..\mbed\TARGET_K64F\TOOLCHAIN_GCC_ARM\fsl_dspi.o
LOAD ..\mbed\TARGET_K64F\TOOLCHAIN_GCC_ARM\fsl_dspi_edma.o
LOAD ..\mbed\TARGET_K64F\TOOLCHAIN_GCC_ARM\fsl_edma.o
LOAD ..\mbed\TARGET_K64F\TOOLCHAIN_GCC_ARM\fsl_enet.o
LOAD ..\mbed\TARGET_K64F\TOOLCHAIN_GCC_ARM\fsl_ewm.o
LOAD ..\mbed\TARGET_K64F\TOOLCHAIN_GCC_ARM\fsl_flash.o
LOAD ..\mbed\TARGET_K64F\TOOLCHAIN_GCC_ARM\fsl_flexbus.o
LOAD ..\mbed\TARGET_K64F\TOOLCHAIN_GCC_ARM\fsl_flexcan.o
LOAD ..\mbed\TARGET_K64F\TOOLCHAIN_GCC_ARM\fsl_ftm.o
LOAD ..\mbed\TARGET_K64F\TOOLCHAIN_GCC_ARM\fsl_gpio.o
LOAD ..\mbed\TARGET_K64F\TOOLCHAIN_GCC_ARM\fsl_i2c.o
LOAD ..\mbed\TARGET_K64F\TOOLCHAIN_GCC_ARM\fsl_i2c_edma.o
LOAD ..\mbed\TARGET_K64F\TOOLCHAIN_GCC_ARM\fsl_llwu.o
LOAD ..\mbed\TARGET_K64F\TOOLCHAIN_GCC_ARM\fsl_lptmr.o
LOAD ..\mbed\TARGET_K64F\TOOLCHAIN_GCC_ARM\fsl_mpu.o
LOAD ..\mbed\TARGET_K64F\TOOLCHAIN_GCC_ARM\fsl_pdb.o
LOAD ..\mbed\TARGET_K64F\TOOLCHAIN_GCC_ARM\fsl_phy.o
LOAD ..\mbed\TARGET_K64F\TOOLCHAIN_GCC_ARM\fsl_pit.o
LOAD ..\mbed\TARGET_K64F\TOOLCHAIN_GCC_ARM\fsl_pmc.o
LOAD ..\mbed\TARGET_K64F\TOOLCHAIN_GCC_ARM\fsl_rcm.o
LOAD ..\mbed\TARGET_K64F\TOOLCHAIN_GCC_ARM\fsl_rnga.o
LOAD ..\mbed\TARGET_K64F\TOOLCHAIN_GCC_ARM\fsl_rtc.o
LOAD ..\mbed\TARGET_K64F\TOOLCHAIN_GCC_ARM\fsl_sai.o
LOAD ..\mbed\TARGET_K64F\TOOLCHAIN_GCC_ARM\fsl_sai_edma.o
LOAD ..\mbed\TARGET_K64F\TOOLCHAIN_GCC_ARM\fsl_sdhc.o
LOAD ..\mbed\TARGET_K64F\TOOLCHAIN_GCC_ARM\fsl_sim.o
LOAD ..\mbed\TARGET_K64F\TOOLCHAIN_GCC_ARM\fsl_smc.o
LOAD ..\mbed\TARGET_K64F\TOOLCHAIN_GCC_ARM\fsl_uart.o
LOAD ..\mbed\TARGET_K64F\TOOLCHAIN_GCC_ARM\fsl_uart_edma.o
LOAD ..\mbed\TARGET_K64F\TOOLCHAIN_GCC_ARM\fsl_vref.o
LOAD ..\mbed\TARGET_K64F\TOOLCHAIN_GCC_ARM\fsl_wdog.o
LOAD ..\mbed\TARGET_K64F\TOOLCHAIN_GCC_ARM\gpio_api.o
LOAD ..\mbed\TARGET_K64F\TOOLCHAIN_GCC_ARM\gpio_irq_api.o
LOAD ..\mbed\TARGET_K64F\TOOLCHAIN_GCC_ARM\i2c_api.o
LOAD ..\mbed\TARGET_K64F\TOOLCHAIN_GCC_ARM\lp_ticker.o
LOAD ..\mbed\TARGET_K64F\TOOLCHAIN_GCC_ARM\mbed_board.o
LOAD ..\mbed\TARGET_K64F\TOOLCHAIN_GCC_ARM\mbed_overrides.o
LOAD ..\mbed\TARGET_K64F\TOOLCHAIN_GCC_ARM\mbed_retarget.o
LOAD ..\mbed\TARGET_K64F\TOOLCHAIN_GCC_ARM\mbed_sdk_boot.o
LOAD ..\mbed\TARGET_K64F\TOOLCHAIN_GCC_ARM\pinmap.o
LOAD ..\mbed\TARGET_K64F\TOOLCHAIN_GCC_ARM\port_api.o
LOAD ..\mbed\TARGET_K64F\TOOLCHAIN_GCC_ARM\pwmout_api.o
LOAD ..\mbed\TARGET_K64F\TOOLCHAIN_GCC_ARM\rtc_api.o
LOAD ..\mbed\TARGET_K64F\TOOLCHAIN_GCC_ARM\serial_api.o
LOAD ..\mbed\TARGET_K64F\TOOLCHAIN_GCC_ARM\sleep.o
LOAD ..\mbed\TARGET_K64F\TOOLCHAIN_GCC_ARM\spi_api.o
LOAD ..\mbed\TARGET_K64F\TOOLCHAIN_GCC_ARM\startup_MK64F12.o
LOAD ..\mbed\TARGET_K64F\TOOLCHAIN_GCC_ARM\storage_driver.o
LOAD ..\mbed\TARGET_K64F\TOOLCHAIN_GCC_ARM\system_MK64F12.o
LOAD ..\mbed\TARGET_K64F\TOOLCHAIN_GCC_ARM\trng_api.o
LOAD ..\mbed\TARGET_K64F\TOOLCHAIN_GCC_ARM\us_ticker.o
LOAD D:\k64\frdm_serial\mbed\TARGET_K64F\TOOLCHAIN_GCC_ARM\libmbed.a
LOAD c:/freescale/kds_v3/toolchain/bin/../lib/gcc/arm-none-eabi/4.8.4/../../../../arm-none-eabi/lib/armv7e-m/softfp\libstdc++.a
LOAD c:/freescale/kds_v3/toolchain/bin/../lib/gcc/arm-none-eabi/4.8.4/../../../../arm-none-eabi/lib/armv7e-m/softfp\libm.a
START GROUP
LOAD c:/freescale/kds_v3/toolchain/bin/../lib/gcc/arm-none-eabi/4.8.4/armv7e-m/softfp\libgcc.a
LOAD c:/freescale/kds_v3/toolchain/bin/../lib/gcc/arm-none-eabi/4.8.4/../../../../arm-none-eabi/lib/armv7e-m/softfp\libg.a
LOAD c:/freescale/kds_v3/toolchain/bin/../lib/gcc/arm-none-eabi/4.8.4/../../../../arm-none-eabi/lib/armv7e-m/softfp\libc.a
END GROUP
START GROUP
LOAD c:/freescale/kds_v3/toolchain/bin/../lib/gcc/arm-none-eabi/4.8.4/armv7e-m/softfp\libgcc.a
LOAD c:/freescale/kds_v3/toolchain/bin/../lib/gcc/arm-none-eabi/4.8.4/../../../../arm-none-eabi/lib/armv7e-m/softfp\libc.a
LOAD c:/freescale/kds_v3/toolchain/bin/../lib/gcc/arm-none-eabi/4.8.4/../../../../arm-none-eabi/lib/armv7e-m/softfp\libnosys.a
END GROUP
LOAD c:/freescale/kds_v3/toolchain/bin/../lib/gcc/arm-none-eabi/4.8.4/armv7e-m/softfp/crtend.o
LOAD c:/freescale/kds_v3/toolchain/bin/../lib/gcc/arm-none-eabi/4.8.4/armv7e-m/softfp/crtn.o
                0x00000001                __ram_vector_table__ = 0x1
                0x00000400                __stack_size__ = 0x400
                0x00006000                __heap_size__ = 0x6000
                0x00000400                HEAP_SIZE = DEFINED (__heap_size__)?__heap_size__:0x400
                0x00000400                STACK_SIZE = DEFINED (__stack_size__)?__stack_size__:0x400
                0x00000000                M_VECTOR_RAM_SIZE = DEFINED (__ram_vector_table__)?0x400:0x0

.interrupts     0x00000000      0x400
                0x00000000                __VECTOR_TABLE = .
                0x00000000                . = ALIGN (0x4)
 *(.isr_vector)
 .isr_vector    0x00000000      0x400 ..\mbed\TARGET_K64F\TOOLCHAIN_GCC_ARM\startup_MK64F12.o
                0x00000000                __isr_vector
                0x00000400                . = ALIGN (0x4)

.flash_config   0x00000400       0x10
                0x00000400                . = ALIGN (0x4)
 *(.FlashConfig)
 .FlashConfig   0x00000400       0x10 ..\mbed\TARGET_K64F\TOOLCHAIN_GCC_ARM\startup_MK64F12.o
                0x00000410                . = ALIGN (0x4)
                0x00000410                __UVISOR_FLASH_OFFSET = 0x410
                0x00000410                __UVISOR_FLASH_START = (ORIGIN (m_interrupts) + __UVISOR_FLASH_OFFSET)

.text           0x00000410     0xc4ac
                0x00000410                . = ALIGN (0x4)
                0x00000410                __uvisor_main_start = .
 *(.uvisor.main)
                0x00000410                __uvisor_main_end = .
                0x00000410                . = ALIGN (0x4)
 *(.text)
 .text          0x00000410       0x54 c:/freescale/kds_v3/toolchain/bin/../lib/gcc/arm-none-eabi/4.8.4/armv7e-m/softfp/crtbegin.o
 .text          0x00000464       0x74 c:/freescale/kds_v3/toolchain/bin/../lib/gcc/arm-none-eabi/4.8.4/../../../../arm-none-eabi/lib/armv7e-m/softfp/crt0.o
                0x00000464                _start
                0x00000464                _mainCRTStartup
 .text          0x000004d8      0x1e4 ..\mbed\TARGET_K64F\TOOLCHAIN_GCC_ARM\startup_MK64F12.o
                0x000004d8                Reset_Handler
                0x0000051c                DebugMon_Handler
                0x0000051c                PORTC_IRQHandler
                0x0000051c                USBDCD_IRQHandler
                0x0000051c                DMA_Error_DriverIRQHandler
                0x0000051c                UART4_ERR_DriverIRQHandler
                0x0000051c                CMP0_IRQHandler
                0x0000051c                Read_Collision_IRQHandler
                0x0000051c                ENET_Transmit_DriverIRQHandler
                0x0000051c                UART1_ERR_DriverIRQHandler
                0x0000051c                BusFault_Handler
                0x0000051c                LPTMR0_IRQHandler
                0x0000051c                PIT0_IRQHandler
                0x0000051c                FTM2_IRQHandler
                0x0000051c                CMP2_IRQHandler
                0x0000051c                LLWU_IRQHandler
                0x0000051c                PORTE_IRQHandler
                0x0000051c                FTM3_IRQHandler
                0x0000051c                ENET_1588_Timer_DriverIRQHandler
                0x0000051c                SWI_IRQHandler
                0x0000051c                ADC0_IRQHandler
                0x0000051c                UsageFault_Handler
                0x0000051c                MCM_IRQHandler
                0x0000051c                CMT_IRQHandler
                0x0000051c                DAC1_IRQHandler
                0x0000051c                PORTA_IRQHandler
                0x0000051c                DefaultISR
                0x0000051c                FTM0_IRQHandler
                0x0000051c                UART5_ERR_DriverIRQHandler
                0x0000051c                LVD_LVW_IRQHandler
                0x0000051c                CMP1_IRQHandler
                0x0000051c                Reserved71_IRQHandler
                0x0000051c                PORTD_IRQHandler
                0x0000051c                PORTB_IRQHandler
                0x0000051c                PIT1_IRQHandler
                0x0000051c                UART2_ERR_DriverIRQHandler
                0x0000051c                ADC1_IRQHandler
                0x0000051c                ENET_Error_DriverIRQHandler
                0x0000051c                PIT2_IRQHandler
                0x0000051c                DAC0_IRQHandler
                0x0000051c                ENET_Receive_DriverIRQHandler
                0x0000051c                RTC_IRQHandler
                0x0000051c                UART3_ERR_DriverIRQHandler
                0x0000051c                PDB0_IRQHandler
                0x0000051c                FTFE_IRQHandler
                0x0000051c                FTM1_IRQHandler
                0x0000051c                WDOG_EWM_IRQHandler
                0x0000051c                RNG_IRQHandler
                0x0000051c                PIT3_IRQHandler
                0x0000051c                MemManage_Handler
                0x0000051c                RTC_Seconds_IRQHandler
                0x0000051c                MCG_IRQHandler
                0x0000051c                UART0_LON_DriverIRQHandler
                0x0000051c                UART0_ERR_DriverIRQHandler
                0x0000051c                USB0_IRQHandler
                0x00000524                HardFault_Handler
                0x00000528                SVC_Handler
                0x0000052c                PendSV_Handler
                0x00000530                SysTick_Handler
                0x00000534                DMA0_IRQHandler
                0x00000538                DMA1_IRQHandler
                0x0000053c                DMA2_IRQHandler
                0x00000540                DMA3_IRQHandler
                0x00000544                DMA4_IRQHandler
                0x00000548                DMA5_IRQHandler
                0x0000054c                DMA6_IRQHandler
                0x00000550                DMA7_IRQHandler
                0x00000554                DMA8_IRQHandler
                0x00000558                DMA9_IRQHandler
                0x0000055c                DMA10_IRQHandler
                0x00000560                DMA11_IRQHandler
                0x00000564                DMA12_IRQHandler
                0x00000568                DMA13_IRQHandler
                0x0000056c                DMA14_IRQHandler
                0x00000570                DMA15_IRQHandler
                0x00000574                DMA_Error_IRQHandler
                0x00000578                I2C0_IRQHandler
                0x0000057c                I2C1_IRQHandler
                0x00000580                SPI0_IRQHandler
                0x00000584                SPI1_IRQHandler
                0x00000588                I2S0_Tx_IRQHandler
                0x0000058c                I2S0_Rx_IRQHandler
                0x00000590                UART0_LON_IRQHandler
                0x00000594                UART0_RX_TX_IRQHandler
                0x00000598                UART0_ERR_IRQHandler
                0x0000059c                UART1_RX_TX_IRQHandler
                0x000005a0                UART1_ERR_IRQHandler
                0x000005a4                UART2_RX_TX_IRQHandler
                0x000005a8                UART2_ERR_IRQHandler
                0x000005ac                UART3_RX_TX_IRQHandler
                0x000005b0                UART3_ERR_IRQHandler
                0x000005b4                SPI2_IRQHandler
                0x000005b8                UART4_RX_TX_IRQHandler
                0x000005bc                UART4_ERR_IRQHandler
                0x000005c0                UART5_RX_TX_IRQHandler
                0x000005c4                UART5_ERR_IRQHandler
                0x000005c8                I2C2_IRQHandler
                0x000005cc                CAN0_ORed_Message_buffer_IRQHandler
                0x000005d0                CAN0_Bus_Off_IRQHandler
                0x000005d4                CAN0_Error_IRQHandler
                0x000005d8                CAN0_Tx_Warning_IRQHandler
                0x000005dc                CAN0_Rx_Warning_IRQHandler
                0x000005e0                CAN0_Wake_Up_IRQHandler
                0x000005e4                SDHC_IRQHandler
                0x000005e8                ENET_1588_Timer_IRQHandler
 .text          0x000006bc       0x18 c:/freescale/kds_v3/toolchain/bin/../lib/gcc/arm-none-eabi/4.8.4/armv7e-m/softfp\libgcc.a(_ashldi3.o)
                0x000006bc                __aeabi_llsl
                0x000006bc                __ashldi3
 .text          0x000006d4       0x2c c:/freescale/kds_v3/toolchain/bin/../lib/gcc/arm-none-eabi/4.8.4/armv7e-m/softfp\libgcc.a(_aeabi_uldivmod.o)
                0x000006d4                __aeabi_uldivmod
 .text          0x00000700       0x60 c:/freescale/kds_v3/toolchain/bin/../lib/gcc/arm-none-eabi/4.8.4/armv7e-m/softfp\libgcc.a(bpabi.o)
                0x00000700                __gnu_ldivmod_helper
                0x00000730                __gnu_uldivmod_helper
 .text          0x00000760        0x4 c:/freescale/kds_v3/toolchain/bin/../lib/gcc/arm-none-eabi/4.8.4/armv7e-m/softfp\libgcc.a(_dvmd_tls.o)
                0x00000760                __aeabi_idiv0
                0x00000760                __aeabi_ldiv0
 .text          0x00000764      0x298 c:/freescale/kds_v3/toolchain/bin/../lib/gcc/arm-none-eabi/4.8.4/armv7e-m/softfp\libgcc.a(_divdi3.o)
                0x00000764                __divdi3
 .text          0x000009fc      0x284 c:/freescale/kds_v3/toolchain/bin/../lib/gcc/arm-none-eabi/4.8.4/armv7e-m/softfp\libgcc.a(_udivdi3.o)
                0x000009fc                __udivdi3
 .text          0x00000c80      0x134 c:/freescale/kds_v3/toolchain/bin/../lib/gcc/arm-none-eabi/4.8.4/../../../../arm-none-eabi/lib/armv7e-m/softfp\libg.a(lib_a-memcpy.o)
                0x00000c80                memcpy
 .text          0x00000db4      0x21c c:/freescale/kds_v3/toolchain/bin/../lib/gcc/arm-none-eabi/4.8.4/../../../../arm-none-eabi/lib/armv7e-m/softfp\libg.a(lib_a-strcmp.o)
                0x00000db4                strcmp
 .text          0x00000fd0      0x370 c:/freescale/kds_v3/toolchain/bin/../lib/gcc/arm-none-eabi/4.8.4/armv7e-m/softfp\libgcc.a(_arm_addsubdf3.o)
                0x00000fd0                __aeabi_drsub
                0x00000fd8                __aeabi_dsub
                0x00000fd8                __subdf3
                0x00000fdc                __aeabi_dadd
                0x00000fdc                __adddf3
                0x00001254                __floatunsidf
                0x00001254                __aeabi_ui2d
                0x00001274                __floatsidf
                0x00001274                __aeabi_i2d
                0x00001298                __aeabi_f2d
                0x00001298                __extendsfdf2
                0x000012d4                __floatundidf
                0x000012d4                __aeabi_ul2d
                0x000012e4                __floatdidf
                0x000012e4                __aeabi_l2d
 .text          0x00001340      0x424 c:/freescale/kds_v3/toolchain/bin/../lib/gcc/arm-none-eabi/4.8.4/armv7e-m/softfp\libgcc.a(_arm_muldivdf3.o)
                0x00001340                __aeabi_dmul
                0x00001340                __muldf3
                0x00001594                __divdf3
                0x00001594                __aeabi_ddiv
 .text          0x00001764      0x110 c:/freescale/kds_v3/toolchain/bin/../lib/gcc/arm-none-eabi/4.8.4/armv7e-m/softfp\libgcc.a(_arm_cmpdf2.o)
                0x00001764                __gtdf2
                0x00001764                __gedf2
                0x0000176c                __ltdf2
                0x0000176c                __ledf2
                0x00001774                __nedf2
                0x00001774                __eqdf2
                0x00001774                __cmpdf2
                0x000017f0                __aeabi_cdrcmple
                0x00001800                __aeabi_cdcmpeq
                0x00001800                __aeabi_cdcmple
                0x00001810                __aeabi_dcmpeq
                0x00001824                __aeabi_dcmplt
                0x00001838                __aeabi_dcmple
                0x0000184c                __aeabi_dcmpge
                0x00001860                __aeabi_dcmpgt
 .text          0x00001874       0x50 c:/freescale/kds_v3/toolchain/bin/../lib/gcc/arm-none-eabi/4.8.4/armv7e-m/softfp\libgcc.a(_arm_fixdfsi.o)
                0x00001874                __aeabi_d2iz
                0x00001874                __fixdfsi
 *(.text*)
 .text._ZN4mbed10DigitalOutC2E7PinName
                0x000018c4       0x24 main.o
                0x000018c4                mbed::DigitalOut::DigitalOut(PinName)
                0x000018c4                mbed::DigitalOut::DigitalOut(PinName)
 .text._ZN4mbed10DigitalOut5writeEi
                0x000018e8       0x1c main.o
                0x000018e8                mbed::DigitalOut::write(int)
 .text._ZN4mbed10DigitalOut4readEv
                0x00001904       0x1c main.o
                0x00001904                mbed::DigitalOut::read()
 .text._ZN4mbed10DigitalOutaSEi
                0x00001920       0x1c main.o
                0x00001920                mbed::DigitalOut::operator=(int)
 .text._ZN4mbed10DigitalOutcviEv
                0x0000193c       0x18 main.o
                0x0000193c                mbed::DigitalOut::operator int()
 .text._ZN13PlatformMutexD2Ev
                0x00001954       0x18 main.o
                0x00001954                PlatformMutex::~PlatformMutex()
                0x00001954                PlatformMutex::~PlatformMutex()
 .text.main     0x0000196c       0x58 main.o
                0x0000196c                main
 .text._ZN4mbed11NonCopyableI13PlatformMutexED2Ev
                0x000019c4       0x18 main.o
                0x000019c4                mbed::NonCopyable<PlatformMutex>::~NonCopyable()
                0x000019c4                mbed::NonCopyable<PlatformMutex>::~NonCopyable()
 .text._ZN4mbed6SerialD2Ev
                0x000019dc       0x68 main.o
                0x000019dc                mbed::Serial::~Serial()
                0x000019dc                mbed::Serial::~Serial()
 .text._ZN4mbed6SerialD1Ev
                0x00001a44       0x10 main.o
                0x00001a44                non-virtual thunk to mbed::Serial::~Serial()
                0x00001a4c                non-virtual thunk to mbed::Serial::~Serial()
 .text._ZN4mbed6SerialD0Ev
                0x00001a54       0x30 main.o
                0x00001a54                mbed::Serial::~Serial()
                0x00001a74                non-virtual thunk to mbed::Serial::~Serial()
                0x00001a7c                non-virtual thunk to mbed::Serial::~Serial()
 .text._Z41__static_initialization_and_destruction_0ii
                0x00001a84       0x5c main.o
 .text._ZN4mbed11NonCopyableINS_6SerialEED2Ev
                0x00001ae0       0x18 main.o
                0x00001ae0                mbed::NonCopyable<mbed::Serial>::~NonCopyable()
                0x00001ae0                mbed::NonCopyable<mbed::Serial>::~NonCopyable()
 .text._GLOBAL__sub_I_myled
                0x00001af8       0x10 main.o
 .text.CLOCK_GetInternalRefClkSelectFreq
                0x00001b08       0x30 ..\mbed\TARGET_K64F\TOOLCHAIN_GCC_ARM\fsl_clock.o
 .text.CLOCK_GetMcgExtClkFreq
                0x00001b38       0x5c ..\mbed\TARGET_K64F\TOOLCHAIN_GCC_ARM\fsl_clock.o
 .text.CLOCK_GetFllExtRefClkFreq
                0x00001b94       0x50 ..\mbed\TARGET_K64F\TOOLCHAIN_GCC_ARM\fsl_clock.o
 .text.CLOCK_GetOsc0ErClkFreq
                0x00001be4       0x38 ..\mbed\TARGET_K64F\TOOLCHAIN_GCC_ARM\fsl_clock.o
                0x00001be4                CLOCK_GetOsc0ErClkFreq
 .text.CLOCK_GetEr32kClkFreq
                0x00001c1c       0x54 ..\mbed\TARGET_K64F\TOOLCHAIN_GCC_ARM\fsl_clock.o
                0x00001c1c                CLOCK_GetEr32kClkFreq
 .text.CLOCK_SetSimConfig
                0x00001c70       0x3c ..\mbed\TARGET_K64F\TOOLCHAIN_GCC_ARM\fsl_clock.o
                0x00001c70                CLOCK_SetSimConfig
 .text.CLOCK_GetFllFreq
                0x00001cac       0x54 ..\mbed\TARGET_K64F\TOOLCHAIN_GCC_ARM\fsl_clock.o
                0x00001cac                CLOCK_GetFllFreq
 .text.CLOCK_GetInternalRefClkFreq
                0x00001d00       0x14 ..\mbed\TARGET_K64F\TOOLCHAIN_GCC_ARM\fsl_clock.o
                0x00001d00                CLOCK_GetInternalRefClkFreq
 .text.CLOCK_GetPll0Freq
                0x00001d14       0x54 ..\mbed\TARGET_K64F\TOOLCHAIN_GCC_ARM\fsl_clock.o
                0x00001d14                CLOCK_GetPll0Freq
 .text.CLOCK_GetPllFllSelClkFreq
                0x00001d68       0x28 ..\mbed\TARGET_K64F\TOOLCHAIN_GCC_ARM\fsl_clock.o
                0x00001d68                CLOCK_GetPllFllSelClkFreq
 .text.CLOCK_GetOutClkFreq
                0x00001d90       0x28 ..\mbed\TARGET_K64F\TOOLCHAIN_GCC_ARM\fsl_clock.o
                0x00001d90                CLOCK_GetOutClkFreq
 .text.CLOCK_GetFixedFreqClkFreq
                0x00001db8       0x34 ..\mbed\TARGET_K64F\TOOLCHAIN_GCC_ARM\fsl_clock.o
                0x00001db8                CLOCK_GetFixedFreqClkFreq
 .text.CLOCK_GetFreq
                0x00001dec       0xa8 ..\mbed\TARGET_K64F\TOOLCHAIN_GCC_ARM\fsl_clock.o
                0x00001dec                CLOCK_GetFreq
 .text.CLOCK_SetExternalRefClkConfig
                0x00001e94       0x48 ..\mbed\TARGET_K64F\TOOLCHAIN_GCC_ARM\fsl_clock.o
                0x00001e94                CLOCK_SetExternalRefClkConfig
 .text.CLOCK_SetInternalRefClkConfig
                0x00001edc       0x8c ..\mbed\TARGET_K64F\TOOLCHAIN_GCC_ARM\fsl_clock.o
                0x00001edc                CLOCK_SetInternalRefClkConfig
 .text.CLOCK_EnablePll0
                0x00001f68       0x58 ..\mbed\TARGET_K64F\TOOLCHAIN_GCC_ARM\fsl_clock.o
                0x00001f68                CLOCK_EnablePll0
 .text.CLOCK_InitOsc0
                0x00001fc0       0x6c ..\mbed\TARGET_K64F\TOOLCHAIN_GCC_ARM\fsl_clock.o
                0x00001fc0                CLOCK_InitOsc0
 .text.CLOCK_SetPbeMode
                0x0000202c       0x78 ..\mbed\TARGET_K64F\TOOLCHAIN_GCC_ARM\fsl_clock.o
                0x0000202c                CLOCK_SetPbeMode
 .text.CLOCK_BootToPeeMode
                0x000020a4       0x4c ..\mbed\TARGET_K64F\TOOLCHAIN_GCC_ARM\fsl_clock.o
                0x000020a4                CLOCK_BootToPeeMode
 .text.BOARD_BootClockRUN
                0x000020f0       0x58 ..\mbed\TARGET_K64F\TOOLCHAIN_GCC_ARM\fsl_clock_config.o
                0x000020f0                BOARD_BootClockRUN
 .text.DSPI_CommonIRQHandler
                0x00002148       0x18 ..\mbed\TARGET_K64F\TOOLCHAIN_GCC_ARM\fsl_dspi.o
 .text.SPI0_DriverIRQHandler
                0x00002160       0x34 ..\mbed\TARGET_K64F\TOOLCHAIN_GCC_ARM\fsl_dspi.o
                0x00002160                SPI0_DriverIRQHandler
 .text.SPI1_DriverIRQHandler
                0x00002194       0x34 ..\mbed\TARGET_K64F\TOOLCHAIN_GCC_ARM\fsl_dspi.o
                0x00002194                SPI1_DriverIRQHandler
 .text.SPI2_DriverIRQHandler
                0x000021c8       0x34 ..\mbed\TARGET_K64F\TOOLCHAIN_GCC_ARM\fsl_dspi.o
                0x000021c8                SPI2_DriverIRQHandler
 .text.EDMA_HandleIRQ
                0x000021fc       0xb0 ..\mbed\TARGET_K64F\TOOLCHAIN_GCC_ARM\fsl_edma.o
                0x000021fc                EDMA_HandleIRQ
 .text.DMA0_DriverIRQHandler
                0x000022ac        0xc ..\mbed\TARGET_K64F\TOOLCHAIN_GCC_ARM\fsl_edma.o
                0x000022ac                DMA0_DriverIRQHandler
 .text.DMA1_DriverIRQHandler
                0x000022b8        0xc ..\mbed\TARGET_K64F\TOOLCHAIN_GCC_ARM\fsl_edma.o
                0x000022b8                DMA1_DriverIRQHandler
 .text.DMA2_DriverIRQHandler
                0x000022c4        0xc ..\mbed\TARGET_K64F\TOOLCHAIN_GCC_ARM\fsl_edma.o
                0x000022c4                DMA2_DriverIRQHandler
 .text.DMA3_DriverIRQHandler
                0x000022d0        0xc ..\mbed\TARGET_K64F\TOOLCHAIN_GCC_ARM\fsl_edma.o
                0x000022d0                DMA3_DriverIRQHandler
 .text.DMA4_DriverIRQHandler
                0x000022dc        0xc ..\mbed\TARGET_K64F\TOOLCHAIN_GCC_ARM\fsl_edma.o
                0x000022dc                DMA4_DriverIRQHandler
 .text.DMA5_DriverIRQHandler
                0x000022e8        0xc ..\mbed\TARGET_K64F\TOOLCHAIN_GCC_ARM\fsl_edma.o
                0x000022e8                DMA5_DriverIRQHandler
 .text.DMA6_DriverIRQHandler
                0x000022f4        0xc ..\mbed\TARGET_K64F\TOOLCHAIN_GCC_ARM\fsl_edma.o
                0x000022f4                DMA6_DriverIRQHandler
 .text.DMA7_DriverIRQHandler
                0x00002300        0xc ..\mbed\TARGET_K64F\TOOLCHAIN_GCC_ARM\fsl_edma.o
                0x00002300                DMA7_DriverIRQHandler
 .text.DMA8_DriverIRQHandler
                0x0000230c        0xc ..\mbed\TARGET_K64F\TOOLCHAIN_GCC_ARM\fsl_edma.o
                0x0000230c                DMA8_DriverIRQHandler
 .text.DMA9_DriverIRQHandler
                0x00002318        0xc ..\mbed\TARGET_K64F\TOOLCHAIN_GCC_ARM\fsl_edma.o
                0x00002318                DMA9_DriverIRQHandler
 .text.DMA10_DriverIRQHandler
                0x00002324        0xc ..\mbed\TARGET_K64F\TOOLCHAIN_GCC_ARM\fsl_edma.o
                0x00002324                DMA10_DriverIRQHandler
 .text.DMA11_DriverIRQHandler
                0x00002330        0xc ..\mbed\TARGET_K64F\TOOLCHAIN_GCC_ARM\fsl_edma.o
                0x00002330                DMA11_DriverIRQHandler
 .text.DMA12_DriverIRQHandler
                0x0000233c        0xc ..\mbed\TARGET_K64F\TOOLCHAIN_GCC_ARM\fsl_edma.o
                0x0000233c                DMA12_DriverIRQHandler
 .text.DMA13_DriverIRQHandler
                0x00002348        0xc ..\mbed\TARGET_K64F\TOOLCHAIN_GCC_ARM\fsl_edma.o
                0x00002348                DMA13_DriverIRQHandler
 .text.DMA14_DriverIRQHandler
                0x00002354        0xc ..\mbed\TARGET_K64F\TOOLCHAIN_GCC_ARM\fsl_edma.o
                0x00002354                DMA14_DriverIRQHandler
 .text.DMA15_DriverIRQHandler
                0x00002360        0xc ..\mbed\TARGET_K64F\TOOLCHAIN_GCC_ARM\fsl_edma.o
                0x00002360                DMA15_DriverIRQHandler
 .text.ENET_Transmit_IRQHandler
                0x0000236c       0x18 ..\mbed\TARGET_K64F\TOOLCHAIN_GCC_ARM\fsl_enet.o
                0x0000236c                ENET_Transmit_IRQHandler
 .text.ENET_Receive_IRQHandler
                0x00002384       0x18 ..\mbed\TARGET_K64F\TOOLCHAIN_GCC_ARM\fsl_enet.o
                0x00002384                ENET_Receive_IRQHandler
 .text.ENET_Error_IRQHandler
                0x0000239c       0x18 ..\mbed\TARGET_K64F\TOOLCHAIN_GCC_ARM\fsl_enet.o
                0x0000239c                ENET_Error_IRQHandler
 .text.CAN0_DriverIRQHandler
                0x000023b4       0x3c ..\mbed\TARGET_K64F\TOOLCHAIN_GCC_ARM\fsl_flexcan.o
                0x000023b4                CAN0_DriverIRQHandler
 .text.I2C_TransferCommonIRQHandler
                0x000023f0       0x34 ..\mbed\TARGET_K64F\TOOLCHAIN_GCC_ARM\fsl_i2c.o
 .text.I2C0_DriverIRQHandler
                0x00002424       0x14 ..\mbed\TARGET_K64F\TOOLCHAIN_GCC_ARM\fsl_i2c.o
                0x00002424                I2C0_DriverIRQHandler
 .text.I2C1_DriverIRQHandler
                0x00002438       0x14 ..\mbed\TARGET_K64F\TOOLCHAIN_GCC_ARM\fsl_i2c.o
                0x00002438                I2C1_DriverIRQHandler
 .text.I2C2_DriverIRQHandler
                0x0000244c       0x14 ..\mbed\TARGET_K64F\TOOLCHAIN_GCC_ARM\fsl_i2c.o
                0x0000244c                I2C2_DriverIRQHandler
 .text.PIT_GetInstance
                0x00002460       0x28 ..\mbed\TARGET_K64F\TOOLCHAIN_GCC_ARM\fsl_pit.o
 .text.PIT_Init
                0x00002488       0x50 ..\mbed\TARGET_K64F\TOOLCHAIN_GCC_ARM\fsl_pit.o
                0x00002488                PIT_Init
 .text.I2S0_Tx_DriverIRQHandler
                0x000024d8       0x3c ..\mbed\TARGET_K64F\TOOLCHAIN_GCC_ARM\fsl_sai.o
                0x000024d8                I2S0_Tx_DriverIRQHandler
 .text.I2S0_Rx_DriverIRQHandler
                0x00002514       0x3c ..\mbed\TARGET_K64F\TOOLCHAIN_GCC_ARM\fsl_sai.o
                0x00002514                I2S0_Rx_DriverIRQHandler
 .text.SDHC_DriverIRQHandler
                0x00002550       0x3c ..\mbed\TARGET_K64F\TOOLCHAIN_GCC_ARM\fsl_sdhc.o
                0x00002550                SDHC_DriverIRQHandler
 .text.UART_GetInstance
                0x0000258c       0x34 ..\mbed\TARGET_K64F\TOOLCHAIN_GCC_ARM\fsl_uart.o
                0x0000258c                UART_GetInstance
 .text.UART_Init
                0x000025c0      0x174 ..\mbed\TARGET_K64F\TOOLCHAIN_GCC_ARM\fsl_uart.o
                0x000025c0                UART_Init
 .text.UART_GetDefaultConfig
                0x00002734       0x38 ..\mbed\TARGET_K64F\TOOLCHAIN_GCC_ARM\fsl_uart.o
                0x00002734                UART_GetDefaultConfig
 .text.UART_SetBaudRate
                0x0000276c       0x8c ..\mbed\TARGET_K64F\TOOLCHAIN_GCC_ARM\fsl_uart.o
                0x0000276c                UART_SetBaudRate
 .text.UART_EnableInterrupts
                0x000027f8       0x36 ..\mbed\TARGET_K64F\TOOLCHAIN_GCC_ARM\fsl_uart.o
                0x000027f8                UART_EnableInterrupts
 .text.UART_DisableInterrupts
                0x0000282e       0x32 ..\mbed\TARGET_K64F\TOOLCHAIN_GCC_ARM\fsl_uart.o
                0x0000282e                UART_DisableInterrupts
 .text.UART_GetEnabledInterrupts
                0x00002860       0x26 ..\mbed\TARGET_K64F\TOOLCHAIN_GCC_ARM\fsl_uart.o
                0x00002860                UART_GetEnabledInterrupts
 .text.UART_GetStatusFlags
                0x00002886       0x16 ..\mbed\TARGET_K64F\TOOLCHAIN_GCC_ARM\fsl_uart.o
                0x00002886                UART_GetStatusFlags
 .text.UART_ClearStatusFlags
                0x0000289c       0x40 ..\mbed\TARGET_K64F\TOOLCHAIN_GCC_ARM\fsl_uart.o
                0x0000289c                UART_ClearStatusFlags
 .text.UART0_DriverIRQHandler
                0x000028dc       0x18 ..\mbed\TARGET_K64F\TOOLCHAIN_GCC_ARM\fsl_uart.o
                0x000028dc                UART0_DriverIRQHandler
 .text.UART0_RX_TX_DriverIRQHandler
                0x000028f4        0x4 ..\mbed\TARGET_K64F\TOOLCHAIN_GCC_ARM\fsl_uart.o
                0x000028f4                UART0_RX_TX_DriverIRQHandler
 .text.UART1_DriverIRQHandler
                0x000028f8       0x18 ..\mbed\TARGET_K64F\TOOLCHAIN_GCC_ARM\fsl_uart.o
                0x000028f8                UART1_DriverIRQHandler
 .text.UART1_RX_TX_DriverIRQHandler
                0x00002910        0x4 ..\mbed\TARGET_K64F\TOOLCHAIN_GCC_ARM\fsl_uart.o
                0x00002910                UART1_RX_TX_DriverIRQHandler
 .text.UART2_DriverIRQHandler
                0x00002914       0x18 ..\mbed\TARGET_K64F\TOOLCHAIN_GCC_ARM\fsl_uart.o
                0x00002914                UART2_DriverIRQHandler
 .text.UART2_RX_TX_DriverIRQHandler
                0x0000292c        0x4 ..\mbed\TARGET_K64F\TOOLCHAIN_GCC_ARM\fsl_uart.o
                0x0000292c                UART2_RX_TX_DriverIRQHandler
 .text.UART3_DriverIRQHandler
                0x00002930       0x18 ..\mbed\TARGET_K64F\TOOLCHAIN_GCC_ARM\fsl_uart.o
                0x00002930                UART3_DriverIRQHandler
 .text.UART3_RX_TX_DriverIRQHandler
                0x00002948        0x4 ..\mbed\TARGET_K64F\TOOLCHAIN_GCC_ARM\fsl_uart.o
                0x00002948                UART3_RX_TX_DriverIRQHandler
 .text.UART4_DriverIRQHandler
                0x0000294c       0x18 ..\mbed\TARGET_K64F\TOOLCHAIN_GCC_ARM\fsl_uart.o
                0x0000294c                UART4_DriverIRQHandler
 .text.UART4_RX_TX_DriverIRQHandler
                0x00002964        0x4 ..\mbed\TARGET_K64F\TOOLCHAIN_GCC_ARM\fsl_uart.o
                0x00002964                UART4_RX_TX_DriverIRQHandler
 .text.UART5_DriverIRQHandler
                0x00002968       0x18 ..\mbed\TARGET_K64F\TOOLCHAIN_GCC_ARM\fsl_uart.o
                0x00002968                UART5_DriverIRQHandler
 .text.UART5_RX_TX_DriverIRQHandler
                0x00002980        0x4 ..\mbed\TARGET_K64F\TOOLCHAIN_GCC_ARM\fsl_uart.o
                0x00002980                UART5_RX_TX_DriverIRQHandler
 .text.gpio_init
                0x00002984       0x12 ..\mbed\TARGET_K64F\TOOLCHAIN_GCC_ARM\gpio_api.o
                0x00002984                gpio_init
 .text.gpio_mode
                0x00002996        0x6 ..\mbed\TARGET_K64F\TOOLCHAIN_GCC_ARM\gpio_api.o
                0x00002996                gpio_mode
 .text.gpio_dir
                0x0000299c       0x4c ..\mbed\TARGET_K64F\TOOLCHAIN_GCC_ARM\gpio_api.o
                0x0000299c                gpio_dir
 .text.gpio_write
                0x000029e8       0x44 ..\mbed\TARGET_K64F\TOOLCHAIN_GCC_ARM\gpio_api.o
                0x000029e8                gpio_write
 .text.gpio_read
                0x00002a2c       0x38 ..\mbed\TARGET_K64F\TOOLCHAIN_GCC_ARM\gpio_api.o
                0x00002a2c                gpio_read
 .text.mbed_die
                0x00002a64       0x5a ..\mbed\TARGET_K64F\TOOLCHAIN_GCC_ARM\mbed_board.o
                0x00002a64                mbed_die
 *fill*         0x00002abe        0x2 
 .text.mbed_error_vfprintf
                0x00002ac0       0x58 ..\mbed\TARGET_K64F\TOOLCHAIN_GCC_ARM\mbed_board.o
                0x00002ac0                mbed_error_vfprintf
 .text.mbed_error_printf
                0x00002b18       0x1a ..\mbed\TARGET_K64F\TOOLCHAIN_GCC_ARM\mbed_board.o
                0x00002b18                mbed_error_printf
 .text.mbed_sdk_init
                0x00002b32        0x4 ..\mbed\TARGET_K64F\TOOLCHAIN_GCC_ARM\mbed_overrides.o
                0x00002b32                mbed_sdk_init
 .text.NMI_Handler
                0x00002b36       0x12 ..\mbed\TARGET_K64F\TOOLCHAIN_GCC_ARM\mbed_overrides.o
                0x00002b36                NMI_Handler
 .text._ZL11init_serialv
                0x00002b48       0x30 ..\mbed\TARGET_K64F\TOOLCHAIN_GCC_ARM\mbed_retarget.o
 .text._close   0x00002b78       0x40 ..\mbed\TARGET_K64F\TOOLCHAIN_GCC_ARM\mbed_retarget.o
                0x00002b78                _close
 .text._write   0x00002bb8       0x64 ..\mbed\TARGET_K64F\TOOLCHAIN_GCC_ARM\mbed_retarget.o
                0x00002bb8                _write
 .text._read    0x00002c1c       0x58 ..\mbed\TARGET_K64F\TOOLCHAIN_GCC_ARM\mbed_retarget.o
                0x00002c1c                _read
 .text._isatty  0x00002c74       0x3c ..\mbed\TARGET_K64F\TOOLCHAIN_GCC_ARM\mbed_retarget.o
                0x00002c74                _isatty
 .text._lseek   0x00002cb0       0x44 ..\mbed\TARGET_K64F\TOOLCHAIN_GCC_ARM\mbed_retarget.o
                0x00002cb0                _lseek
 .text._fstat   0x00002cf4       0x50 ..\mbed\TARGET_K64F\TOOLCHAIN_GCC_ARM\mbed_retarget.o
                0x00002cf4                _fstat
 .text.__cxa_pure_virtual
                0x00002d44        0x8 ..\mbed\TARGET_K64F\TOOLCHAIN_GCC_ARM\mbed_retarget.o
                0x00002d44                __cxa_pure_virtual
 .text._sbrk    0x00002d4c       0x44 ..\mbed\TARGET_K64F\TOOLCHAIN_GCC_ARM\mbed_retarget.o
                0x00002d4c                _sbrk
 .text._exit    0x00002d90       0x24 ..\mbed\TARGET_K64F\TOOLCHAIN_GCC_ARM\mbed_retarget.o
                0x00002d90                _exit
 .text.__aeabi_atexit
                0x00002db4        0x4 ..\mbed\TARGET_K64F\TOOLCHAIN_GCC_ARM\mbed_retarget.o
                0x00002db4                __aeabi_atexit
 .text._ZN4mbed26mbed_set_unbuffered_streamEP7__sFILE
                0x00002db8        0x6 ..\mbed\TARGET_K64F\TOOLCHAIN_GCC_ARM\mbed_retarget.o
                0x00002db8                mbed::mbed_set_unbuffered_stream(__sFILE*)
 .text._ZN4mbed11mbed_fdopenEPNS_10FileHandleEPKc
                0x00002dbe       0x3c ..\mbed\TARGET_K64F\TOOLCHAIN_GCC_ARM\mbed_retarget.o
                0x00002dbe                mbed::mbed_fdopen(mbed::FileHandle*, char const*)
 .text.__rtos_malloc_lock
                0x00002dfa        0x2 ..\mbed\TARGET_K64F\TOOLCHAIN_GCC_ARM\mbed_retarget.o
                0x00002dfa                __rtos_malloc_lock
 .text.__rtos_malloc_unlock
                0x00002dfc        0x2 ..\mbed\TARGET_K64F\TOOLCHAIN_GCC_ARM\mbed_retarget.o
                0x00002dfc                __rtos_malloc_unlock
 .text.__malloc_lock
                0x00002dfe        0x8 ..\mbed\TARGET_K64F\TOOLCHAIN_GCC_ARM\mbed_retarget.o
                0x00002dfe                __malloc_lock
 .text.__malloc_unlock
                0x00002e06        0x8 ..\mbed\TARGET_K64F\TOOLCHAIN_GCC_ARM\mbed_retarget.o
                0x00002e06                __malloc_unlock
 .text._ZdlPv   0x00002e0e        0x4 ..\mbed\TARGET_K64F\TOOLCHAIN_GCC_ARM\mbed_retarget.o
                0x00002e0e                operator delete(void*)
 *fill*         0x00002e12        0x2 
 .text.us_ticker_get_info
                0x00002e14        0x8 ..\mbed\TARGET_K64F\TOOLCHAIN_GCC_ARM\mbed_retarget.o
                0x00002e14                us_ticker_get_info
 .text._ZN12SingletonPtrI13PlatformMutexE3getEv
                0x00002e1c       0x2c ..\mbed\TARGET_K64F\TOOLCHAIN_GCC_ARM\mbed_retarget.o
                0x00002e1c                SingletonPtr<PlatformMutex>::get()
 .text._ZN4mbed17remove_filehandleEPNS_10FileHandleE
                0x00002e48       0x34 ..\mbed\TARGET_K64F\TOOLCHAIN_GCC_ARM\mbed_retarget.o
                0x00002e48                mbed::remove_filehandle(mbed::FileHandle*)
 .text._open    0x00002e7c      0x11c ..\mbed\TARGET_K64F\TOOLCHAIN_GCC_ARM\mbed_retarget.o
                0x00002e7c                _open
 .text.software_init_hook_rtos
                0x00002f98        0x2 ..\mbed\TARGET_K64F\TOOLCHAIN_GCC_ARM\mbed_sdk_boot.o
                0x00002f98                software_init_hook_rtos
 *fill*         0x00002f9a        0x2 
 .text.mbed_copy_nvic
                0x00002f9c       0x28 ..\mbed\TARGET_K64F\TOOLCHAIN_GCC_ARM\mbed_sdk_boot.o
                0x00002f9c                mbed_copy_nvic
 .text.software_init_hook
                0x00002fc4       0x10 ..\mbed\TARGET_K64F\TOOLCHAIN_GCC_ARM\mbed_sdk_boot.o
                0x00002fc4                software_init_hook
 .text.pin_function
                0x00002fd4       0x74 ..\mbed\TARGET_K64F\TOOLCHAIN_GCC_ARM\pinmap.o
                0x00002fd4                pin_function
 .text.pin_mode
                0x00003048       0x60 ..\mbed\TARGET_K64F\TOOLCHAIN_GCC_ARM\pinmap.o
                0x00003048                pin_mode
 .text.uart_irq
                0x000030a8       0x48 ..\mbed\TARGET_K64F\TOOLCHAIN_GCC_ARM\serial_api.o
 .text.uart0_irq
                0x000030f0       0x18 ..\mbed\TARGET_K64F\TOOLCHAIN_GCC_ARM\serial_api.o
                0x000030f0                uart0_irq
 .text.uart1_irq
                0x00003108       0x18 ..\mbed\TARGET_K64F\TOOLCHAIN_GCC_ARM\serial_api.o
                0x00003108                uart1_irq
 .text.uart2_irq
                0x00003120       0x18 ..\mbed\TARGET_K64F\TOOLCHAIN_GCC_ARM\serial_api.o
                0x00003120                uart2_irq
 .text.uart3_irq
                0x00003138       0x18 ..\mbed\TARGET_K64F\TOOLCHAIN_GCC_ARM\serial_api.o
                0x00003138                uart3_irq
 .text.uart4_irq
                0x00003150       0x18 ..\mbed\TARGET_K64F\TOOLCHAIN_GCC_ARM\serial_api.o
                0x00003150                uart4_irq
 .text.uart5_irq
                0x00003168       0x18 ..\mbed\TARGET_K64F\TOOLCHAIN_GCC_ARM\serial_api.o
                0x00003168                uart5_irq
 .text.serial_init
                0x00003180       0xfc ..\mbed\TARGET_K64F\TOOLCHAIN_GCC_ARM\serial_api.o
                0x00003180                serial_init
 .text.serial_baud
                0x0000327c       0x2c ..\mbed\TARGET_K64F\TOOLCHAIN_GCC_ARM\serial_api.o
                0x0000327c                serial_baud
 .text.serial_irq_handler
                0x000032a8       0x18 ..\mbed\TARGET_K64F\TOOLCHAIN_GCC_ARM\serial_api.o
                0x000032a8                serial_irq_handler
 .text.serial_irq_set
                0x000032c0      0x140 ..\mbed\TARGET_K64F\TOOLCHAIN_GCC_ARM\serial_api.o
                0x000032c0                serial_irq_set
 .text.serial_readable
                0x00003400       0x2c ..\mbed\TARGET_K64F\TOOLCHAIN_GCC_ARM\serial_api.o
                0x00003400                serial_readable
 .text.serial_getc
                0x0000342c       0x20 ..\mbed\TARGET_K64F\TOOLCHAIN_GCC_ARM\serial_api.o
                0x0000342c                serial_getc
 .text.serial_writable
                0x0000344c       0x2c ..\mbed\TARGET_K64F\TOOLCHAIN_GCC_ARM\serial_api.o
                0x0000344c                serial_writable
 .text.serial_putc
                0x00003478       0x24 ..\mbed\TARGET_K64F\TOOLCHAIN_GCC_ARM\serial_api.o
                0x00003478                serial_putc
 .text.SystemInit
                0x0000349c       0x2c ..\mbed\TARGET_K64F\TOOLCHAIN_GCC_ARM\system_MK64F12.o
                0x0000349c                SystemInit
 .text.pit_isr  0x000034c8       0x2c ..\mbed\TARGET_K64F\TOOLCHAIN_GCC_ARM\us_ticker.o
 .text.us_ticker_init
                0x000034f4       0x98 ..\mbed\TARGET_K64F\TOOLCHAIN_GCC_ARM\us_ticker.o
                0x000034f4                us_ticker_init
 .text.us_ticker_read
                0x0000358c       0x20 ..\mbed\TARGET_K64F\TOOLCHAIN_GCC_ARM\us_ticker.o
                0x0000358c                us_ticker_read
 .text.us_ticker_disable_interrupt
                0x000035ac       0x14 ..\mbed\TARGET_K64F\TOOLCHAIN_GCC_ARM\us_ticker.o
                0x000035ac                us_ticker_disable_interrupt
 .text.us_ticker_clear_interrupt
                0x000035c0       0x10 ..\mbed\TARGET_K64F\TOOLCHAIN_GCC_ARM\us_ticker.o
                0x000035c0                us_ticker_clear_interrupt
 .text.us_ticker_set_interrupt
                0x000035d0       0x54 ..\mbed\TARGET_K64F\TOOLCHAIN_GCC_ARM\us_ticker.o
                0x000035d0                us_ticker_set_interrupt
 .text.us_ticker_fire_interrupt
                0x00003624       0x10 ..\mbed\TARGET_K64F\TOOLCHAIN_GCC_ARM\us_ticker.o
                0x00003624                us_ticker_fire_interrupt
 .text._ZN4mbed10SerialBase4lockEv
                0x00003634        0x2 D:\k64\frdm_serial\mbed\TARGET_K64F\TOOLCHAIN_GCC_ARM\libmbed.a(SerialBase.o)
                0x00003634                mbed::SerialBase::lock()
 .text._ZN4mbed10SerialBase6unlockEv
                0x00003636        0x2 D:\k64\frdm_serial\mbed\TARGET_K64F\TOOLCHAIN_GCC_ARM\libmbed.a(SerialBase.o)
                0x00003636                mbed::SerialBase::unlock()
 .text._ZN6CThunkIN4mbed10SerialBaseEE10trampolineEPS1_PvPMS1_FvS4_E
                0x00003638       0x2c D:\k64\frdm_serial\mbed\TARGET_K64F\TOOLCHAIN_GCC_ARM\libmbed.a(SerialBase.o)
                0x00003638                CThunk<mbed::SerialBase>::trampoline(mbed::SerialBase*, void*, void (mbed::SerialBase::**)(void*))
 .text._ZN4mbed10SerialBase12_irq_handlerEm9SerialIrq
                0x00003664       0x3c D:\k64\frdm_serial\mbed\TARGET_K64F\TOOLCHAIN_GCC_ARM\libmbed.a(SerialBase.o)
                0x00003664                mbed::SerialBase::_irq_handler(unsigned long, SerialIrq)
 .text._ZN4mbed10SerialBase10_base_getcEv
                0x000036a0        0x6 D:\k64\frdm_serial\mbed\TARGET_K64F\TOOLCHAIN_GCC_ARM\libmbed.a(SerialBase.o)
                0x000036a0                mbed::SerialBase::_base_getc()
 .text._ZN4mbed10SerialBase10_base_putcEi
                0x000036a6        0xe D:\k64\frdm_serial\mbed\TARGET_K64F\TOOLCHAIN_GCC_ARM\libmbed.a(SerialBase.o)
                0x000036a6                mbed::SerialBase::_base_putc(int)
 .text._ZN4mbed8CallbackIFviEED2Ev
                0x000036b4       0x10 D:\k64\frdm_serial\mbed\TARGET_K64F\TOOLCHAIN_GCC_ARM\libmbed.a(SerialBase.o)
                0x000036b4                mbed::Callback<void (int)>::~Callback()
                0x000036b4                mbed::Callback<void (int)>::~Callback()
 .text._ZN4mbed8CallbackIFvvEED2Ev
                0x000036c4       0x10 D:\k64\frdm_serial\mbed\TARGET_K64F\TOOLCHAIN_GCC_ARM\libmbed.a(SerialBase.o)
                0x000036c4                mbed::Callback<void ()>::~Callback()
                0x000036c4                mbed::Callback<void ()>::~Callback()
 .text._ZN4mbed8CallbackIFvvEEaSERKS2_
                0x000036d4       0x24 D:\k64\frdm_serial\mbed\TARGET_K64F\TOOLCHAIN_GCC_ARM\libmbed.a(SerialBase.o)
                0x000036d4                mbed::Callback<void ()>::operator=(mbed::Callback<void ()> const&)
 .text._ZN4mbed10SerialBaseC2E7PinNameS1_i
                0x000036f8       0xf4 D:\k64\frdm_serial\mbed\TARGET_K64F\TOOLCHAIN_GCC_ARM\libmbed.a(SerialBase.o)
                0x000036f8                mbed::SerialBase::SerialBase(PinName, PinName, int)
                0x000036f8                mbed::SerialBase::SerialBase(PinName, PinName, int)
 .text._ZN4mbed10SerialBase6attachENS_8CallbackIFvvEEENS0_7IrqTypeE
                0x000037ec       0x76 D:\k64\frdm_serial\mbed\TARGET_K64F\TOOLCHAIN_GCC_ARM\libmbed.a(SerialBase.o)
                0x000037ec                mbed::SerialBase::attach(mbed::Callback<void ()>, mbed::SerialBase::IrqType)
 *fill*         0x00003862        0x2 
 .text._ZN4mbed10SerialBaseD2Ev
                0x00003864       0x70 D:\k64\frdm_serial\mbed\TARGET_K64F\TOOLCHAIN_GCC_ARM\libmbed.a(SerialBase.o)
                0x00003864                mbed::SerialBase::~SerialBase()
                0x00003864                mbed::SerialBase::~SerialBase()
 .text._ZN4mbed10SerialBaseD0Ev
                0x000038d4       0x12 D:\k64\frdm_serial\mbed\TARGET_K64F\TOOLCHAIN_GCC_ARM\libmbed.a(SerialBase.o)
                0x000038d4                mbed::SerialBase::~SerialBase()
 .text._ZN4mbed10FileHandle5lseekEli
                0x000038e6        0x6 D:\k64\frdm_serial\mbed\TARGET_K64F\TOOLCHAIN_GCC_ARM\libmbed.a(Serial.o)
                0x000038e6                mbed::FileHandle::lseek(long, int)
 .text._ZN4mbed10FileHandle5fsyncEv
                0x000038ec        0x6 D:\k64\frdm_serial\mbed\TARGET_K64F\TOOLCHAIN_GCC_ARM\libmbed.a(Serial.o)
                0x000038ec                mbed::FileHandle::fsync()
 .text._ZN4mbed10FileHandle4flenEv
                0x000038f2        0x6 D:\k64\frdm_serial\mbed\TARGET_K64F\TOOLCHAIN_GCC_ARM\libmbed.a(Serial.o)
                0x000038f2                mbed::FileHandle::flen()
 .text._ZN4mbed10FileHandle12set_blockingEb
                0x000038f8        0x6 D:\k64\frdm_serial\mbed\TARGET_K64F\TOOLCHAIN_GCC_ARM\libmbed.a(Serial.o)
                0x000038f8                mbed::FileHandle::set_blocking(bool)
 .text._ZNK4mbed10FileHandle4pollEs
                0x000038fe        0x4 D:\k64\frdm_serial\mbed\TARGET_K64F\TOOLCHAIN_GCC_ARM\libmbed.a(Serial.o)
                0x000038fe                mbed::FileHandle::poll(short) const
 .text._ZN4mbed10FileHandle5sigioENS_8CallbackIFvvEEE
                0x00003902        0x2 D:\k64\frdm_serial\mbed\TARGET_K64F\TOOLCHAIN_GCC_ARM\libmbed.a(Serial.o)
                0x00003902                mbed::FileHandle::sigio(mbed::Callback<void ()>)
 .text._ZN4mbed6Serial6unlockEv
                0x00003904        0x2 D:\k64\frdm_serial\mbed\TARGET_K64F\TOOLCHAIN_GCC_ARM\libmbed.a(Serial.o)
                0x00003904                mbed::Serial::unlock()
                0x00003904                mbed::Serial::lock()
 .text._ZThn300_N4mbed6Serial4lockEv
                0x00003906        0x8 D:\k64\frdm_serial\mbed\TARGET_K64F\TOOLCHAIN_GCC_ARM\libmbed.a(Serial.o)
                0x00003906                non-virtual thunk to mbed::Serial::lock()
 .text._ZThn300_N4mbed6Serial6unlockEv
                0x0000390e        0x8 D:\k64\frdm_serial\mbed\TARGET_K64F\TOOLCHAIN_GCC_ARM\libmbed.a(Serial.o)
                0x0000390e                non-virtual thunk to mbed::Serial::unlock()
 .text._ZN4mbed6Serial5_getcEv
                0x00003916        0x4 D:\k64\frdm_serial\mbed\TARGET_K64F\TOOLCHAIN_GCC_ARM\libmbed.a(Serial.o)
                0x00003916                mbed::Serial::_getc()
 .text._ZThn300_N4mbed6Serial5_getcEv
                0x0000391a        0x8 D:\k64\frdm_serial\mbed\TARGET_K64F\TOOLCHAIN_GCC_ARM\libmbed.a(Serial.o)
                0x0000391a                non-virtual thunk to mbed::Serial::_getc()
 .text._ZN4mbed6Serial5_putcEi
                0x00003922        0x4 D:\k64\frdm_serial\mbed\TARGET_K64F\TOOLCHAIN_GCC_ARM\libmbed.a(Serial.o)
                0x00003922                mbed::Serial::_putc(int)
 .text._ZThn300_N4mbed6Serial5_putcEi
                0x00003926        0x8 D:\k64\frdm_serial\mbed\TARGET_K64F\TOOLCHAIN_GCC_ARM\libmbed.a(Serial.o)
                0x00003926                non-virtual thunk to mbed::Serial::_putc(int)
 *fill*         0x0000392e        0x2 
 .text._ZN4mbed6SerialC2E7PinNameS1_PKci
                0x00003930       0x34 D:\k64\frdm_serial\mbed\TARGET_K64F\TOOLCHAIN_GCC_ARM\libmbed.a(Serial.o)
                0x00003930                mbed::Serial::Serial(PinName, PinName, char const*, int)
                0x00003930                mbed::Serial::Serial(PinName, PinName, char const*, int)
 .text._gpio_init_in
                0x00003964       0x26 D:\k64\frdm_serial\mbed\TARGET_K64F\TOOLCHAIN_GCC_ARM\libmbed.a(mbed_gpio.o)
 .text.gpio_init_in
                0x0000398a        0x6 D:\k64\frdm_serial\mbed\TARGET_K64F\TOOLCHAIN_GCC_ARM\libmbed.a(mbed_gpio.o)
                0x0000398a                gpio_init_in
 .text.gpio_init_out_ex
                0x00003990       0x2e D:\k64\frdm_serial\mbed\TARGET_K64F\TOOLCHAIN_GCC_ARM\libmbed.a(mbed_gpio.o)
                0x00003990                gpio_init_out_ex
 .text.gpio_init_out
                0x000039be        0x6 D:\k64\frdm_serial\mbed\TARGET_K64F\TOOLCHAIN_GCC_ARM\libmbed.a(mbed_gpio.o)
                0x000039be                gpio_init_out
 .text.sleep_manager_lock_deep_sleep
                0x000039c4       0x34 D:\k64\frdm_serial\mbed\TARGET_K64F\TOOLCHAIN_GCC_ARM\libmbed.a(mbed_sleep_manager.o)
                0x000039c4                sleep_manager_lock_deep_sleep
 .text.sleep_manager_unlock_deep_sleep
                0x000039f8       0x30 D:\k64\frdm_serial\mbed\TARGET_K64F\TOOLCHAIN_GCC_ARM\libmbed.a(mbed_sleep_manager.o)
                0x000039f8                sleep_manager_unlock_deep_sleep
 .text.pinmap_pinout
                0x00003a28       0x38 D:\k64\frdm_serial\mbed\TARGET_K64F\TOOLCHAIN_GCC_ARM\libmbed.a(mbed_pinmap_common.o)
                0x00003a28                pinmap_pinout
 .text.pinmap_merge
                0x00003a60       0x24 D:\k64\frdm_serial\mbed\TARGET_K64F\TOOLCHAIN_GCC_ARM\libmbed.a(mbed_pinmap_common.o)
                0x00003a60                pinmap_merge
 .text.pinmap_find_peripheral
                0x00003a84       0x16 D:\k64\frdm_serial\mbed\TARGET_K64F\TOOLCHAIN_GCC_ARM\libmbed.a(mbed_pinmap_common.o)
                0x00003a84                pinmap_find_peripheral
 *fill*         0x00003a9a        0x2 
 .text.pinmap_peripheral
                0x00003a9c       0x20 D:\k64\frdm_serial\mbed\TARGET_K64F\TOOLCHAIN_GCC_ARM\libmbed.a(mbed_pinmap_common.o)
                0x00003a9c                pinmap_peripheral
 .text.update_present_time
                0x00003abc       0xe8 D:\k64\frdm_serial\mbed\TARGET_K64F\TOOLCHAIN_GCC_ARM\libmbed.a(mbed_ticker_api.o)
 .text._ticker_match_interval_passed
                0x00003ba4       0x28 D:\k64\frdm_serial\mbed\TARGET_K64F\TOOLCHAIN_GCC_ARM\libmbed.a(mbed_ticker_api.o)
                0x00003ba4                _ticker_match_interval_passed
 .text.schedule_interrupt
                0x00003bcc       0xd4 D:\k64\frdm_serial\mbed\TARGET_K64F\TOOLCHAIN_GCC_ARM\libmbed.a(mbed_ticker_api.o)
 .text.initialize.part.2
                0x00003ca0       0xd8 D:\k64\frdm_serial\mbed\TARGET_K64F\TOOLCHAIN_GCC_ARM\libmbed.a(mbed_ticker_api.o)
 .text.ticker_irq_handler
                0x00003d78       0x44 D:\k64\frdm_serial\mbed\TARGET_K64F\TOOLCHAIN_GCC_ARM\libmbed.a(mbed_ticker_api.o)
                0x00003d78                ticker_irq_handler
 .text.ticker_read_us
                0x00003dbc       0x1e D:\k64\frdm_serial\mbed\TARGET_K64F\TOOLCHAIN_GCC_ARM\libmbed.a(mbed_ticker_api.o)
                0x00003dbc                ticker_read_us
 .text.ticker_read
                0x00003dda        0x8 D:\k64\frdm_serial\mbed\TARGET_K64F\TOOLCHAIN_GCC_ARM\libmbed.a(mbed_ticker_api.o)
                0x00003dda                ticker_read
 *fill*         0x00003de2        0x2 
 .text.get_us_ticker_data
                0x00003de4        0x8 D:\k64\frdm_serial\mbed\TARGET_K64F\TOOLCHAIN_GCC_ARM\libmbed.a(mbed_us_ticker_api.o)
                0x00003de4                get_us_ticker_data
 .text.us_ticker_irq_handler
                0x00003dec       0x14 D:\k64\frdm_serial\mbed\TARGET_K64F\TOOLCHAIN_GCC_ARM\libmbed.a(mbed_us_ticker_api.o)
                0x00003dec                us_ticker_irq_handler
 .text._ZN4mbed8FilePathC2EPKc
                0x00003e00       0x3c D:\k64\frdm_serial\mbed\TARGET_K64F\TOOLCHAIN_GCC_ARM\libmbed.a(FilePath.o)
                0x00003e00                mbed::FilePath::FilePath(char const*)
                0x00003e00                mbed::FilePath::FilePath(char const*)
 .text._ZN4mbed8FilePath8fileNameEv
                0x00003e3c        0x4 D:\k64\frdm_serial\mbed\TARGET_K64F\TOOLCHAIN_GCC_ARM\libmbed.a(FilePath.o)
                0x00003e3c                mbed::FilePath::fileName()
 .text._ZN4mbed8FilePath12isFileSystemEv
                0x00003e40       0x12 D:\k64\frdm_serial\mbed\TARGET_K64F\TOOLCHAIN_GCC_ARM\libmbed.a(FilePath.o)
                0x00003e40                mbed::FilePath::isFileSystem()
 .text._ZN4mbed8FilePath10fileSystemEv
                0x00003e52       0x12 D:\k64\frdm_serial\mbed\TARGET_K64F\TOOLCHAIN_GCC_ARM\libmbed.a(FilePath.o)
                0x00003e52                mbed::FilePath::fileSystem()
 .text._ZN4mbed8FilePath6isFileEv
                0x00003e64       0x12 D:\k64\frdm_serial\mbed\TARGET_K64F\TOOLCHAIN_GCC_ARM\libmbed.a(FilePath.o)
                0x00003e64                mbed::FilePath::isFile()
 .text._ZN4mbed8FilePath4fileEv
                0x00003e76       0x12 D:\k64\frdm_serial\mbed\TARGET_K64F\TOOLCHAIN_GCC_ARM\libmbed.a(FilePath.o)
                0x00003e76                mbed::FilePath::file()
 .text._ZN4mbed8FilePath6existsEv
                0x00003e88        0xa D:\k64\frdm_serial\mbed\TARGET_K64F\TOOLCHAIN_GCC_ARM\libmbed.a(FilePath.o)
                0x00003e88                mbed::FilePath::exists()
 .text._ZN4mbed10FileHandle4syncEv
                0x00003e92        0x4 D:\k64\frdm_serial\mbed\TARGET_K64F\TOOLCHAIN_GCC_ARM\libmbed.a(Stream.o)
                0x00003e92                mbed::FileHandle::sync()
 .text._ZN4mbed10FileHandle6isattyEv
                0x00003e96        0x4 D:\k64\frdm_serial\mbed\TARGET_K64F\TOOLCHAIN_GCC_ARM\libmbed.a(Stream.o)
                0x00003e96                mbed::FileHandle::isatty()
 .text._ZN4mbed10FileHandle4tellEv
                0x00003e9a        0xa D:\k64\frdm_serial\mbed\TARGET_K64F\TOOLCHAIN_GCC_ARM\libmbed.a(Stream.o)
                0x00003e9a                mbed::FileHandle::tell()
 .text._ZN4mbed10FileHandle6rewindEv
                0x00003ea4        0xa D:\k64\frdm_serial\mbed\TARGET_K64F\TOOLCHAIN_GCC_ARM\libmbed.a(Stream.o)
                0x00003ea4                mbed::FileHandle::rewind()
 .text._ZN4mbed6Stream4lockEv
                0x00003eae        0x2 D:\k64\frdm_serial\mbed\TARGET_K64F\TOOLCHAIN_GCC_ARM\libmbed.a(Stream.o)
                0x00003eae                mbed::Stream::lock()
 .text._ZN4mbed6Stream6unlockEv
                0x00003eb0        0x2 D:\k64\frdm_serial\mbed\TARGET_K64F\TOOLCHAIN_GCC_ARM\libmbed.a(Stream.o)
                0x00003eb0                mbed::Stream::unlock()
 .text._ZN4mbed6Stream5writeEPKvj
                0x00003eb2       0x30 D:\k64\frdm_serial\mbed\TARGET_K64F\TOOLCHAIN_GCC_ARM\libmbed.a(Stream.o)
                0x00003eb2                mbed::Stream::write(void const*, unsigned int)
 .text._ZN4mbed6Stream4readEPvj
                0x00003ee2       0x32 D:\k64\frdm_serial\mbed\TARGET_K64F\TOOLCHAIN_GCC_ARM\libmbed.a(Stream.o)
                0x00003ee2                mbed::Stream::read(void*, unsigned int)
 .text._ZN4mbed6Stream4seekEli
                0x00003f14        0x4 D:\k64\frdm_serial\mbed\TARGET_K64F\TOOLCHAIN_GCC_ARM\libmbed.a(Stream.o)
                0x00003f14                mbed::Stream::seek(long, int)
 .text._ZN4mbed6Stream6rewindEv
                0x00003f18        0x2 D:\k64\frdm_serial\mbed\TARGET_K64F\TOOLCHAIN_GCC_ARM\libmbed.a(Stream.o)
                0x00003f18                mbed::Stream::rewind()
 .text._ZN4mbed6Stream4syncEv
                0x00003f1a        0x4 D:\k64\frdm_serial\mbed\TARGET_K64F\TOOLCHAIN_GCC_ARM\libmbed.a(Stream.o)
                0x00003f1a                mbed::Stream::isatty()
                0x00003f1a                mbed::Stream::sync()
                0x00003f1a                mbed::Stream::close()
 .text._ZN4mbed6Stream4sizeEv
                0x00003f1e        0x4 D:\k64\frdm_serial\mbed\TARGET_K64F\TOOLCHAIN_GCC_ARM\libmbed.a(Stream.o)
                0x00003f1e                mbed::Stream::tell()
                0x00003f1e                mbed::Stream::size()
 *fill*         0x00003f22        0x2 
 .text._ZN4mbed8FileLikeD2Ev
                0x00003f24       0x24 D:\k64\frdm_serial\mbed\TARGET_K64F\TOOLCHAIN_GCC_ARM\libmbed.a(Stream.o)
                0x00003f24                mbed::FileLike::~FileLike()
                0x00003f24                mbed::FileLike::~FileLike()
                0x00003f40                non-virtual thunk to mbed::FileLike::~FileLike()
 .text._ZN4mbed8FileLikeD0Ev
                0x00003f48       0x18 D:\k64\frdm_serial\mbed\TARGET_K64F\TOOLCHAIN_GCC_ARM\libmbed.a(Stream.o)
                0x00003f48                mbed::FileLike::~FileLike()
                0x00003f5a                non-virtual thunk to mbed::FileLike::~FileLike()
 .text._ZN4mbed6StreamC2EPKc
                0x00003f60       0x50 D:\k64\frdm_serial\mbed\TARGET_K64F\TOOLCHAIN_GCC_ARM\libmbed.a(Stream.o)
                0x00003f60                mbed::Stream::Stream(char const*)
                0x00003f60                mbed::Stream::Stream(char const*)
 .text._ZN4mbed6StreamD2Ev
                0x00003fb0       0x24 D:\k64\frdm_serial\mbed\TARGET_K64F\TOOLCHAIN_GCC_ARM\libmbed.a(Stream.o)
                0x00003fb0                mbed::Stream::~Stream()
                0x00003fb0                mbed::Stream::~Stream()
 .text._ZN4mbed6Stream6printfEPKcz
                0x00003fd4       0x3a D:\k64\frdm_serial\mbed\TARGET_K64F\TOOLCHAIN_GCC_ARM\libmbed.a(Stream.o)
                0x00003fd4                mbed::Stream::printf(char const*, ...)
 *fill*         0x0000400e        0x2 
 .text.mbed_assert_internal
                0x00004010       0x24 D:\k64\frdm_serial\mbed\TARGET_K64F\TOOLCHAIN_GCC_ARM\libmbed.a(mbed_assert.o)
                0x00004010                mbed_assert_internal
 .text.core_util_are_interrupts_enabled
                0x00004034        0xc D:\k64\frdm_serial\mbed\TARGET_K64F\TOOLCHAIN_GCC_ARM\libmbed.a(mbed_critical.o)
                0x00004034                core_util_are_interrupts_enabled
 .text.core_util_critical_section_enter
                0x00004040       0x58 D:\k64\frdm_serial\mbed\TARGET_K64F\TOOLCHAIN_GCC_ARM\libmbed.a(mbed_critical.o)
                0x00004040                core_util_critical_section_enter
 .text.core_util_critical_section_exit
                0x00004098       0x3c D:\k64\frdm_serial\mbed\TARGET_K64F\TOOLCHAIN_GCC_ARM\libmbed.a(mbed_critical.o)
                0x00004098                core_util_critical_section_exit
 .text.core_util_atomic_incr_u16
                0x000040d4       0x1a D:\k64\frdm_serial\mbed\TARGET_K64F\TOOLCHAIN_GCC_ARM\libmbed.a(mbed_critical.o)
                0x000040d4                core_util_atomic_incr_u16
 .text.core_util_atomic_decr_u16
                0x000040ee       0x1a D:\k64\frdm_serial\mbed\TARGET_K64F\TOOLCHAIN_GCC_ARM\libmbed.a(mbed_critical.o)
                0x000040ee                core_util_atomic_decr_u16
 .text.error    0x00004108       0x2c D:\k64\frdm_serial\mbed\TARGET_K64F\TOOLCHAIN_GCC_ARM\libmbed.a(mbed_error.o)
                0x00004108                error
 .text.wait_us  0x00004134       0x1e D:\k64\frdm_serial\mbed\TARGET_K64F\TOOLCHAIN_GCC_ARM\libmbed.a(mbed_wait_api_no_rtos.o)
                0x00004134                wait_us
 *fill*         0x00004152        0x2 
 .text.wait     0x00004154       0x1c D:\k64\frdm_serial\mbed\TARGET_K64F\TOOLCHAIN_GCC_ARM\libmbed.a(mbed_wait_api_no_rtos.o)
                0x00004154                wait
 .text.wait_ms  0x00004170        0xa D:\k64\frdm_serial\mbed\TARGET_K64F\TOOLCHAIN_GCC_ARM\libmbed.a(mbed_wait_api_no_rtos.o)
                0x00004170                wait_ms
 .text._ZN4mbed10FileHandle4sizeEv
                0x0000417a       0x32 D:\k64\frdm_serial\mbed\TARGET_K64F\TOOLCHAIN_GCC_ARM\libmbed.a(FileHandle.o)
                0x0000417a                mbed::FileHandle::size()
 .text._ZN4mbed6fdopenEPNS_10FileHandleEPKc
                0x000041ac        0x4 D:\k64\frdm_serial\mbed\TARGET_K64F\TOOLCHAIN_GCC_ARM\libmbed.a(FileHandle.o)
                0x000041ac                mbed::fdopen(mbed::FileHandle*, char const*)
 .text._ZN4mbed8FileBase11getPathTypeEv
                0x000041b0        0x4 D:\k64\frdm_serial\mbed\TARGET_K64F\TOOLCHAIN_GCC_ARM\libmbed.a(FileBase.o)
                0x000041b0                mbed::FileBase::getPathType()
 .text._ZN4mbed8FileBaseC2EPKcNS_8PathTypeE
                0x000041b4       0x3c D:\k64\frdm_serial\mbed\TARGET_K64F\TOOLCHAIN_GCC_ARM\libmbed.a(FileBase.o)
                0x000041b4                mbed::FileBase::FileBase(char const*, mbed::PathType)
                0x000041b4                mbed::FileBase::FileBase(char const*, mbed::PathType)
 .text._ZN4mbed8FileBaseD2Ev
                0x000041f0       0x4c D:\k64\frdm_serial\mbed\TARGET_K64F\TOOLCHAIN_GCC_ARM\libmbed.a(FileBase.o)
                0x000041f0                mbed::FileBase::~FileBase()
                0x000041f0                mbed::FileBase::~FileBase()
 .text._ZN4mbed8FileBaseD0Ev
                0x0000423c       0x12 D:\k64\frdm_serial\mbed\TARGET_K64F\TOOLCHAIN_GCC_ARM\libmbed.a(FileBase.o)
                0x0000423c                mbed::FileBase::~FileBase()
 *fill*         0x0000424e        0x2 
 .text._ZN4mbed8FileBase6lookupEPKcj
                0x00004250       0x40 D:\k64\frdm_serial\mbed\TARGET_K64F\TOOLCHAIN_GCC_ARM\libmbed.a(FileBase.o)
                0x00004250                mbed::FileBase::lookup(char const*, unsigned int)
 .text.__assert_func
                0x00004290       0x3c c:/freescale/kds_v3/toolchain/bin/../lib/gcc/arm-none-eabi/4.8.4/../../../../arm-none-eabi/lib/armv7e-m/softfp\libg.a(lib_a-assert.o)
                0x00004290                __assert_func
 .text.__errno  0x000042cc        0xc c:/freescale/kds_v3/toolchain/bin/../lib/gcc/arm-none-eabi/4.8.4/../../../../arm-none-eabi/lib/armv7e-m/softfp\libg.a(lib_a-errno.o)
                0x000042cc                __errno
 .text.exit     0x000042d8       0x20 c:/freescale/kds_v3/toolchain/bin/../lib/gcc/arm-none-eabi/4.8.4/../../../../arm-none-eabi/lib/armv7e-m/softfp\libg.a(lib_a-exit.o)
                0x000042d8                exit
 .text._fclose_r
                0x000042f8       0x80 c:/freescale/kds_v3/toolchain/bin/../lib/gcc/arm-none-eabi/4.8.4/../../../../arm-none-eabi/lib/armv7e-m/softfp\libg.a(lib_a-fclose.o)
                0x000042f8                _fclose_r
 .text.fclose   0x00004378       0x10 c:/freescale/kds_v3/toolchain/bin/../lib/gcc/arm-none-eabi/4.8.4/../../../../arm-none-eabi/lib/armv7e-m/softfp\libg.a(lib_a-fclose.o)
                0x00004378                fclose
 .text.__sflush_r
                0x00004388      0x154 c:/freescale/kds_v3/toolchain/bin/../lib/gcc/arm-none-eabi/4.8.4/../../../../arm-none-eabi/lib/armv7e-m/softfp\libg.a(lib_a-fflush.o)
                0x00004388                __sflush_r
 .text._fflush_r
                0x000044dc       0x2c c:/freescale/kds_v3/toolchain/bin/../lib/gcc/arm-none-eabi/4.8.4/../../../../arm-none-eabi/lib/armv7e-m/softfp\libg.a(lib_a-fflush.o)
                0x000044dc                _fflush_r
 .text.fflush   0x00004508       0x24 c:/freescale/kds_v3/toolchain/bin/../lib/gcc/arm-none-eabi/4.8.4/../../../../arm-none-eabi/lib/armv7e-m/softfp\libg.a(lib_a-fflush.o)
                0x00004508                fflush
 .text._cleanup_r
                0x0000452c        0xc c:/freescale/kds_v3/toolchain/bin/../lib/gcc/arm-none-eabi/4.8.4/../../../../arm-none-eabi/lib/armv7e-m/softfp\libg.a(lib_a-findfp.o)
                0x0000452c                _cleanup_r
 .text.__sfmoreglue
                0x00004538       0x30 c:/freescale/kds_v3/toolchain/bin/../lib/gcc/arm-none-eabi/4.8.4/../../../../arm-none-eabi/lib/armv7e-m/softfp\libg.a(lib_a-findfp.o)
                0x00004538                __sfmoreglue
 .text.__sinit  0x00004568       0xf4 c:/freescale/kds_v3/toolchain/bin/../lib/gcc/arm-none-eabi/4.8.4/../../../../arm-none-eabi/lib/armv7e-m/softfp\libg.a(lib_a-findfp.o)
                0x00004568                __sinit
 .text.__sfp    0x0000465c       0x8c c:/freescale/kds_v3/toolchain/bin/../lib/gcc/arm-none-eabi/4.8.4/../../../../arm-none-eabi/lib/armv7e-m/softfp\libg.a(lib_a-findfp.o)
                0x0000465c                __sfp
 .text.__sfp_lock_acquire
                0x000046e8        0x4 c:/freescale/kds_v3/toolchain/bin/../lib/gcc/arm-none-eabi/4.8.4/../../../../arm-none-eabi/lib/armv7e-m/softfp\libg.a(lib_a-findfp.o)
                0x000046e8                __sfp_lock_acquire
 .text.__sfp_lock_release
                0x000046ec        0x4 c:/freescale/kds_v3/toolchain/bin/../lib/gcc/arm-none-eabi/4.8.4/../../../../arm-none-eabi/lib/armv7e-m/softfp\libg.a(lib_a-findfp.o)
                0x000046ec                __sfp_lock_release
 .text.fiprintf
                0x000046f0       0x28 c:/freescale/kds_v3/toolchain/bin/../lib/gcc/arm-none-eabi/4.8.4/../../../../arm-none-eabi/lib/armv7e-m/softfp\libg.a(lib_a-fiprintf.o)
                0x000046f0                fiprintf
 .text._fopen_r
                0x00004718       0x88 c:/freescale/kds_v3/toolchain/bin/../lib/gcc/arm-none-eabi/4.8.4/../../../../arm-none-eabi/lib/armv7e-m/softfp\libg.a(lib_a-fopen.o)
                0x00004718                _fopen_r
 .text.fopen    0x000047a0       0x10 c:/freescale/kds_v3/toolchain/bin/../lib/gcc/arm-none-eabi/4.8.4/../../../../arm-none-eabi/lib/armv7e-m/softfp\libg.a(lib_a-fopen.o)
                0x000047a0                fopen
 .text._malloc_trim_r
                0x000047b0       0x9c c:/freescale/kds_v3/toolchain/bin/../lib/gcc/arm-none-eabi/4.8.4/../../../../arm-none-eabi/lib/armv7e-m/softfp\libg.a(lib_a-freer.o)
                0x000047b0                _malloc_trim_r
 .text._free_r  0x0000484c      0x19c c:/freescale/kds_v3/toolchain/bin/../lib/gcc/arm-none-eabi/4.8.4/../../../../arm-none-eabi/lib/armv7e-m/softfp\libg.a(lib_a-freer.o)
                0x0000484c                _free_r
 .text._fseek_r
                0x000049e8        0x4 c:/freescale/kds_v3/toolchain/bin/../lib/gcc/arm-none-eabi/4.8.4/../../../../arm-none-eabi/lib/armv7e-m/softfp\libg.a(lib_a-fseek.o)
                0x000049e8                _fseek_r
 .text._fseeko_r
                0x000049ec      0x2d0 c:/freescale/kds_v3/toolchain/bin/../lib/gcc/arm-none-eabi/4.8.4/../../../../arm-none-eabi/lib/armv7e-m/softfp\libg.a(lib_a-fseeko.o)
                0x000049ec                _fseeko_r
 .text._fstat_r
                0x00004cbc       0x28 c:/freescale/kds_v3/toolchain/bin/../lib/gcc/arm-none-eabi/4.8.4/../../../../arm-none-eabi/lib/armv7e-m/softfp\libg.a(lib_a-fstatr.o)
                0x00004cbc                _fstat_r
 .text.__sfvwrite_r
                0x00004ce4      0x318 c:/freescale/kds_v3/toolchain/bin/../lib/gcc/arm-none-eabi/4.8.4/../../../../arm-none-eabi/lib/armv7e-m/softfp\libg.a(lib_a-fvwrite.o)
                0x00004ce4                __sfvwrite_r
 .text._fwalk   0x00004ffc       0x4c c:/freescale/kds_v3/toolchain/bin/../lib/gcc/arm-none-eabi/4.8.4/../../../../arm-none-eabi/lib/armv7e-m/softfp\libg.a(lib_a-fwalk.o)
                0x00004ffc                _fwalk
 .text._fwalk_reent
                0x00005048       0x50 c:/freescale/kds_v3/toolchain/bin/../lib/gcc/arm-none-eabi/4.8.4/../../../../arm-none-eabi/lib/armv7e-m/softfp\libg.a(lib_a-fwalk.o)
                0x00005048                _fwalk_reent
 .text.__libc_init_array
                0x00005098       0x50 c:/freescale/kds_v3/toolchain/bin/../lib/gcc/arm-none-eabi/4.8.4/../../../../arm-none-eabi/lib/armv7e-m/softfp\libg.a(lib_a-init.o)
                0x00005098                __libc_init_array
 .text.__smakebuf_r
                0x000050e8       0xe0 c:/freescale/kds_v3/toolchain/bin/../lib/gcc/arm-none-eabi/4.8.4/../../../../arm-none-eabi/lib/armv7e-m/softfp\libg.a(lib_a-makebuf.o)
                0x000050e8                __smakebuf_r
 .text.malloc   0x000051c8       0x10 c:/freescale/kds_v3/toolchain/bin/../lib/gcc/arm-none-eabi/4.8.4/../../../../arm-none-eabi/lib/armv7e-m/softfp\libg.a(lib_a-malloc.o)
                0x000051c8                malloc
 .text.free     0x000051d8       0x10 c:/freescale/kds_v3/toolchain/bin/../lib/gcc/arm-none-eabi/4.8.4/../../../../arm-none-eabi/lib/armv7e-m/softfp\libg.a(lib_a-malloc.o)
                0x000051d8                free
 .text._malloc_r
                0x000051e8      0x538 c:/freescale/kds_v3/toolchain/bin/../lib/gcc/arm-none-eabi/4.8.4/../../../../arm-none-eabi/lib/armv7e-m/softfp\libg.a(lib_a-mallocr.o)
                0x000051e8                _malloc_r
 .text.memchr   0x00005720       0x90 c:/freescale/kds_v3/toolchain/bin/../lib/gcc/arm-none-eabi/4.8.4/../../../../arm-none-eabi/lib/armv7e-m/softfp\libg.a(lib_a-memchr-stub.o)
                0x00005720                memchr
 .text.memmove  0x000057b0       0xc0 c:/freescale/kds_v3/toolchain/bin/../lib/gcc/arm-none-eabi/4.8.4/../../../../arm-none-eabi/lib/armv7e-m/softfp\libg.a(lib_a-memmove.o)
                0x000057b0                memmove
 .text.memset   0x00005870       0x94 c:/freescale/kds_v3/toolchain/bin/../lib/gcc/arm-none-eabi/4.8.4/../../../../arm-none-eabi/lib/armv7e-m/softfp\libg.a(lib_a-memset.o)
                0x00005870                memset
 .text._open_r  0x00005904       0x28 c:/freescale/kds_v3/toolchain/bin/../lib/gcc/arm-none-eabi/4.8.4/../../../../arm-none-eabi/lib/armv7e-m/softfp\libg.a(lib_a-openr.o)
                0x00005904                _open_r
 .text._realloc_r
                0x0000592c      0x3cc c:/freescale/kds_v3/toolchain/bin/../lib/gcc/arm-none-eabi/4.8.4/../../../../arm-none-eabi/lib/armv7e-m/softfp\libg.a(lib_a-reallocr.o)
                0x0000592c                _realloc_r
 .text.lflush   0x00005cf8       0x14 c:/freescale/kds_v3/toolchain/bin/../lib/gcc/arm-none-eabi/4.8.4/../../../../arm-none-eabi/lib/armv7e-m/softfp\libg.a(lib_a-refill.o)
 .text.__srefill_r
                0x00005d0c      0x114 c:/freescale/kds_v3/toolchain/bin/../lib/gcc/arm-none-eabi/4.8.4/../../../../arm-none-eabi/lib/armv7e-m/softfp\libg.a(lib_a-refill.o)
                0x00005d0c                __srefill_r
 .text._sbrk_r  0x00005e20       0x24 c:/freescale/kds_v3/toolchain/bin/../lib/gcc/arm-none-eabi/4.8.4/../../../../arm-none-eabi/lib/armv7e-m/softfp\libg.a(lib_a-sbrkr.o)
                0x00005e20                _sbrk_r
 .text.setbuf   0x00005e44       0x10 c:/freescale/kds_v3/toolchain/bin/../lib/gcc/arm-none-eabi/4.8.4/../../../../arm-none-eabi/lib/armv7e-m/softfp\libg.a(lib_a-setbuf.o)
                0x00005e44                setbuf
 .text.setvbuf  0x00005e54      0x100 c:/freescale/kds_v3/toolchain/bin/../lib/gcc/arm-none-eabi/4.8.4/../../../../arm-none-eabi/lib/armv7e-m/softfp\libg.a(lib_a-setvbuf.o)
                0x00005e54                setvbuf
 .text.__sread  0x00005f54       0x24 c:/freescale/kds_v3/toolchain/bin/../lib/gcc/arm-none-eabi/4.8.4/../../../../arm-none-eabi/lib/armv7e-m/softfp\libg.a(lib_a-stdio.o)
                0x00005f54                __sread
 .text.__swrite
                0x00005f78       0x38 c:/freescale/kds_v3/toolchain/bin/../lib/gcc/arm-none-eabi/4.8.4/../../../../arm-none-eabi/lib/armv7e-m/softfp\libg.a(lib_a-stdio.o)
                0x00005f78                __swrite
 .text.__sseek  0x00005fb0       0x20 c:/freescale/kds_v3/toolchain/bin/../lib/gcc/arm-none-eabi/4.8.4/../../../../arm-none-eabi/lib/armv7e-m/softfp\libg.a(lib_a-stdio.o)
                0x00005fb0                __sseek
 .text.__sclose
                0x00005fd0        0x8 c:/freescale/kds_v3/toolchain/bin/../lib/gcc/arm-none-eabi/4.8.4/../../../../arm-none-eabi/lib/armv7e-m/softfp\libg.a(lib_a-stdio.o)
                0x00005fd0                __sclose
 .text.strlen   0x00005fd8       0x60 c:/freescale/kds_v3/toolchain/bin/../lib/gcc/arm-none-eabi/4.8.4/../../../../arm-none-eabi/lib/armv7e-m/softfp\libg.a(lib_a-strlen.o)
                0x00005fd8                strlen
 .text.strncmp  0x00006038       0xb4 c:/freescale/kds_v3/toolchain/bin/../lib/gcc/arm-none-eabi/4.8.4/../../../../arm-none-eabi/lib/armv7e-m/softfp\libg.a(lib_a-strncmp.o)
                0x00006038                strncmp
 .text.__sprint_r.part.0
                0x000060ec       0x78 c:/freescale/kds_v3/toolchain/bin/../lib/gcc/arm-none-eabi/4.8.4/../../../../arm-none-eabi/lib/armv7e-m/softfp\libg.a(lib_a-vfiprintf.o)
 .text.__sprint_r
                0x00006164       0x18 c:/freescale/kds_v3/toolchain/bin/../lib/gcc/arm-none-eabi/4.8.4/../../../../arm-none-eabi/lib/armv7e-m/softfp\libg.a(lib_a-vfiprintf.o)
                0x00006164                __sprint_r
 .text._vfiprintf_r
                0x0000617c      0xc54 c:/freescale/kds_v3/toolchain/bin/../lib/gcc/arm-none-eabi/4.8.4/../../../../arm-none-eabi/lib/armv7e-m/softfp\libg.a(lib_a-vfiprintf.o)
                0x0000617c                _vfiprintf_r
 .text.__sbprintf
                0x00006dd0       0x78 c:/freescale/kds_v3/toolchain/bin/../lib/gcc/arm-none-eabi/4.8.4/../../../../arm-none-eabi/lib/armv7e-m/softfp\libg.a(lib_a-vfiprintf.o)
 .text._vfprintf_r
                0x00006e48     0x1550 c:/freescale/kds_v3/toolchain/bin/../lib/gcc/arm-none-eabi/4.8.4/../../../../arm-none-eabi/lib/armv7e-m/softfp\libg.a(lib_a-vfprintf.o)
                0x00006e48                _vfprintf_r
 .text.vfprintf
                0x00008398       0x18 c:/freescale/kds_v3/toolchain/bin/../lib/gcc/arm-none-eabi/4.8.4/../../../../arm-none-eabi/lib/armv7e-m/softfp\libg.a(lib_a-vfprintf.o)
                0x00008398                vfprintf
 .text.__sbprintf
                0x000083b0       0x78 c:/freescale/kds_v3/toolchain/bin/../lib/gcc/arm-none-eabi/4.8.4/../../../../arm-none-eabi/lib/armv7e-m/softfp\libg.a(lib_a-vfprintf.o)
 .text._vsnprintf_r
                0x00008428       0x54 c:/freescale/kds_v3/toolchain/bin/../lib/gcc/arm-none-eabi/4.8.4/../../../../arm-none-eabi/lib/armv7e-m/softfp\libg.a(lib_a-vsnprintf.o)
                0x00008428                _vsnprintf_r
 .text.vsnprintf
                0x0000847c       0x20 c:/freescale/kds_v3/toolchain/bin/../lib/gcc/arm-none-eabi/4.8.4/../../../../arm-none-eabi/lib/armv7e-m/softfp\libg.a(lib_a-vsnprintf.o)
                0x0000847c                vsnprintf
 .text.__swbuf_r
                0x0000849c       0xa8 c:/freescale/kds_v3/toolchain/bin/../lib/gcc/arm-none-eabi/4.8.4/../../../../arm-none-eabi/lib/armv7e-m/softfp\libg.a(lib_a-wbuf.o)
                0x0000849c                __swbuf_r
 .text._write_r
                0x00008544       0x28 c:/freescale/kds_v3/toolchain/bin/../lib/gcc/arm-none-eabi/4.8.4/../../../../arm-none-eabi/lib/armv7e-m/softfp\libg.a(lib_a-writer.o)
                0x00008544                _write_r
 .text.__swsetup_r
                0x0000856c       0xc4 c:/freescale/kds_v3/toolchain/bin/../lib/gcc/arm-none-eabi/4.8.4/../../../../arm-none-eabi/lib/armv7e-m/softfp\libg.a(lib_a-wsetup.o)
                0x0000856c                __swsetup_r
 .text.startup.register_fini
                0x00008630       0x14 c:/freescale/kds_v3/toolchain/bin/../lib/gcc/arm-none-eabi/4.8.4/../../../../arm-none-eabi/lib/armv7e-m/softfp\libg.a(lib_a-__call_atexit.o)
 .text.__call_exitprocs
                0x00008644       0xf0 c:/freescale/kds_v3/toolchain/bin/../lib/gcc/arm-none-eabi/4.8.4/../../../../arm-none-eabi/lib/armv7e-m/softfp\libg.a(lib_a-__call_atexit.o)
                0x00008644                __call_exitprocs
 .text.abort    0x00008734       0x10 c:/freescale/kds_v3/toolchain/bin/../lib/gcc/arm-none-eabi/4.8.4/../../../../arm-none-eabi/lib/armv7e-m/softfp\libg.a(lib_a-abort.o)
                0x00008734                abort
 .text.atexit   0x00008744        0xc c:/freescale/kds_v3/toolchain/bin/../lib/gcc/arm-none-eabi/4.8.4/../../../../arm-none-eabi/lib/armv7e-m/softfp\libg.a(lib_a-atexit.o)
                0x00008744                atexit
 .text._close_r
                0x00008750       0x24 c:/freescale/kds_v3/toolchain/bin/../lib/gcc/arm-none-eabi/4.8.4/../../../../arm-none-eabi/lib/armv7e-m/softfp\libg.a(lib_a-closer.o)
                0x00008750                _close_r
 .text.quorem   0x00008774      0x130 c:/freescale/kds_v3/toolchain/bin/../lib/gcc/arm-none-eabi/4.8.4/../../../../arm-none-eabi/lib/armv7e-m/softfp\libg.a(lib_a-dtoa.o)
 *fill*         0x000088a4        0x4 
 .text._dtoa_r  0x000088a8      0xe30 c:/freescale/kds_v3/toolchain/bin/../lib/gcc/arm-none-eabi/4.8.4/../../../../arm-none-eabi/lib/armv7e-m/softfp\libg.a(lib_a-dtoa.o)
                0x000088a8                _dtoa_r
 .text.__libc_fini_array
                0x000096d8       0x30 c:/freescale/kds_v3/toolchain/bin/../lib/gcc/arm-none-eabi/4.8.4/../../../../arm-none-eabi/lib/armv7e-m/softfp\libg.a(lib_a-fini.o)
                0x000096d8                __libc_fini_array
 .text.__sflags
                0x00009708       0x70 c:/freescale/kds_v3/toolchain/bin/../lib/gcc/arm-none-eabi/4.8.4/../../../../arm-none-eabi/lib/armv7e-m/softfp\libg.a(lib_a-flags.o)
                0x00009708                __sflags
 .text._fputwc_r
                0x00009778       0xbc c:/freescale/kds_v3/toolchain/bin/../lib/gcc/arm-none-eabi/4.8.4/../../../../arm-none-eabi/lib/armv7e-m/softfp\libg.a(lib_a-fputwc.o)
                0x00009778                _fputwc_r
 .text._isatty_r
                0x00009834       0x24 c:/freescale/kds_v3/toolchain/bin/../lib/gcc/arm-none-eabi/4.8.4/../../../../arm-none-eabi/lib/armv7e-m/softfp\libg.a(lib_a-isattyr.o)
                0x00009834                _isatty_r
 .text.__locale_charset
                0x00009858        0x8 c:/freescale/kds_v3/toolchain/bin/../lib/gcc/arm-none-eabi/4.8.4/../../../../arm-none-eabi/lib/armv7e-m/softfp\libg.a(lib_a-locale.o)
                0x00009858                __locale_charset
 .text.__locale_mb_cur_max
                0x00009860        0xc c:/freescale/kds_v3/toolchain/bin/../lib/gcc/arm-none-eabi/4.8.4/../../../../arm-none-eabi/lib/armv7e-m/softfp\libg.a(lib_a-locale.o)
                0x00009860                __locale_mb_cur_max
 .text._localeconv_r
                0x0000986c        0x8 c:/freescale/kds_v3/toolchain/bin/../lib/gcc/arm-none-eabi/4.8.4/../../../../arm-none-eabi/lib/armv7e-m/softfp\libg.a(lib_a-locale.o)
                0x0000986c                _localeconv_r
 .text._lseek_r
                0x00009874       0x28 c:/freescale/kds_v3/toolchain/bin/../lib/gcc/arm-none-eabi/4.8.4/../../../../arm-none-eabi/lib/armv7e-m/softfp\libg.a(lib_a-lseekr.o)
                0x00009874                _lseek_r
 .text._Balloc  0x0000989c       0x4c c:/freescale/kds_v3/toolchain/bin/../lib/gcc/arm-none-eabi/4.8.4/../../../../arm-none-eabi/lib/armv7e-m/softfp\libg.a(lib_a-mprec.o)
                0x0000989c                _Balloc
 .text._Bfree   0x000098e8       0x14 c:/freescale/kds_v3/toolchain/bin/../lib/gcc/arm-none-eabi/4.8.4/../../../../arm-none-eabi/lib/armv7e-m/softfp\libg.a(lib_a-mprec.o)
                0x000098e8                _Bfree
 .text.__multadd
                0x000098fc       0x98 c:/freescale/kds_v3/toolchain/bin/../lib/gcc/arm-none-eabi/4.8.4/../../../../arm-none-eabi/lib/armv7e-m/softfp\libg.a(lib_a-mprec.o)
                0x000098fc                __multadd
 .text.__hi0bits
                0x00009994       0x40 c:/freescale/kds_v3/toolchain/bin/../lib/gcc/arm-none-eabi/4.8.4/../../../../arm-none-eabi/lib/armv7e-m/softfp\libg.a(lib_a-mprec.o)
                0x00009994                __hi0bits
 .text.__lo0bits
                0x000099d4       0x5c c:/freescale/kds_v3/toolchain/bin/../lib/gcc/arm-none-eabi/4.8.4/../../../../arm-none-eabi/lib/armv7e-m/softfp\libg.a(lib_a-mprec.o)
                0x000099d4                __lo0bits
 .text.__i2b    0x00009a30       0x14 c:/freescale/kds_v3/toolchain/bin/../lib/gcc/arm-none-eabi/4.8.4/../../../../arm-none-eabi/lib/armv7e-m/softfp\libg.a(lib_a-mprec.o)
                0x00009a30                __i2b
 .text.__multiply
                0x00009a44      0x13c c:/freescale/kds_v3/toolchain/bin/../lib/gcc/arm-none-eabi/4.8.4/../../../../arm-none-eabi/lib/armv7e-m/softfp\libg.a(lib_a-mprec.o)
                0x00009a44                __multiply
 .text.__pow5mult
                0x00009b80       0x9c c:/freescale/kds_v3/toolchain/bin/../lib/gcc/arm-none-eabi/4.8.4/../../../../arm-none-eabi/lib/armv7e-m/softfp\libg.a(lib_a-mprec.o)
                0x00009b80                __pow5mult
 .text.__lshift
                0x00009c1c       0xbc c:/freescale/kds_v3/toolchain/bin/../lib/gcc/arm-none-eabi/4.8.4/../../../../arm-none-eabi/lib/armv7e-m/softfp\libg.a(lib_a-mprec.o)
                0x00009c1c                __lshift
 .text.__mcmp   0x00009cd8       0x48 c:/freescale/kds_v3/toolchain/bin/../lib/gcc/arm-none-eabi/4.8.4/../../../../arm-none-eabi/lib/armv7e-m/softfp\libg.a(lib_a-mprec.o)
                0x00009cd8                __mcmp
 .text.__mdiff  0x00009d20       0xd4 c:/freescale/kds_v3/toolchain/bin/../lib/gcc/arm-none-eabi/4.8.4/../../../../arm-none-eabi/lib/armv7e-m/softfp\libg.a(lib_a-mprec.o)
                0x00009d20                __mdiff
 .text.__d2b    0x00009df4       0xbc c:/freescale/kds_v3/toolchain/bin/../lib/gcc/arm-none-eabi/4.8.4/../../../../arm-none-eabi/lib/armv7e-m/softfp\libg.a(lib_a-mprec.o)
                0x00009df4                __d2b
 .text._read_r  0x00009eb0       0x28 c:/freescale/kds_v3/toolchain/bin/../lib/gcc/arm-none-eabi/4.8.4/../../../../arm-none-eabi/lib/armv7e-m/softfp\libg.a(lib_a-readr.o)
                0x00009eb0                _read_r
 .text.__fpclassifyd
                0x00009ed8       0x50 c:/freescale/kds_v3/toolchain/bin/../lib/gcc/arm-none-eabi/4.8.4/../../../../arm-none-eabi/lib/armv7e-m/softfp\libg.a(lib_a-s_fpclassify.o)
                0x00009ed8                __fpclassifyd
 .text._raise_r
                0x00009f28       0x58 c:/freescale/kds_v3/toolchain/bin/../lib/gcc/arm-none-eabi/4.8.4/../../../../arm-none-eabi/lib/armv7e-m/softfp\libg.a(lib_a-signal.o)
                0x00009f28                _raise_r
 .text.raise    0x00009f80       0x10 c:/freescale/kds_v3/toolchain/bin/../lib/gcc/arm-none-eabi/4.8.4/../../../../arm-none-eabi/lib/armv7e-m/softfp\libg.a(lib_a-signal.o)
                0x00009f80                raise
 .text._kill_r  0x00009f90       0x28 c:/freescale/kds_v3/toolchain/bin/../lib/gcc/arm-none-eabi/4.8.4/../../../../arm-none-eabi/lib/armv7e-m/softfp\libg.a(lib_a-signalr.o)
                0x00009f90                _kill_r
 .text._getpid_r
                0x00009fb8        0x4 c:/freescale/kds_v3/toolchain/bin/../lib/gcc/arm-none-eabi/4.8.4/../../../../arm-none-eabi/lib/armv7e-m/softfp\libg.a(lib_a-signalr.o)
                0x00009fb8                _getpid_r
 *fill*         0x00009fbc        0x4 
 .text._svfprintf_r
                0x00009fc0     0x1500 c:/freescale/kds_v3/toolchain/bin/../lib/gcc/arm-none-eabi/4.8.4/../../../../arm-none-eabi/lib/armv7e-m/softfp\libg.a(lib_a-svfprintf.o)
                0x00009fc0                _svfprintf_r
 .text._wcrtomb_r
                0x0000b4c0       0x50 c:/freescale/kds_v3/toolchain/bin/../lib/gcc/arm-none-eabi/4.8.4/../../../../arm-none-eabi/lib/armv7e-m/softfp\libg.a(lib_a-wcrtomb.o)
                0x0000b4c0                _wcrtomb_r
 .text.__ascii_wctomb
                0x0000b510       0x1c c:/freescale/kds_v3/toolchain/bin/../lib/gcc/arm-none-eabi/4.8.4/../../../../arm-none-eabi/lib/armv7e-m/softfp\libg.a(lib_a-wctomb_r.o)
                0x0000b510                __ascii_wctomb
 .text.__register_exitproc
                0x0000b52c       0xa8 c:/freescale/kds_v3/toolchain/bin/../lib/gcc/arm-none-eabi/4.8.4/../../../../arm-none-eabi/lib/armv7e-m/softfp\libg.a(lib_a-__atexit.o)
                0x0000b52c                __register_exitproc
 .text._calloc_r
                0x0000b5d4       0x60 c:/freescale/kds_v3/toolchain/bin/../lib/gcc/arm-none-eabi/4.8.4/../../../../arm-none-eabi/lib/armv7e-m/softfp\libg.a(lib_a-callocr.o)
                0x0000b5d4                _calloc_r
 .text.__ssprint_r
                0x0000b634      0x100 c:/freescale/kds_v3/toolchain/bin/../lib/gcc/arm-none-eabi/4.8.4/../../../../arm-none-eabi/lib/armv7e-m/softfp\libg.a(lib_a-svfiprintf.o)
                0x0000b634                __ssprint_r
 .text._getpid  0x0000b734       0x10 c:/freescale/kds_v3/toolchain/bin/../lib/gcc/arm-none-eabi/4.8.4/../../../../arm-none-eabi/lib/armv7e-m/softfp\libnosys.a(getpid.o)
                0x0000b734                _getpid
 .text._kill    0x0000b744       0x10 c:/freescale/kds_v3/toolchain/bin/../lib/gcc/arm-none-eabi/4.8.4/../../../../arm-none-eabi/lib/armv7e-m/softfp\libnosys.a(kill.o)
                0x0000b744                _kill
 *(.rodata)
 .rodata        0x0000b754       0x18 main.o
 .rodata        0x0000b76c       0x14 ..\mbed\TARGET_K64F\TOOLCHAIN_GCC_ARM\pinmap.o
 *(.rodata*)
 .rodata.PinMap_UART_RX
                0x0000b780       0x90 ..\mbed\TARGET_K64F\TOOLCHAIN_GCC_ARM\PeripheralPins.o
                0x0000b780                PinMap_UART_RX
 .rodata.PinMap_UART_TX
                0x0000b810       0x90 ..\mbed\TARGET_K64F\TOOLCHAIN_GCC_ARM\PeripheralPins.o
                0x0000b810                PinMap_UART_TX
 .rodata.CLOCK_EnablePll0.str1.1
                0x0000b8a0        0x7 ..\mbed\TARGET_K64F\TOOLCHAIN_GCC_ARM\fsl_clock.o
 .rodata.CLOCK_GetMcgExtClkFreq.str1.1
                0x0000b8a7       0x92 ..\mbed\TARGET_K64F\TOOLCHAIN_GCC_ARM\fsl_clock.o
 .rodata.CLOCK_GetPll0Freq.str1.1
                0x0000b939        0xb ..\mbed\TARGET_K64F\TOOLCHAIN_GCC_ARM\fsl_clock.o
 .rodata.__func__.7523
                0x0000b944       0x17 ..\mbed\TARGET_K64F\TOOLCHAIN_GCC_ARM\fsl_clock.o
 .rodata.__func__.7568
                0x0000b95b       0x17 ..\mbed\TARGET_K64F\TOOLCHAIN_GCC_ARM\fsl_clock.o
 .rodata.__func__.7576
                0x0000b972       0x16 ..\mbed\TARGET_K64F\TOOLCHAIN_GCC_ARM\fsl_clock.o
 .rodata.__func__.7666
                0x0000b988       0x12 ..\mbed\TARGET_K64F\TOOLCHAIN_GCC_ARM\fsl_clock.o
 .rodata.__func__.7714
                0x0000b99a       0x11 ..\mbed\TARGET_K64F\TOOLCHAIN_GCC_ARM\fsl_clock.o
 .rodata.__func__.7850
                0x0000b9ab       0x11 ..\mbed\TARGET_K64F\TOOLCHAIN_GCC_ARM\fsl_clock.o
 .rodata.__func__.7914
                0x0000b9bc       0x14 ..\mbed\TARGET_K64F\TOOLCHAIN_GCC_ARM\fsl_clock.o
 .rodata.fllFactorTable.7651
                0x0000b9d0       0x10 ..\mbed\TARGET_K64F\TOOLCHAIN_GCC_ARM\fsl_clock.o
 .rodata.g_defaultClockConfigRun
                0x0000b9e0       0x20 ..\mbed\TARGET_K64F\TOOLCHAIN_GCC_ARM\fsl_clock_config.o
                0x0000b9e0                g_defaultClockConfigRun
 .rodata.DSPI_GetInstance.str1.1
                0x0000ba00       0x9b ..\mbed\TARGET_K64F\TOOLCHAIN_GCC_ARM\fsl_dspi.o
 .rodata.SPI0_DriverIRQHandler.str1.1
                0x0000ba9b       0x10 ..\mbed\TARGET_K64F\TOOLCHAIN_GCC_ARM\fsl_dspi.o
 .rodata.SPI1_DriverIRQHandler.str1.1
                0x0000baab       0x10 ..\mbed\TARGET_K64F\TOOLCHAIN_GCC_ARM\fsl_dspi.o
 .rodata.SPI2_DriverIRQHandler.str1.1
                0x0000babb       0x10 ..\mbed\TARGET_K64F\TOOLCHAIN_GCC_ARM\fsl_dspi.o
 .rodata.__func__.8198
                0x0000bacb       0x16 ..\mbed\TARGET_K64F\TOOLCHAIN_GCC_ARM\fsl_dspi.o
 .rodata.__func__.8202
                0x0000bae1       0x16 ..\mbed\TARGET_K64F\TOOLCHAIN_GCC_ARM\fsl_dspi.o
 .rodata.__func__.8206
                0x0000baf7       0x16 ..\mbed\TARGET_K64F\TOOLCHAIN_GCC_ARM\fsl_dspi.o
 .rodata.EDMA_CreateHandle.str1.1
                0x0000bb0d        0xf ..\mbed\TARGET_K64F\TOOLCHAIN_GCC_ARM\fsl_edma.o
 .rodata.EDMA_GetInstance.str1.1
                0x0000bb1c       0x9e ..\mbed\TARGET_K64F\TOOLCHAIN_GCC_ARM\fsl_edma.o
 .rodata.__func__.8001
                0x0000bbba        0xf ..\mbed\TARGET_K64F\TOOLCHAIN_GCC_ARM\fsl_edma.o
 .rodata.CAN0_DriverIRQHandler.str1.1
                0x0000bbc9       0x13 ..\mbed\TARGET_K64F\TOOLCHAIN_GCC_ARM\fsl_flexcan.o
 .rodata.FLEXCAN_Reset.str1.1
                0x0000bbdc       0x9c ..\mbed\TARGET_K64F\TOOLCHAIN_GCC_ARM\fsl_flexcan.o
 .rodata.__func__.8066
                0x0000bc78       0x16 ..\mbed\TARGET_K64F\TOOLCHAIN_GCC_ARM\fsl_flexcan.o
 .rodata.PIT_GetInstance.str1.1
                0x0000bc8e       0x9c ..\mbed\TARGET_K64F\TOOLCHAIN_GCC_ARM\fsl_pit.o
 .rodata.PIT_Init.str1.1
                0x00000000        0x7 ..\mbed\TARGET_K64F\TOOLCHAIN_GCC_ARM\fsl_pit.o
 .rodata.__func__.7572
                0x0000bd2a       0x10 ..\mbed\TARGET_K64F\TOOLCHAIN_GCC_ARM\fsl_pit.o
 .rodata.__func__.7577
                0x0000bd3a        0x9 ..\mbed\TARGET_K64F\TOOLCHAIN_GCC_ARM\fsl_pit.o
 .rodata.I2S0_Rx_DriverIRQHandler.str1.1
                0x0000bd43       0x12 ..\mbed\TARGET_K64F\TOOLCHAIN_GCC_ARM\fsl_sai.o
 .rodata.I2S0_Tx_DriverIRQHandler.str1.1
                0x0000bd55       0x12 ..\mbed\TARGET_K64F\TOOLCHAIN_GCC_ARM\fsl_sai.o
 .rodata.SAI_GetInstance.str1.1
                0x0000bd67       0x9c ..\mbed\TARGET_K64F\TOOLCHAIN_GCC_ARM\fsl_sai.o
 .rodata.__func__.8050
                0x0000be03       0x19 ..\mbed\TARGET_K64F\TOOLCHAIN_GCC_ARM\fsl_sai.o
 .rodata.__func__.8054
                0x0000be1c       0x19 ..\mbed\TARGET_K64F\TOOLCHAIN_GCC_ARM\fsl_sai.o
 .rodata.SDHC_DriverIRQHandler.str1.1
                0x0000be35       0x10 ..\mbed\TARGET_K64F\TOOLCHAIN_GCC_ARM\fsl_sdhc.o
 .rodata.SDHC_GetInstance.str1.1
                0x0000be45       0x9e ..\mbed\TARGET_K64F\TOOLCHAIN_GCC_ARM\fsl_sdhc.o
 .rodata.__func__.8238
                0x0000bee3       0x16 ..\mbed\TARGET_K64F\TOOLCHAIN_GCC_ARM\fsl_sdhc.o
 .rodata.UART_GetInstance.str1.1
                0x0000bef9       0x1a ..\mbed\TARGET_K64F\TOOLCHAIN_GCC_ARM\fsl_uart.o
 .rodata.UART_Init.str1.1
                0x0000bf13       0x8f ..\mbed\TARGET_K64F\TOOLCHAIN_GCC_ARM\fsl_uart.o
                                 0x96 (size before relaxing)
 .rodata.UART_SetBaudRate.str1.1
                0x00000000       0x8f ..\mbed\TARGET_K64F\TOOLCHAIN_GCC_ARM\fsl_uart.o
                                  0xd (size before relaxing)
 .rodata.UART_TransferGetRxRingBufferLength.part.0.str1.1
                0x0000bfa2       0x7f ..\mbed\TARGET_K64F\TOOLCHAIN_GCC_ARM\fsl_uart.o
 .rodata.__func__.7722
                0x0000c021       0x11 ..\mbed\TARGET_K64F\TOOLCHAIN_GCC_ARM\fsl_uart.o
 .rodata.__func__.7738
                0x0000c032        0xa ..\mbed\TARGET_K64F\TOOLCHAIN_GCC_ARM\fsl_uart.o
 .rodata.__func__.7756
                0x0000c03c       0x16 ..\mbed\TARGET_K64F\TOOLCHAIN_GCC_ARM\fsl_uart.o
 .rodata.__func__.7762
                0x0000c052       0x11 ..\mbed\TARGET_K64F\TOOLCHAIN_GCC_ARM\fsl_uart.o
 *fill*         0x0000c063        0x1 
 .rodata.s_uartBases
                0x0000c064       0x18 ..\mbed\TARGET_K64F\TOOLCHAIN_GCC_ARM\fsl_uart.o
 .rodata.s_uartClock
                0x0000c07c       0x18 ..\mbed\TARGET_K64F\TOOLCHAIN_GCC_ARM\fsl_uart.o
 .rodata.gpio_addrs
                0x0000c094       0x14 ..\mbed\TARGET_K64F\TOOLCHAIN_GCC_ARM\gpio_api.o
 .rodata.gpio_dir.str1.1
                0x0000c0a8       0x18 ..\mbed\TARGET_K64F\TOOLCHAIN_GCC_ARM\gpio_api.o
 .rodata.gpio_set.str1.1
                0x0000c0c0       0x64 ..\mbed\TARGET_K64F\TOOLCHAIN_GCC_ARM\gpio_api.o
                                 0x77 (size before relaxing)
 .rodata._ZN12SingletonPtrI13PlatformMutexE3getEv.str1.1
                0x0000c124       0x5c ..\mbed\TARGET_K64F\TOOLCHAIN_GCC_ARM\mbed_retarget.o
 .rodata._ZZ18us_ticker_get_infoE4info