Archive member included because of file (symbol)

D:\k64\frdm_rtos\mbed\TARGET_K64F\TOOLCHAIN_GCC_ARM\libmbed.a(I2C.o)
                              SparkFunMPU9250-DMP\MotionDriver_6_1\mdcompat.o (mbed::I2C::I2C(PinName, PinName))
D:\k64\frdm_rtos\mbed\TARGET_K64F\TOOLCHAIN_GCC_ARM\libmbed.a(InterruptIn.o)
                              main.o (mbed::InterruptIn::InterruptIn(PinName))
D:\k64\frdm_rtos\mbed\TARGET_K64F\TOOLCHAIN_GCC_ARM\libmbed.a(SerialBase.o)
                              main.o (mbed::SerialBase::baud(int))
D:\k64\frdm_rtos\mbed\TARGET_K64F\TOOLCHAIN_GCC_ARM\libmbed.a(Serial.o)
                              main.o (mbed::Serial::Serial(PinName, PinName, char const*, int))
D:\k64\frdm_rtos\mbed\TARGET_K64F\TOOLCHAIN_GCC_ARM\libmbed.a(Ticker.o)
                              SparkFunMPU9250-DMP\MotionDriver_6_1\mdcompat.o (mbed::Ticker::setup(unsigned long long))
D:\k64\frdm_rtos\mbed\TARGET_K64F\TOOLCHAIN_GCC_ARM\libmbed.a(Timer.o)
                              main.o (mbed::Timer::~Timer())
D:\k64\frdm_rtos\mbed\TARGET_K64F\TOOLCHAIN_GCC_ARM\libmbed.a(TimerEvent.o)
                              SparkFunMPU9250-DMP\MotionDriver_6_1\mdcompat.o (mbed::TimerEvent::TimerEvent())
D:\k64\frdm_rtos\mbed\TARGET_K64F\TOOLCHAIN_GCC_ARM\libmbed.a(mbed_gpio.o)
                              ..\mbed\TARGET_K64F\TOOLCHAIN_GCC_ARM\mbed_overrides.o (gpio_init_in)
D:\k64\frdm_rtos\mbed\TARGET_K64F\TOOLCHAIN_GCC_ARM\libmbed.a(mbed_lp_ticker_api.o)
                              D:\k64\frdm_rtos\mbed\TARGET_K64F\TOOLCHAIN_GCC_ARM\libmbed.a(Timer.o) (get_lp_ticker_data)
D:\k64\frdm_rtos\mbed\TARGET_K64F\TOOLCHAIN_GCC_ARM\libmbed.a(mbed_sleep_manager.o)
                              SparkFunMPU9250-DMP\MotionDriver_6_1\mdcompat.o (sleep_manager_lock_deep_sleep)
D:\k64\frdm_rtos\mbed\TARGET_K64F\TOOLCHAIN_GCC_ARM\libmbed.a(mbed_pinmap_common.o)
                              ..\mbed\TARGET_K64F\TOOLCHAIN_GCC_ARM\analogin_api.o (pinmap_pinout)
D:\k64\frdm_rtos\mbed\TARGET_K64F\TOOLCHAIN_GCC_ARM\libmbed.a(mbed_ticker_api.o)
                              D:\k64\frdm_rtos\mbed\TARGET_K64F\TOOLCHAIN_GCC_ARM\libmbed.a(TimerEvent.o) (ticker_set_handler)
D:\k64\frdm_rtos\mbed\TARGET_K64F\TOOLCHAIN_GCC_ARM\libmbed.a(mbed_us_ticker_api.o)
                              ..\mbed\TARGET_K64F\TOOLCHAIN_GCC_ARM\mbed_retarget.o (get_us_ticker_data)
D:\k64\frdm_rtos\mbed\TARGET_K64F\TOOLCHAIN_GCC_ARM\libmbed.a(FilePath.o)
                              ..\mbed\TARGET_K64F\TOOLCHAIN_GCC_ARM\mbed_retarget.o (mbed::FilePath::FilePath(char const*))
D:\k64\frdm_rtos\mbed\TARGET_K64F\TOOLCHAIN_GCC_ARM\libmbed.a(Stream.o)
                              D:\k64\frdm_rtos\mbed\TARGET_K64F\TOOLCHAIN_GCC_ARM\libmbed.a(Serial.o) (mbed::Stream::write(void const*, unsigned int))
D:\k64\frdm_rtos\mbed\TARGET_K64F\TOOLCHAIN_GCC_ARM\libmbed.a(mbed_assert.o)
                              mbed-rtos\rtos\Thread.o (mbed_assert_internal)
D:\k64\frdm_rtos\mbed\TARGET_K64F\TOOLCHAIN_GCC_ARM\libmbed.a(mbed_critical.o)
                              SparkFunMPU9250-DMP\MotionDriver_6_1\mdcompat.o (core_util_critical_section_enter)
D:\k64\frdm_rtos\mbed\TARGET_K64F\TOOLCHAIN_GCC_ARM\libmbed.a(mbed_error.o)
                              mbed-rtos\rtx\TARGET_CORTEX_M\RTX_Conf_CM.o (error)
D:\k64\frdm_rtos\mbed\TARGET_K64F\TOOLCHAIN_GCC_ARM\libmbed.a(mbed_wait_api_no_rtos.o)
                              D:\k64\frdm_rtos\mbed\TARGET_K64F\TOOLCHAIN_GCC_ARM\libmbed.a(SerialBase.o) (wait_us)
D:\k64\frdm_rtos\mbed\TARGET_K64F\TOOLCHAIN_GCC_ARM\libmbed.a(FileHandle.o)
                              D:\k64\frdm_rtos\mbed\TARGET_K64F\TOOLCHAIN_GCC_ARM\libmbed.a(Stream.o) (mbed::FileHandle::size())
D:\k64\frdm_rtos\mbed\TARGET_K64F\TOOLCHAIN_GCC_ARM\libmbed.a(FileBase.o)
                              D:\k64\frdm_rtos\mbed\TARGET_K64F\TOOLCHAIN_GCC_ARM\libmbed.a(FilePath.o) (mbed::FileBase::getPathType())
c:/freescale/kds_v3/toolchain/bin/../lib/gcc/arm-none-eabi/4.8.4/../../../../arm-none-eabi/lib/armv7e-m/softfp\libm.a(lib_a-s_fabs.o)
                              SparkFunMPU9250-DMP\MotionDriver_6_1\inv_mpu.o (fabs)
c:/freescale/kds_v3/toolchain/bin/../lib/gcc/arm-none-eabi/4.8.4/../../../../arm-none-eabi/lib/armv7e-m/softfp\libm.a(lib_a-s_floor.o)
                              gps\GPS.o (floor)
c:/freescale/kds_v3/toolchain/bin/../lib/gcc/arm-none-eabi/4.8.4/../../../../arm-none-eabi/lib/armv7e-m/softfp\libm.a(lib_a-w_asin.o)
                              SparkFunMPU9250-DMP\SparkFunMPU9250-DMP.o (asin)
c:/freescale/kds_v3/toolchain/bin/../lib/gcc/arm-none-eabi/4.8.4/../../../../arm-none-eabi/lib/armv7e-m/softfp\libm.a(lib_a-w_atan2.o)
                              SparkFunMPU9250-DMP\SparkFunMPU9250-DMP.o (atan2)
c:/freescale/kds_v3/toolchain/bin/../lib/gcc/arm-none-eabi/4.8.4/../../../../arm-none-eabi/lib/armv7e-m/softfp\libm.a(lib_a-w_sqrt.o)
                              SparkFunMPU9250-DMP\SparkFunMPU9250-DMP.o (sqrt)
[...]
Memory Configuration

Name             Origin             Length             Attributes
m_interrupts     0x00000000         0x00000400         xr
m_flash_config   0x00000400         0x00000010         xr
m_text           0x00000410         0x000ffbf0         xr
m_data           0x1fff0000         0x00010000         rw
m_data_2         0x20000000         0x00030000         rw
*default*        0x00000000         0xffffffff

Linker script and memory map

LOAD c:/freescale/kds_v3/toolchain/bin/../lib/gcc/arm-none-eabi/4.8.4/armv7e-m/softfp/crti.o
LOAD c:/freescale/kds_v3/toolchain/bin/../lib/gcc/arm-none-eabi/4.8.4/armv7e-m/softfp/crtbegin.o
LOAD c:/freescale/kds_v3/toolchain/bin/../lib/gcc/arm-none-eabi/4.8.4/../../../../arm-none-eabi/lib/armv7e-m/softfp/crt0.o
LOAD mbed-rtos\rtx\TARGET_CORTEX_M\rt_Timer.o
LOAD mbed-rtos\rtx\TARGET_CORTEX_M\rt_Time.o
LOAD mbed-rtos\rtx\TARGET_CORTEX_M\rt_Task.o
LOAD mbed-rtos\rtx\TARGET_CORTEX_M\rt_System.o
LOAD mbed-rtos\rtx\TARGET_CORTEX_M\rt_Semaphore.o
LOAD mbed-rtos\rtx\TARGET_CORTEX_M\rt_Robin.o
LOAD mbed-rtos\rtx\TARGET_CORTEX_M\rt_OsEventObserver.o
LOAD mbed-rtos\rtx\TARGET_CORTEX_M\rt_Mutex.o
LOAD mbed-rtos\rtx\TARGET_CORTEX_M\rt_Memory.o
LOAD mbed-rtos\rtx\TARGET_CORTEX_M\rt_MemBox.o
LOAD mbed-rtos\rtx\TARGET_CORTEX_M\rt_Mailbox.o
LOAD mbed-rtos\rtx\TARGET_CORTEX_M\rt_List.o
LOAD mbed-rtos\rtx\TARGET_CORTEX_M\rt_Event.o
LOAD mbed-rtos\rtx\TARGET_CORTEX_M\rt_CMSIS.o
LOAD mbed-rtos\rtx\TARGET_CORTEX_M\TARGET_RTOS_M4_M7\TOOLCHAIN_GCC\SVC_Table.o
LOAD mbed-rtos\rtx\TARGET_CORTEX_M\TARGET_RTOS_M4_M7\TOOLCHAIN_GCC\HAL_CM4.o
LOAD mbed-rtos\rtx\TARGET_CORTEX_M\RTX_Conf_CM.o
LOAD mbed-rtos\rtx\TARGET_CORTEX_M\HAL_CM.o
LOAD mbed-rtos\rtos\rtos_idle.o
LOAD mbed-rtos\rtos\Thread.o
LOAD mbed-rtos\rtos\Semaphore.o
LOAD mbed-rtos\rtos\RtosTimer.o
LOAD mbed-rtos\rtos\Mutex.o
LOAD main.o
LOAD gps\GPS.o
LOAD SparkFunMPU9250-DMP\SparkFunMPU9250-DMP.o
LOAD SparkFunMPU9250-DMP\MotionDriver_6_1\mdcompat.o
LOAD SparkFunMPU9250-DMP\MotionDriver_6_1\inv_mpu_dmp_motion_driver.o
LOAD SparkFunMPU9250-DMP\MotionDriver_6_1\inv_mpu.o
LOAD ..\mbed\TARGET_K64F\TOOLCHAIN_GCC_ARM\PeripheralPins.o
LOAD ..\mbed\TARGET_K64F\TOOLCHAIN_GCC_ARM\analogin_api.o
LOAD ..\mbed\TARGET_K64F\TOOLCHAIN_GCC_ARM\analogout_api.o
LOAD ..\mbed\TARGET_K64F\TOOLCHAIN_GCC_ARM\crc.o
LOAD ..\mbed\TARGET_K64F\TOOLCHAIN_GCC_ARM\dma_api.o
LOAD ..\mbed\TARGET_K64F\TOOLCHAIN_GCC_ARM\flash_api.o
LOAD ..\mbed\TARGET_K64F\TOOLCHAIN_GCC_ARM\fsl_adc16.o
LOAD ..\mbed\TARGET_K64F\TOOLCHAIN_GCC_ARM\fsl_clock.o
LOAD ..\mbed\TARGET_K64F\TOOLCHAIN_GCC_ARM\fsl_clock_config.o
LOAD ..\mbed\TARGET_K64F\TOOLCHAIN_GCC_ARM\fsl_cmp.o
LOAD ..\mbed\TARGET_K64F\TOOLCHAIN_GCC_ARM\fsl_cmt.o
LOAD ..\mbed\TARGET_K64F\TOOLCHAIN_GCC_ARM\fsl_common.o
LOAD ..\mbed\TARGET_K64F\TOOLCHAIN_GCC_ARM\fsl_crc.o
LOAD ..\mbed\TARGET_K64F\TOOLCHAIN_GCC_ARM\fsl_dac.o
LOAD ..\mbed\TARGET_K64F\TOOLCHAIN_GCC_ARM\fsl_dmamux.o
LOAD ..\mbed\TARGET_K64F\TOOLCHAIN_GCC_ARM\fsl_dspi.o
LOAD ..\mbed\TARGET_K64F\TOOLCHAIN_GCC_ARM\fsl_dspi_edma.o
LOAD ..\mbed\TARGET_K64F\TOOLCHAIN_GCC_ARM\fsl_edma.o
LOAD ..\mbed\TARGET_K64F\TOOLCHAIN_GCC_ARM\fsl_enet.o
LOAD ..\mbed\TARGET_K64F\TOOLCHAIN_GCC_ARM\fsl_ewm.o
LOAD ..\mbed\TARGET_K64F\TOOLCHAIN_GCC_ARM\fsl_flash.o
LOAD ..\mbed\TARGET_K64F\TOOLCHAIN_GCC_ARM\fsl_flexbus.o
LOAD ..\mbed\TARGET_K64F\TOOLCHAIN_GCC_ARM\fsl_flexcan.o
LOAD ..\mbed\TARGET_K64F\TOOLCHAIN_GCC_ARM\fsl_ftm.o
LOAD ..\mbed\TARGET_K64F\TOOLCHAIN_GCC_ARM\fsl_gpio.o
LOAD ..\mbed\TARGET_K64F\TOOLCHAIN_GCC_ARM\fsl_i2c.o
LOAD ..\mbed\TARGET_K64F\TOOLCHAIN_GCC_ARM\fsl_i2c_edma.o
LOAD ..\mbed\TARGET_K64F\TOOLCHAIN_GCC_ARM\fsl_llwu.o
LOAD ..\mbed\TARGET_K64F\TOOLCHAIN_GCC_ARM\fsl_lptmr.o
LOAD ..\mbed\TARGET_K64F\TOOLCHAIN_GCC_ARM\fsl_mpu.o
LOAD ..\mbed\TARGET_K64F\TOOLCHAIN_GCC_ARM\fsl_pdb.o
LOAD ..\mbed\TARGET_K64F\TOOLCHAIN_GCC_ARM\fsl_phy.o
LOAD ..\mbed\TARGET_K64F\TOOLCHAIN_GCC_ARM\fsl_pit.o
LOAD ..\mbed\TARGET_K64F\TOOLCHAIN_GCC_ARM\fsl_pmc.o
LOAD ..\mbed\TARGET_K64F\TOOLCHAIN_GCC_ARM\fsl_rcm.o
LOAD ..\mbed\TARGET_K64F\TOOLCHAIN_GCC_ARM\fsl_rnga.o
LOAD ..\mbed\TARGET_K64F\TOOLCHAIN_GCC_ARM\fsl_rtc.o
LOAD ..\mbed\TARGET_K64F\TOOLCHAIN_GCC_ARM\fsl_sai.o
LOAD ..\mbed\TARGET_K64F\TOOLCHAIN_GCC_ARM\fsl_sai_edma.o
LOAD ..\mbed\TARGET_K64F\TOOLCHAIN_GCC_ARM\fsl_sdhc.o
LOAD ..\mbed\TARGET_K64F\TOOLCHAIN_GCC_ARM\fsl_sim.o
LOAD ..\mbed\TARGET_K64F\TOOLCHAIN_GCC_ARM\fsl_smc.o
LOAD ..\mbed\TARGET_K64F\TOOLCHAIN_GCC_ARM\fsl_uart.o
LOAD ..\mbed\TARGET_K64F\TOOLCHAIN_GCC_ARM\fsl_uart_edma.o
LOAD ..\mbed\TARGET_K64F\TOOLCHAIN_GCC_ARM\fsl_vref.o
LOAD ..\mbed\TARGET_K64F\TOOLCHAIN_GCC_ARM\fsl_wdog.o
LOAD ..\mbed\TARGET_K64F\TOOLCHAIN_GCC_ARM\gpio_api.o
LOAD ..\mbed\TARGET_K64F\TOOLCHAIN_GCC_ARM\gpio_irq_api.o
LOAD ..\mbed\TARGET_K64F\TOOLCHAIN_GCC_ARM\i2c_api.o
LOAD ..\mbed\TARGET_K64F\TOOLCHAIN_GCC_ARM\lp_ticker.o
LOAD ..\mbed\TARGET_K64F\TOOLCHAIN_GCC_ARM\mbed_board.o
LOAD ..\mbed\TARGET_K64F\TOOLCHAIN_GCC_ARM\mbed_overrides.o
LOAD ..\mbed\TARGET_K64F\TOOLCHAIN_GCC_ARM\mbed_retarget.o
LOAD ..\mbed\TARGET_K64F\TOOLCHAIN_GCC_ARM\mbed_sdk_boot.o
LOAD ..\mbed\TARGET_K64F\TOOLCHAIN_GCC_ARM\pinmap.o
LOAD ..\mbed\TARGET_K64F\TOOLCHAIN_GCC_ARM\port_api.o
LOAD ..\mbed\TARGET_K64F\TOOLCHAIN_GCC_ARM\pwmout_api.o
LOAD ..\mbed\TARGET_K64F\TOOLCHAIN_GCC_ARM\rtc_api.o
LOAD ..\mbed\TARGET_K64F\TOOLCHAIN_GCC_ARM\serial_api.o
LOAD ..\mbed\TARGET_K64F\TOOLCHAIN_GCC_ARM\sleep.o
LOAD ..\mbed\TARGET_K64F\TOOLCHAIN_GCC_ARM\spi_api.o
LOAD ..\mbed\TARGET_K64F\TOOLCHAIN_GCC_ARM\startup_MK64F12.o
LOAD ..\mbed\TARGET_K64F\TOOLCHAIN_GCC_ARM\storage_driver.o
LOAD ..\mbed\TARGET_K64F\TOOLCHAIN_GCC_ARM\system_MK64F12.o
LOAD ..\mbed\TARGET_K64F\TOOLCHAIN_GCC_ARM\trng_api.o
LOAD ..\mbed\TARGET_K64F\TOOLCHAIN_GCC_ARM\us_ticker.o
LOAD D:\k64\frdm_rtos\mbed\TARGET_K64F\TOOLCHAIN_GCC_ARM\libmbed.a
LOAD c:/freescale/kds_v3/toolchain/bin/../lib/gcc/arm-none-eabi/4.8.4/../../../../arm-none-eabi/lib/armv7e-m/softfp\libstdc++.a
LOAD c:/freescale/kds_v3/toolchain/bin/../lib/gcc/arm-none-eabi/4.8.4/../../../../arm-none-eabi/lib/armv7e-m/softfp\libm.a
START GROUP
LOAD c:/freescale/kds_v3/toolchain/bin/../lib/gcc/arm-none-eabi/4.8.4/armv7e-m/softfp\libgcc.a
LOAD c:/freescale/kds_v3/toolchain/bin/../lib/gcc/arm-none-eabi/4.8.4/../../../../arm-none-eabi/lib/armv7e-m/softfp\libg.a
LOAD c:/freescale/kds_v3/toolchain/bin/../lib/gcc/arm-none-eabi/4.8.4/../../../../arm-none-eabi/lib/armv7e-m/softfp\libc.a
END GROUP
START GROUP
LOAD c:/freescale/kds_v3/toolchain/bin/../lib/gcc/arm-none-eabi/4.8.4/armv7e-m/softfp\libgcc.a
LOAD c:/freescale/kds_v3/toolchain/bin/../lib/gcc/arm-none-eabi/4.8.4/../../../../arm-none-eabi/lib/armv7e-m/softfp\libc.a
LOAD c:/freescale/kds_v3/toolchain/bin/../lib/gcc/arm-none-eabi/4.8.4/../../../../arm-none-eabi/lib/armv7e-m/softfp\libnosys.a
END GROUP
LOAD c:/freescale/kds_v3/toolchain/bin/../lib/gcc/arm-none-eabi/4.8.4/armv7e-m/softfp/crtend.o
LOAD c:/freescale/kds_v3/toolchain/bin/../lib/gcc/arm-none-eabi/4.8.4/armv7e-m/softfp/crtn.o
                0x00000001                __ram_vector_table__ = 0x1
                0x00000400                __stack_size__ = 0x400
                0x00006000                __heap_size__ = 0x6000
                0x00000400                HEAP_SIZE = DEFINED (__heap_size__)?__heap_size__:0x400
                0x00000400                STACK_SIZE = DEFINED (__stack_size__)?__stack_size__:0x400
                0x00000000                M_VECTOR_RAM_SIZE = DEFINED (__ram_vector_table__)?0x400:0x0

.interrupts     0x00000000      0x400
                0x00000000                __VECTOR_TABLE = .
                0x00000000                . = ALIGN (0x4)
 *(.isr_vector)
 .isr_vector    0x00000000      0x400 ..\mbed\TARGET_K64F\TOOLCHAIN_GCC_ARM\startup_MK64F12.o
                0x00000000                __isr_vector
                0x00000400                . = ALIGN (0x4)

.flash_config   0x00000400       0x10
                0x00000400                . = ALIGN (0x4)
 *(.FlashConfig)
 .FlashConfig   0x00000400       0x10 ..\mbed\TARGET_K64F\TOOLCHAIN_GCC_ARM\startup_MK64F12.o
                0x00000410                . = ALIGN (0x4)
                0x00000410                __UVISOR_FLASH_OFFSET = 0x410
                0x00000410                __UVISOR_FLASH_START = (ORIGIN (m_interrupts) + __UVISOR_FLASH_OFFSET)

.text           0x00000410    0x14ea4
                0x00000410                . = ALIGN (0x4)
                0x00000410                __uvisor_main_start = .
 *(.uvisor.main)
                0x00000410                __uvisor_main_end = .
                0x00000410                . = ALIGN (0x4)
 *(.text)
 .text          0x00000410       0x54 c:/freescale/kds_v3/toolchain/bin/../lib/gcc/arm-none-eabi/4.8.4/armv7e-m/softfp/crtbegin.o
 .text          0x00000464       0x74 c:/freescale/kds_v3/toolchain/bin/../lib/gcc/arm-none-eabi/4.8.4/../../../../arm-none-eabi/lib/armv7e-m/softfp/crt0.o
                0x00000464                _start
                0x00000464                _mainCRTStartup
 .text          0x000004d8      0x19c mbed-rtos\rtx\TARGET_CORTEX_M\TARGET_RTOS_M4_M7\TOOLCHAIN_GCC\HAL_CM4.o
                0x000004d8                rt_set_PSP
                0x000004de                rt_get_PSP
                0x000004e4                os_set_env
                0x000004fc                _alloc_box
                0x00000518                _free_box
                0x00000534                SVC_Handler
                0x000005e0                PendSV_Handler
                0x000005e6                Sys_Switch
                0x00000640                SysTick_Handler
                0x0000064a                OS_Tick_Handler
 .text          0x00000674      0x1e4 ..\mbed\TARGET_K64F\TOOLCHAIN_GCC_ARM\startup_MK64F12.o
                0x00000674                Reset_Handler
                0x000006b8                DebugMon_Handler
                0x000006b8                PORTC_IRQHandler
                0x000006b8                USB0_IRQHandler
                0x000006b8                DMA_Error_DriverIRQHandler
                0x000006b8                CMP0_IRQHandler
                0x000006b8                ENET_Transmit_DriverIRQHandler
                0x000006b8                UART1_ERR_DriverIRQHandler
                0x000006b8                BusFault_Handler
                0x000006b8                LPTMR0_IRQHandler
                0x000006b8                PIT0_IRQHandler
                0x000006b8                FTM2_IRQHandler
                0x000006b8                CMP2_IRQHandler
                0x000006b8                LLWU_IRQHandler
                0x000006b8                PORTE_IRQHandler
                0x000006b8                FTM3_IRQHandler
                0x000006b8                ENET_1588_Timer_DriverIRQHandler
                0x000006b8                SWI_IRQHandler
                0x000006b8                ADC0_IRQHandler
                0x000006b8                UsageFault_Handler
                0x000006b8                MCM_IRQHandler
                0x000006b8                CMT_IRQHandler
                0x000006b8                DAC1_IRQHandler
                0x000006b8                PORTA_IRQHandler
                0x000006b8                DefaultISR
                0x000006b8                FTM0_IRQHandler
                0x000006b8                UART5_ERR_DriverIRQHandler
                0x000006b8                LVD_LVW_IRQHandler
                0x000006b8                CMP1_IRQHandler
                0x000006b8                Reserved71_IRQHandler
                0x000006b8                PORTD_IRQHandler
                0x000006b8                PORTB_IRQHandler
                0x000006b8                PIT1_IRQHandler
                0x000006b8                UART2_ERR_DriverIRQHandler
                0x000006b8                ADC1_IRQHandler
                0x000006b8                ENET_Error_DriverIRQHandler
                0x000006b8                PIT2_IRQHandler
                0x000006b8                DAC0_IRQHandler
                0x000006b8                ENET_Receive_DriverIRQHandler
                0x000006b8                RTC_IRQHandler
                0x000006b8                UART3_ERR_DriverIRQHandler
                0x000006b8                PDB0_IRQHandler
                0x000006b8                UART0_ERR_DriverIRQHandler
                0x000006b8                FTM1_IRQHandler
                0x000006b8                Read_Collision_IRQHandler
                0x000006b8                RNG_IRQHandler
                0x000006b8                PIT3_IRQHandler
                0x000006b8                UART0_LON_DriverIRQHandler
                0x000006b8                RTC_Seconds_IRQHandler
                0x000006b8                MCG_IRQHandler
                0x000006b8                FTFE_IRQHandler
                0x000006b8                UART4_ERR_DriverIRQHandler
                0x000006b8                MemManage_Handler
                0x000006b8                WDOG_EWM_IRQHandler
                0x000006b8                USBDCD_IRQHandler
                0x000006c0                HardFault_Handler
                0x000006d0                DMA0_IRQHandler
                0x000006d4                DMA1_IRQHandler
                0x000006d8                DMA2_IRQHandler
                0x000006dc                DMA3_IRQHandler
                0x000006e0                DMA4_IRQHandler
                0x000006e4                DMA5_IRQHandler
                0x000006e8                DMA6_IRQHandler
                0x000006ec                DMA7_IRQHandler
                0x000006f0                DMA8_IRQHandler
                0x000006f4                DMA9_IRQHandler
                0x000006f8                DMA10_IRQHandler
                0x000006fc                DMA11_IRQHandler
                0x00000700                DMA12_IRQHandler
                0x00000704                DMA13_IRQHandler
                0x00000708                DMA14_IRQHandler
                0x0000070c                DMA15_IRQHandler
                0x00000710                DMA_Error_IRQHandler
                0x00000714                I2C0_IRQHandler
                0x00000718                I2C1_IRQHandler
                0x0000071c                SPI0_IRQHandler
                0x00000720                SPI1_IRQHandler
                0x00000724                I2S0_Tx_IRQHandler
                0x00000728                I2S0_Rx_IRQHandler
                0x0000072c                UART0_LON_IRQHandler
                0x00000730                UART0_RX_TX_IRQHandler
                0x00000734                UART0_ERR_IRQHandler
                0x00000738                UART1_RX_TX_IRQHandler
                0x0000073c                UART1_ERR_IRQHandler
                0x00000740                UART2_RX_TX_IRQHandler
                0x00000744                UART2_ERR_IRQHandler
                0x00000748                UART3_RX_TX_IRQHandler
                0x0000074c                UART3_ERR_IRQHandler
                0x00000750                SPI2_IRQHandler
                0x00000754                UART4_RX_TX_IRQHandler
                0x00000758                UART4_ERR_IRQHandler
                0x0000075c                UART5_RX_TX_IRQHandler
                0x00000760                UART5_ERR_IRQHandler
                0x00000764                I2C2_IRQHandler
                0x00000768                CAN0_ORed_Message_buffer_IRQHandler
                0x0000076c                CAN0_Bus_Off_IRQHandler
                0x00000770                CAN0_Error_IRQHandler
                0x00000774                CAN0_Tx_Warning_IRQHandler
                0x00000778                CAN0_Rx_Warning_IRQHandler
                0x0000077c                CAN0_Wake_Up_IRQHandler
                0x00000780                SDHC_IRQHandler
                0x00000784                ENET_1588_Timer_IRQHandler
 .text          0x00000858       0x18 c:/freescale/kds_v3/toolchain/bin/../lib/gcc/arm-none-eabi/4.8.4/armv7e-m/softfp\libgcc.a(_ashldi3.o)
                0x00000858                __aeabi_llsl
                0x00000858                __ashldi3
 .text          0x00000870      0x370 c:/freescale/kds_v3/toolchain/bin/../lib/gcc/arm-none-eabi/4.8.4/armv7e-m/softfp\libgcc.a(_arm_addsubdf3.o)
                0x00000870                __aeabi_drsub
                0x00000878                __aeabi_dsub
                0x00000878                __subdf3
                0x0000087c                __aeabi_dadd
                0x0000087c                __adddf3
                0x00000af4                __floatunsidf
                0x00000af4                __aeabi_ui2d
                0x00000b14                __floatsidf
                0x00000b14                __aeabi_i2d
                0x00000b38                __aeabi_f2d
                0x00000b38                __extendsfdf2
                0x00000b74                __floatundidf
                0x00000b74                __aeabi_ul2d
                0x00000b84                __floatdidf
                0x00000b84                __aeabi_l2d
 .text          0x00000be0      0x424 c:/freescale/kds_v3/toolchain/bin/../lib/gcc/arm-none-eabi/4.8.4/armv7e-m/softfp\libgcc.a(_arm_muldivdf3.o)
                0x00000be0                __aeabi_dmul
                0x00000be0                __muldf3
                0x00000e34                __divdf3
                0x00000e34                __aeabi_ddiv
 .text          0x00001004      0x110 c:/freescale/kds_v3/toolchain/bin/../lib/gcc/arm-none-eabi/4.8.4/armv7e-m/softfp\libgcc.a(_arm_cmpdf2.o)
                0x00001004                __gtdf2
                0x00001004                __gedf2
                0x0000100c                __ltdf2
                0x0000100c                __ledf2
                0x00001014                __nedf2
                0x00001014                __eqdf2
                0x00001014                __cmpdf2
                0x00001090                __aeabi_cdrcmple
                0x000010a0                __aeabi_cdcmpeq
                0x000010a0                __aeabi_cdcmple
                0x000010b0                __aeabi_dcmpeq
                0x000010c4                __aeabi_dcmplt
                0x000010d8                __aeabi_dcmple
                0x000010ec                __aeabi_dcmpge
                0x00001100                __aeabi_dcmpgt
 .text          0x00001114       0x2c c:/freescale/kds_v3/toolchain/bin/../lib/gcc/arm-none-eabi/4.8.4/armv7e-m/softfp\libgcc.a(_aeabi_uldivmod.o)
                0x00001114                __aeabi_uldivmod
 .text          0x00001140       0x60 c:/freescale/kds_v3/toolchain/bin/../lib/gcc/arm-none-eabi/4.8.4/armv7e-m/softfp\libgcc.a(bpabi.o)
                0x00001140                __gnu_ldivmod_helper
                0x00001170                __gnu_uldivmod_helper
 .text          0x000011a0        0x4 c:/freescale/kds_v3/toolchain/bin/../lib/gcc/arm-none-eabi/4.8.4/armv7e-m/softfp\libgcc.a(_dvmd_tls.o)
                0x000011a0                __aeabi_idiv0
                0x000011a0                __aeabi_ldiv0
 .text          0x000011a4      0x298 c:/freescale/kds_v3/toolchain/bin/../lib/gcc/arm-none-eabi/4.8.4/armv7e-m/softfp\libgcc.a(_divdi3.o)
                0x000011a4                __divdi3
 .text          0x0000143c      0x284 c:/freescale/kds_v3/toolchain/bin/../lib/gcc/arm-none-eabi/4.8.4/armv7e-m/softfp\libgcc.a(_udivdi3.o)
                0x0000143c                __udivdi3
 .text          0x000016c0      0x134 c:/freescale/kds_v3/toolchain/bin/../lib/gcc/arm-none-eabi/4.8.4/../../../../arm-none-eabi/lib/armv7e-m/softfp\libg.a(lib_a-memcpy.o)
                0x000016c0                memcpy
 .text          0x000017f4      0x21c c:/freescale/kds_v3/toolchain/bin/../lib/gcc/arm-none-eabi/4.8.4/../../../../arm-none-eabi/lib/armv7e-m/softfp\libg.a(lib_a-strcmp.o)
                0x000017f4                strcmp
 .text          0x00001a10       0x50 c:/freescale/kds_v3/toolchain/bin/../lib/gcc/arm-none-eabi/4.8.4/armv7e-m/softfp\libgcc.a(_arm_fixdfsi.o)
                0x00001a10                __aeabi_d2iz
                0x00001a10                __fixdfsi
 *(.text*)
 .text.rt_dly_wait
                0x00001a60       0x1c mbed-rtos\rtx\TARGET_CORTEX_M\rt_Time.o
                0x00001a60                rt_dly_wait
 .text.rt_svc_init
                0x00001a7c       0x7c mbed-rtos\rtx\TARGET_CORTEX_M\rt_Task.o
 .text.rt_get_TID
                0x00001af8       0x48 mbed-rtos\rtx\TARGET_CORTEX_M\rt_Task.o
 .text.rt_init_context
                0x00001b40       0x8c mbed-rtos\rtx\TARGET_CORTEX_M\rt_Task.o
 .text.rt_switch_req
                0x00001bcc       0x44 mbed-rtos\rtx\TARGET_CORTEX_M\rt_Task.o
                0x00001bcc                rt_switch_req
 .text.rt_dispatch
                0x00001c10       0x64 mbed-rtos\rtx\TARGET_CORTEX_M\rt_Task.o
                0x00001c10                rt_dispatch
 .text.rt_block
                0x00001c74       0x50 mbed-rtos\rtx\TARGET_CORTEX_M\rt_Task.o
                0x00001c74                rt_block
 .text.rt_tsk_self
                0x00001cc4       0x24 mbed-rtos\rtx\TARGET_CORTEX_M\rt_Task.o
                0x00001cc4                rt_tsk_self
 .text.rt_tsk_prio
                0x00001ce8       0xc8 mbed-rtos\rtx\TARGET_CORTEX_M\rt_Task.o
                0x00001ce8                rt_tsk_prio
 .text.rt_tsk_create
                0x00001db0       0x94 mbed-rtos\rtx\TARGET_CORTEX_M\rt_Task.o
                0x00001db0                rt_tsk_create
 .text.rt_tsk_delete
                0x00001e44      0x218 mbed-rtos\rtx\TARGET_CORTEX_M\rt_Task.o
                0x00001e44                rt_tsk_delete
 .text.rt_sys_init
                0x0000205c      0x10c mbed-rtos\rtx\TARGET_CORTEX_M\rt_Task.o
                0x0000205c                rt_sys_init
 .text.rt_sys_start
                0x00002168       0x50 mbed-rtos\rtx\TARGET_CORTEX_M\rt_Task.o
                0x00002168                rt_sys_start
 .text.rt_systick_init
                0x000021b8       0x40 mbed-rtos\rtx\TARGET_CORTEX_M\rt_System.o
 .text.rt_psh_req
                0x000021f8       0x34 mbed-rtos\rtx\TARGET_CORTEX_M\rt_System.o
                0x000021f8                rt_psh_req
 .text.rt_pop_req
                0x0000222c       0xd8 mbed-rtos\rtx\TARGET_CORTEX_M\rt_System.o
                0x0000222c                rt_pop_req
 .text.os_tick_init
                0x00002304       0x10 mbed-rtos\rtx\TARGET_CORTEX_M\rt_System.o
                0x00002304                os_tick_init
 .text.os_tick_irqack
                0x00002314        0xc mbed-rtos\rtx\TARGET_CORTEX_M\rt_System.o
                0x00002314                os_tick_irqack
 .text.rt_systick
                0x00002320       0x50 mbed-rtos\rtx\TARGET_CORTEX_M\rt_System.o
                0x00002320                rt_systick
 .text.rt_stk_check
                0x00002370       0x3c mbed-rtos\rtx\TARGET_CORTEX_M\rt_System.o
                0x00002370                rt_stk_check
 .text.rt_sem_init
                0x000023ac       0x2c mbed-rtos\rtx\TARGET_CORTEX_M\rt_Semaphore.o
                0x000023ac                rt_sem_init
 .text.rt_sem_delete
                0x000023d8       0x84 mbed-rtos\rtx\TARGET_CORTEX_M\rt_Semaphore.o
                0x000023d8                rt_sem_delete
 .text.rt_sem_send
                0x0000245c       0x48 mbed-rtos\rtx\TARGET_CORTEX_M\rt_Semaphore.o
                0x0000245c                rt_sem_send
 .text.isr_sem_send
                0x000024a4       0x20 mbed-rtos\rtx\TARGET_CORTEX_M\rt_Semaphore.o
                0x000024a4                isr_sem_send
 .text.rt_sem_psh
                0x000024c4       0x4c mbed-rtos\rtx\TARGET_CORTEX_M\rt_Semaphore.o
                0x000024c4                rt_sem_psh
 .text.rt_init_robin
                0x00002510       0x24 mbed-rtos\rtx\TARGET_CORTEX_M\rt_Robin.o
                0x00002510                rt_init_robin
 .text.rt_chk_robin
                0x00002534       0x68 mbed-rtos\rtx\TARGET_CORTEX_M\rt_Robin.o
                0x00002534                rt_chk_robin
 .text.rt_mut_init
                0x0000259c       0x34 mbed-rtos\rtx\TARGET_CORTEX_M\rt_Mutex.o
                0x0000259c                rt_mut_init
 .text.rt_mut_delete
                0x000025d0      0x128 mbed-rtos\rtx\TARGET_CORTEX_M\rt_Mutex.o
                0x000025d0                rt_mut_delete
 .text.rt_mut_release
                0x000026f8      0x174 mbed-rtos\rtx\TARGET_CORTEX_M\rt_Mutex.o
                0x000026f8                rt_mut_release
 .text.rt_mut_wait
                0x0000286c       0xc8 mbed-rtos\rtx\TARGET_CORTEX_M\rt_Mutex.o
                0x0000286c                rt_mut_wait
 .text._init_box
                0x00002934       0xb0 mbed-rtos\rtx\TARGET_CORTEX_M\rt_MemBox.o
                0x00002934                _init_box
 .text.rt_alloc_box
                0x000029e4       0x44 mbed-rtos\rtx\TARGET_CORTEX_M\rt_MemBox.o
                0x000029e4                rt_alloc_box
 .text.rt_free_box
                0x00002a28       0x54 mbed-rtos\rtx\TARGET_CORTEX_M\rt_MemBox.o
                0x00002a28                rt_free_box
 .text.rt_mbx_init
                0x00002a7c       0x50 mbed-rtos\rtx\TARGET_CORTEX_M\rt_Mailbox.o
                0x00002a7c                rt_mbx_init
 .text.rt_mbx_wait
                0x00002acc      0x128 mbed-rtos\rtx\TARGET_CORTEX_M\rt_Mailbox.o
                0x00002acc                rt_mbx_wait
 .text.rt_mbx_check
                0x00002bf4       0x24 mbed-rtos\rtx\TARGET_CORTEX_M\rt_Mailbox.o
                0x00002bf4                rt_mbx_check
 .text.isr_mbx_send
                0x00002c18       0x24 mbed-rtos\rtx\TARGET_CORTEX_M\rt_Mailbox.o
                0x00002c18                isr_mbx_send
 .text.isr_mbx_receive
                0x00002c3c       0x90 mbed-rtos\rtx\TARGET_CORTEX_M\rt_Mailbox.o
                0x00002c3c                isr_mbx_receive
 .text.rt_mbx_psh
                0x00002ccc      0x178 mbed-rtos\rtx\TARGET_CORTEX_M\rt_Mailbox.o
                0x00002ccc                rt_mbx_psh
 .text.rt_inc_qi
                0x00002e44       0x70 mbed-rtos\rtx\TARGET_CORTEX_M\rt_List.o
 .text.rt_put_prio
                0x00002eb4       0x8c mbed-rtos\rtx\TARGET_CORTEX_M\rt_List.o
                0x00002eb4                rt_put_prio
 .text.rt_get_first
                0x00002f40       0x60 mbed-rtos\rtx\TARGET_CORTEX_M\rt_List.o
                0x00002f40                rt_get_first
 .text.rt_put_rdy_first
                0x00002fa0       0x2c mbed-rtos\rtx\TARGET_CORTEX_M\rt_List.o
                0x00002fa0                rt_put_rdy_first
 .text.rt_resort_prio
                0x00002fcc       0x4c mbed-rtos\rtx\TARGET_CORTEX_M\rt_List.o
                0x00002fcc                rt_resort_prio
 .text.rt_put_dly
                0x00003018       0xc8 mbed-rtos\rtx\TARGET_CORTEX_M\rt_List.o
                0x00003018                rt_put_dly
 .text.rt_dec_dly
                0x000030e0       0xcc mbed-rtos\rtx\TARGET_CORTEX_M\rt_List.o
                0x000030e0                rt_dec_dly
 .text.rt_rmv_list
                0x000031ac       0x64 mbed-rtos\rtx\TARGET_CORTEX_M\rt_List.o
                0x000031ac                rt_rmv_list
 .text.rt_rmv_dly
                0x00003210       0x5c mbed-rtos\rtx\TARGET_CORTEX_M\rt_List.o
                0x00003210                rt_rmv_dly
 .text.rt_psq_enq
                0x0000326c       0x54 mbed-rtos\rtx\TARGET_CORTEX_M\rt_List.o
                0x0000326c                rt_psq_enq
 .text.rt_evt_psh
                0x000032c0       0xa4 mbed-rtos\rtx\TARGET_CORTEX_M\rt_Event.o
                0x000032c0                rt_evt_psh
 .text.rt_ms2tick
                0x00003364       0x74 mbed-rtos\rtx\TARGET_CORTEX_M\rt_CMSIS.o
 .text.rt_tid2ptcb
                0x000033d8       0x40 mbed-rtos\rtx\TARGET_CORTEX_M\rt_CMSIS.o
                0x000033d8                rt_tid2ptcb
 .text.rt_id2obj
                0x00003418       0x24 mbed-rtos\rtx\TARGET_CORTEX_M\rt_CMSIS.o
 .text.svcKernelInitialize
                0x0000343c       0x88 mbed-rtos\rtx\TARGET_CORTEX_M\rt_CMSIS.o
                0x0000343c                svcKernelInitialize
 .text.svcKernelStart
                0x000034c4       0x70 mbed-rtos\rtx\TARGET_CORTEX_M\rt_CMSIS.o
                0x000034c4                svcKernelStart
 .text.svcKernelRunning
                0x00003534       0x18 mbed-rtos\rtx\TARGET_CORTEX_M\rt_CMSIS.o
                0x00003534                svcKernelRunning
 .text.osKernelInitialize
                0x0000354c       0x50 mbed-rtos\rtx\TARGET_CORTEX_M\rt_CMSIS.o
                0x0000354c                osKernelInitialize
 .text.osKernelStart
                0x0000359c       0xfc mbed-rtos\rtx\TARGET_CORTEX_M\rt_CMSIS.o
                0x0000359c                osKernelStart
 .text.osKernelRunning
                0x00003698       0x4c mbed-rtos\rtx\TARGET_CORTEX_M\rt_CMSIS.o
                0x00003698                osKernelRunning
 .text.sysThreadError
                0x000036e4       0x14 mbed-rtos\rtx\TARGET_CORTEX_M\rt_CMSIS.o
 .text.svcThreadCreate
                0x000036f8       0xe0 mbed-rtos\rtx\TARGET_CORTEX_M\rt_CMSIS.o
                0x000036f8                svcThreadCreate
 .text.svcThreadGetId
                0x000037d8       0x2c mbed-rtos\rtx\TARGET_CORTEX_M\rt_CMSIS.o
                0x000037d8                svcThreadGetId
 .text.svcThreadTerminate
                0x00003804       0x60 mbed-rtos\rtx\TARGET_CORTEX_M\rt_CMSIS.o
                0x00003804                svcThreadTerminate
 .text.svcThreadSetPriority
                0x00003864       0x60 mbed-rtos\rtx\TARGET_CORTEX_M\rt_CMSIS.o
                0x00003864                svcThreadSetPriority
 .text.osThreadCreate
                0x000038c4       0x20 mbed-rtos\rtx\TARGET_CORTEX_M\rt_CMSIS.o
                0x000038c4                osThreadCreate
 .text.osThreadContextCreate
                0x000038e4       0x98 mbed-rtos\rtx\TARGET_CORTEX_M\rt_CMSIS.o
                0x000038e4                osThreadContextCreate
 .text.osThreadTerminate
                0x0000397c       0x64 mbed-rtos\rtx\TARGET_CORTEX_M\rt_CMSIS.o
                0x0000397c                osThreadTerminate
 .text.osThreadSetPriority
                0x000039e0       0x48 mbed-rtos\rtx\TARGET_CORTEX_M\rt_CMSIS.o
                0x000039e0                osThreadSetPriority
 .text.osThreadExit
                0x00003a28       0x3c mbed-rtos\rtx\TARGET_CORTEX_M\rt_CMSIS.o
                0x00003a28                osThreadExit
 .text.svcDelay
                0x00003a64       0x2c mbed-rtos\rtx\TARGET_CORTEX_M\rt_CMSIS.o
                0x00003a64                svcDelay
 .text.osDelay  0x00003a90       0x40 mbed-rtos\rtx\TARGET_CORTEX_M\rt_CMSIS.o
                0x00003a90                osDelay
 .text.rt_timer_insert
                0x00003ad0       0x80 mbed-rtos\rtx\TARGET_CORTEX_M\rt_CMSIS.o
 .text.svcTimerCall
                0x00003b50       0x60 mbed-rtos\rtx\TARGET_CORTEX_M\rt_CMSIS.o
                0x00003b50                svcTimerCall
 .text.sysTimerTick
                0x00003bb0       0x88 mbed-rtos\rtx\TARGET_CORTEX_M\rt_CMSIS.o
                0x00003bb0                sysTimerTick
 .text.osTimerCall
                0x00003c38       0x30 mbed-rtos\rtx\TARGET_CORTEX_M\rt_CMSIS.o
                0x00003c38                osTimerCall
 .text.osTimerThread
                0x00003c68       0x48 mbed-rtos\rtx\TARGET_CORTEX_M\rt_CMSIS.o
                0x00003c68                osTimerThread
 .text.svcMutexCreate
                0x00003cb0       0x50 mbed-rtos\rtx\TARGET_CORTEX_M\rt_CMSIS.o
                0x00003cb0                svcMutexCreate
 .text.svcMutexWait
                0x00003d00       0x58 mbed-rtos\rtx\TARGET_CORTEX_M\rt_CMSIS.o
                0x00003d00                svcMutexWait
 .text.svcMutexRelease
                0x00003d58       0x44 mbed-rtos\rtx\TARGET_CORTEX_M\rt_CMSIS.o
                0x00003d58                svcMutexRelease
 .text.svcMutexDelete
                0x00003d9c       0x38 mbed-rtos\rtx\TARGET_CORTEX_M\rt_CMSIS.o
                0x00003d9c                svcMutexDelete
 .text.osMutexCreate
                0x00003dd4       0x64 mbed-rtos\rtx\TARGET_CORTEX_M\rt_CMSIS.o
                0x00003dd4                osMutexCreate
 .text.osMutexWait
                0x00003e38       0x48 mbed-rtos\rtx\TARGET_CORTEX_M\rt_CMSIS.o
                0x00003e38                osMutexWait
 .text.osMutexRelease
                0x00003e80       0x40 mbed-rtos\rtx\TARGET_CORTEX_M\rt_CMSIS.o
                0x00003e80                osMutexRelease
 .text.osMutexDelete
                0x00003ec0       0x40 mbed-rtos\rtx\TARGET_CORTEX_M\rt_CMSIS.o
                0x00003ec0                osMutexDelete
 .text.svcSemaphoreCreate
                0x00003f00       0x6c mbed-rtos\rtx\TARGET_CORTEX_M\rt_CMSIS.o
                0x00003f00                svcSemaphoreCreate
 .text.svcSemaphoreRelease
                0x00003f6c       0x48 mbed-rtos\rtx\TARGET_CORTEX_M\rt_CMSIS.o
                0x00003f6c                svcSemaphoreRelease
 .text.svcSemaphoreDelete
                0x00003fb4       0x38 mbed-rtos\rtx\TARGET_CORTEX_M\rt_CMSIS.o
                0x00003fb4                svcSemaphoreDelete
 .text.isrSemaphoreRelease
                0x00003fec       0x48 mbed-rtos\rtx\TARGET_CORTEX_M\rt_CMSIS.o
                0x00003fec                isrSemaphoreRelease
 .text.osSemaphoreCreate
                0x00004034       0x70 mbed-rtos\rtx\TARGET_CORTEX_M\rt_CMSIS.o
                0x00004034                osSemaphoreCreate
 .text.osSemaphoreRelease
                0x000040a4       0x44 mbed-rtos\rtx\TARGET_CORTEX_M\rt_CMSIS.o
                0x000040a4                osSemaphoreRelease
 .text.osSemaphoreDelete
                0x000040e8       0x40 mbed-rtos\rtx\TARGET_CORTEX_M\rt_CMSIS.o
                0x000040e8                osSemaphoreDelete
 .text.svcPoolCreate
                0x00004128       0x64 mbed-rtos\rtx\TARGET_CORTEX_M\rt_CMSIS.o
                0x00004128                svcPoolCreate
 .text.osPoolCreate
                0x0000418c       0x64 mbed-rtos\rtx\TARGET_CORTEX_M\rt_CMSIS.o
                0x0000418c                osPoolCreate
 .text.svcMessageCreate
                0x000041f0       0x64 mbed-rtos\rtx\TARGET_CORTEX_M\rt_CMSIS.o
                0x000041f0                svcMessageCreate
 .text.svcMessageGet
                0x00004254       0xec mbed-rtos\rtx\TARGET_CORTEX_M\rt_CMSIS.o
                0x00004254                svcMessageGet
 .text.isrMessagePut
                0x00004340       0x4c mbed-rtos\rtx\TARGET_CORTEX_M\rt_CMSIS.o
                0x00004340                isrMessagePut
 .text.isrMessageGet
                0x0000438c       0x84 mbed-rtos\rtx\TARGET_CORTEX_M\rt_CMSIS.o
                0x0000438c                isrMessageGet
 .text.osMessageCreate
                0x00004410       0x70 mbed-rtos\rtx\TARGET_CORTEX_M\rt_CMSIS.o
                0x00004410                osMessageCreate
 .text.osMessageGet
                0x00004480       0x68 mbed-rtos\rtx\TARGET_CORTEX_M\rt_CMSIS.o
                0x00004480                osMessageGet
 .text.os_idle_demon
                0x000044e8        0xc mbed-rtos\rtx\TARGET_CORTEX_M\RTX_Conf_CM.o
                0x000044e8                os_idle_demon
 .text.os_error
                0x000044f4       0x24 mbed-rtos\rtx\TARGET_CORTEX_M\RTX_Conf_CM.o
                0x000044f4                os_error
 .text.sysThreadTerminate
                0x00004518       0x14 mbed-rtos\rtx\TARGET_CORTEX_M\RTX_Conf_CM.o
                0x00004518                sysThreadTerminate
 .text.set_main_stack
                0x0000452c       0x1c mbed-rtos\rtx\TARGET_CORTEX_M\RTX_Conf_CM.o
                0x0000452c                set_main_stack
 .text.pre_main
                0x00004548       0x48 mbed-rtos\rtx\TARGET_CORTEX_M\RTX_Conf_CM.o
                0x00004548                pre_main
 .text.software_init_hook_rtos
                0x00004590       0x1c mbed-rtos\rtx\TARGET_CORTEX_M\RTX_Conf_CM.o
                0x00004590                software_init_hook_rtos
 .text.__rtos_malloc_lock
                0x000045ac       0x10 mbed-rtos\rtx\TARGET_CORTEX_M\RTX_Conf_CM.o
                0x000045ac                __rtos_malloc_lock
 .text.__rtos_malloc_unlock
                0x000045bc        0xc mbed-rtos\rtx\TARGET_CORTEX_M\RTX_Conf_CM.o
                0x000045bc                __rtos_malloc_unlock
 .text.rt_init_stack
                0x000045c8      0x108 mbed-rtos\rtx\TARGET_CORTEX_M\HAL_CM.o
                0x000045c8                rt_init_stack
 .text.rt_ret_regs
                0x000046d0       0x2c mbed-rtos\rtx\TARGET_CORTEX_M\HAL_CM.o
 .text.rt_ret_val
                0x000046fc       0x20 mbed-rtos\rtx\TARGET_CORTEX_M\HAL_CM.o
                0x000046fc                rt_ret_val
 .text.rt_ret_val2
                0x0000471c       0x28 mbed-rtos\rtx\TARGET_CORTEX_M\HAL_CM.o
                0x0000471c                rt_ret_val2
 .text.default_idle_hook
                0x00004744        0xc mbed-rtos\rtos\rtos_idle.o
 .text.rtos_idle_loop
                0x00004750       0x10 mbed-rtos\rtos\rtos_idle.o
                0x00004750                rtos_idle_loop
 .text._ZnwjPv  0x00004760       0x18 mbed-rtos\rtos\Thread.o
                0x00004760                operator new(unsigned int, void*)
 .text.thread_terminate_hook
                0x00004778       0x24 mbed-rtos\rtos\Thread.o
                0x00004778                thread_terminate_hook
 .text._ZN4rtos6Thread11constructorE10osPrioritymPh
                0x0000479c       0x44 mbed-rtos\rtos\Thread.o
                0x0000479c                rtos::Thread::constructor(osPriority, unsigned long, unsigned char*)
 .text._ZN4rtos6Thread5startEN4mbed8CallbackIFvvEEE
                0x000047e0      0x118 mbed-rtos\rtos\Thread.o
                0x000047e0                rtos::Thread::start(mbed::Callback<void ()>)
 .text._ZN4rtos6Thread9terminateEv
                0x000048f8       0x48 mbed-rtos\rtos\Thread.o
                0x000048f8                rtos::Thread::terminate()
 .text._ZN4rtos6Thread12set_priorityE10osPriority
                0x00004940       0x40 mbed-rtos\rtos\Thread.o
                0x00004940                rtos::Thread::set_priority(osPriority)
 .text._ZN4rtos6Thread4waitEm
                0x00004980       0x18 mbed-rtos\rtos\Thread.o
                0x00004980                rtos::Thread::wait(unsigned long)
 .text._ZN4rtos6ThreadD2Ev
                0x00004998       0x70 mbed-rtos\rtos\Thread.o
                0x00004998                rtos::Thread::~Thread()
                0x00004998                rtos::Thread::~Thread()
 .text._ZN4rtos6ThreadD0Ev
                0x00004a08       0x20 mbed-rtos\rtos\Thread.o
                0x00004a08                rtos::Thread::~Thread()
 .text._ZN4rtos6Thread6_thunkEPKv
                0x00004a28       0x3c mbed-rtos\rtos\Thread.o
                0x00004a28                rtos::Thread::_thunk(void const*)
 .text._ZN4mbed8CallbackIFvvEED2Ev
                0x00004a64       0x24 mbed-rtos\rtos\Thread.o
                0x00004a64                mbed::Callback<void ()>::~Callback()
                0x00004a64                mbed::Callback<void ()>::~Callback()
 .text._ZNK4mbed8CallbackIFvvEEclEv
                0x00004a88       0x14 mbed-rtos\rtos\Thread.o
                0x00004a88                mbed::Callback<void ()>::operator()() const
 .text._ZN4mbed8CallbackIFvvEEC2ERKS2_
                0x00004a9c       0x30 mbed-rtos\rtos\Thread.o
                0x00004a9c                mbed::Callback<void ()>::Callback(mbed::Callback<void ()> const&)
                0x00004a9c                mbed::Callback<void ()>::Callback(mbed::Callback<void ()> const&)
 .text._ZN4mbed8CallbackIFvvEEaSERKS2_
                0x00004acc       0x3c mbed-rtos\rtos\Thread.o
                0x00004acc                mbed::Callback<void ()>::operator=(mbed::Callback<void ()> const&)
 .text._ZNK4mbed8CallbackIFvvEE4callEv
                0x00004b08       0x34 mbed-rtos\rtos\Thread.o
                0x00004b08                mbed::Callback<void ()>::call() const
 .text._ZN4rtos9SemaphoreC2El
                0x00004b3c       0x40 mbed-rtos\rtos\Semaphore.o
                0x00004b3c                rtos::Semaphore::Semaphore(long)
                0x00004b3c                rtos::Semaphore::Semaphore(long)
 .text._ZN4rtos9Semaphore7releaseEv
                0x00004b7c       0x1c mbed-rtos\rtos\Semaphore.o
                0x00004b7c                rtos::Semaphore::release()
 .text._ZN4rtos9SemaphoreD2Ev
                0x00004b98       0x1c mbed-rtos\rtos\Semaphore.o
                0x00004b98                rtos::Semaphore::~Semaphore()
                0x00004b98                rtos::Semaphore::~Semaphore()
 .text._ZN4rtos5MutexC2Ev
                0x00004bb4       0x4c mbed-rtos\rtos\Mutex.o
                0x00004bb4                rtos::Mutex::Mutex()
                0x00004bb4                rtos::Mutex::Mutex()
 .text._ZN4rtos5Mutex4lockEm
                0x00004c00       0x20 mbed-rtos\rtos\Mutex.o
                0x00004c00                rtos::Mutex::lock(unsigned long)
 .text._ZN4rtos5Mutex6unlockEv
                0x00004c20       0x1c mbed-rtos\rtos\Mutex.o
                0x00004c20                rtos::Mutex::unlock()
 .text._ZN4rtos5MutexD2Ev
                0x00004c3c       0x1c mbed-rtos\rtos\Mutex.o
                0x00004c3c                rtos::Mutex::~Mutex()
                0x00004c3c                rtos::Mutex::~Mutex()
 .text._ZN4mbed10DigitalOutC2E7PinName
                0x00004c58       0x24 main.o
                0x00004c58                mbed::DigitalOut::DigitalOut(PinName)
                0x00004c58                mbed::DigitalOut::DigitalOut(PinName)
 .text._ZN4mbed10DigitalOut5writeEi
                0x00004c7c       0x1c main.o
                0x00004c7c                mbed::DigitalOut::write(int)
 .text._ZN4mbed10DigitalOut4readEv
                0x00004c98       0x1c main.o
                0x00004c98                mbed::DigitalOut::read()
 .text._ZN4mbed10DigitalOutaSEi
                0x00004cb4       0x1c main.o
                0x00004cb4                mbed::DigitalOut::operator=(int)
 .text._ZN4mbed10DigitalOutcviEv
                0x00004cd0       0x18 main.o
                0x00004cd0                mbed::DigitalOut::operator int()
 .text._ZN13PlatformMutexD2Ev
                0x00004ce8       0x18 main.o
                0x00004ce8                PlatformMutex::~PlatformMutex()
                0x00004ce8                PlatformMutex::~PlatformMutex()
 .text._ZN4rtos6ThreadC2E10osPrioritymPh
                0x00004d00       0x58 main.o
                0x00004d00                rtos::Thread::Thread(osPriority, unsigned long, unsigned char*)
                0x00004d00                rtos::Thread::Thread(osPriority, unsigned long, unsigned char*)
 .text._Z14sensors_threadv
                0x00004d58       0x6c main.o
                0x00004d58                sensors_thread()
 .text._Z9heartbeatv
                0x00004dc4       0x2c main.o
                0x00004dc4                heartbeat()
 .text.main     0x00004df0       0x88 main.o
                0x00004df0                main
 .text._Z9main_initv
                0x00004e78       0xf8 main.o
                0x00004e78                main_init()
 .text._ZN4mbed11NonCopyableI13PlatformMutexED2Ev
                0x00004f70       0x18 main.o
                0x00004f70                mbed::NonCopyable<PlatformMutex>::~NonCopyable()
                0x00004f70                mbed::NonCopyable<PlatformMutex>::~NonCopyable()
 .text._ZN4mbed8CallbackIFvvEEC2EPS1_
                0x00004f88       0x30 main.o
                0x00004f88                mbed::Callback<void ()>::Callback(void (*)())
                0x00004f88                mbed::Callback<void ()>::Callback(void (*)())
 .text._ZN4rtos10MemoryPoolI16sensorDataStructLm16EEC2Ev
                0x00004fb8       0x48 main.o
                0x00004fb8                rtos::MemoryPool<sensorDataStruct, 16ul>::MemoryPool()
                0x00004fb8                rtos::MemoryPool<sensorDataStruct, 16ul>::MemoryPool()
 .text._ZN4rtos5QueueI16sensorDataStructLm16EEC2Ev
                0x00005000       0x54 main.o
                0x00005000                rtos::Queue<sensorDataStruct, 16ul>::Queue()
                0x00005000                rtos::Queue<sensorDataStruct, 16ul>::Queue()
 .text._ZN4mbed8callbackIvEENS_8CallbackIFT_vEEEPS3_
                0x00005054       0x1c main.o
                0x00005054                mbed::Callback<void ()> mbed::callback<void>(void (*)())
 .text._ZN4mbed8CallbackIFvvEE8generateIPS1_EEvRKT_
                0x00005070       0x3c main.o
                0x00005070                void mbed::Callback<void ()>::generate<void (*)()>(void (* const&)())
 .text._ZN4mbed8CallbackIFvvEE13function_callIPS1_EEvPKv
                0x000050ac       0x14 main.o
                0x000050ac                void mbed::Callback<void ()>::function_call<void (*)()>(void const*)
 .text._ZN4mbed8CallbackIFvvEE13function_moveIPS1_EEvPvPKv
                0x000050c0       0x28 main.o
                0x000050c0                void mbed::Callback<void ()>::function_move<void (*)()>(void*, void const*)
 .text._ZN4mbed8CallbackIFvvEE13function_dtorIPS1_EEvPv
                0x000050e8       0x14 main.o
                0x000050e8                void mbed::Callback<void ()>::function_dtor<void (*)()>(void*)
 .text._ZN4mbed6SerialD2Ev
                0x000050fc       0x68 main.o
                0x000050fc                mbed::Serial::~Serial()
                0x000050fc                mbed::Serial::~Serial()
 .text._ZN4mbed6SerialD1Ev
                0x00005164       0x10 main.o
                0x00005164                non-virtual thunk to mbed::Serial::~Serial()
                0x0000516c                non-virtual thunk to mbed::Serial::~Serial()
 .text._ZN4mbed6SerialD0Ev
                0x00005174       0x30 main.o
                0x00005174                mbed::Serial::~Serial()
                0x00005194                non-virtual thunk to mbed::Serial::~Serial()
                0x0000519c                non-virtual thunk to mbed::Serial::~Serial()
 .text._Z41__static_initialization_and_destruction_0ii
                0x000051a4      0x18c main.o
 .text._ZN4mbed11NonCopyableINS_6SerialEED2Ev
                0x00005330       0x18 main.o
                0x00005330                mbed::NonCopyable<mbed::Serial>::~NonCopyable()
                0x00005330                mbed::NonCopyable<mbed::Serial>::~NonCopyable()
 .text._GLOBAL__sub_I_stdio_mutex
                0x00005348       0x10 main.o
 .text._ZN11MPU9250_DMPC2Ev
                0x00005358       0x30 SparkFunMPU9250-DMP\SparkFunMPU9250-DMP.o
                0x00005358                MPU9250_DMP::MPU9250_DMP()
                0x00005358                MPU9250_DMP::MPU9250_DMP()
 .text._ZN11MPU9250_DMP5beginEv
                0x00005388       0x54 SparkFunMPU9250-DMP\SparkFunMPU9250-DMP.o
                0x00005388                MPU9250_DMP::begin()
 .text._ZN11MPU9250_DMP15enableInterruptEh
                0x000053dc       0x20 SparkFunMPU9250-DMP\SparkFunMPU9250-DMP.o
                0x000053dc                MPU9250_DMP::enableInterrupt(unsigned char)
 .text._ZN11MPU9250_DMP11setIntLevelEh
                0x000053fc       0x20 SparkFunMPU9250-DMP\SparkFunMPU9250-DMP.o
                0x000053fc                MPU9250_DMP::setIntLevel(unsigned char)
 .text._ZN11MPU9250_DMP13setIntLatchedEh
                0x0000541c       0x20 SparkFunMPU9250-DMP\SparkFunMPU9250-DMP.o
                0x0000541c                MPU9250_DMP::setIntLatched(unsigned char)
 .text._ZN11MPU9250_DMP10setGyroFSREt
                0x0000543c       0x34 SparkFunMPU9250-DMP\SparkFunMPU9250-DMP.o
                0x0000543c                MPU9250_DMP::setGyroFSR(unsigned short)
 .text._ZN11MPU9250_DMP11setAccelFSREh
                0x00005470       0x38 SparkFunMPU9250-DMP\SparkFunMPU9250-DMP.o
                0x00005470                MPU9250_DMP::setAccelFSR(unsigned char)
 .text._ZN11MPU9250_DMP6setLPFEt
                0x000054a8       0x20 SparkFunMPU9250-DMP\SparkFunMPU9250-DMP.o
                0x000054a8                MPU9250_DMP::setLPF(unsigned short)
 .text._ZN11MPU9250_DMP13setSampleRateEt
                0x000054c8       0x20 SparkFunMPU9250-DMP\SparkFunMPU9250-DMP.o
                0x000054c8                MPU9250_DMP::setSampleRate(unsigned short)
 .text._ZN11MPU9250_DMP20setCompassSampleRateEt
                0x000054e8       0x20 SparkFunMPU9250-DMP\SparkFunMPU9250-DMP.o
                0x000054e8                MPU9250_DMP::setCompassSampleRate(unsigned short)
 .text._ZN11MPU9250_DMP11getGyroSensEv
                0x00005508       0x34 SparkFunMPU9250-DMP\SparkFunMPU9250-DMP.o
                0x00005508                MPU9250_DMP::getGyroSens()
 .text._ZN11MPU9250_DMP12getAccelSensEv
                0x0000553c       0x30 SparkFunMPU9250-DMP\SparkFunMPU9250-DMP.o
                0x0000553c                MPU9250_DMP::getAccelSens()
 .text._ZN11MPU9250_DMP13fifoAvailableEv
                0x0000556c       0x60 SparkFunMPU9250-DMP\SparkFunMPU9250-DMP.o
                0x0000556c                MPU9250_DMP::fifoAvailable()
 .text._ZN11MPU9250_DMP10setSensorsEh
                0x000055cc       0x20 SparkFunMPU9250-DMP\SparkFunMPU9250-DMP.o
                0x000055cc                MPU9250_DMP::setSensors(unsigned char)
 .text._ZN11MPU9250_DMP6updateEh
                0x000055ec       0x7c SparkFunMPU9250-DMP\SparkFunMPU9250-DMP.o
                0x000055ec                MPU9250_DMP::update(unsigned char)
 .text._ZN11MPU9250_DMP11updateAccelEv
                0x00005668       0x50 SparkFunMPU9250-DMP\SparkFunMPU9250-DMP.o
                0x00005668                MPU9250_DMP::updateAccel()
 .text._ZN11MPU9250_DMP10updateGyroEv
                0x000056b8       0x50 SparkFunMPU9250-DMP\SparkFunMPU9250-DMP.o
                0x000056b8                MPU9250_DMP::updateGyro()
 .text._ZN11MPU9250_DMP13updateCompassEv
                0x00005708       0x50 SparkFunMPU9250-DMP\SparkFunMPU9250-DMP.o
                0x00005708                MPU9250_DMP::updateCompass()
 .text._ZN11MPU9250_DMP17updateTemperatureEv
                0x00005758       0x24 SparkFunMPU9250-DMP\SparkFunMPU9250-DMP.o
                0x00005758                MPU9250_DMP::updateTemperature()
 .text._ZN11MPU9250_DMP8dmpBeginEtt
                0x0000577c       0xc8 SparkFunMPU9250-DMP\SparkFunMPU9250-DMP.o
                0x0000577c                MPU9250_DMP::dmpBegin(unsigned short, unsigned short)
 .text._ZN11MPU9250_DMP7dmpLoadEv
                0x00005844       0x18 SparkFunMPU9250-DMP\SparkFunMPU9250-DMP.o
                0x00005844                MPU9250_DMP::dmpLoad()
 .text._ZN11MPU9250_DMP14dmpSetFifoRateEt
                0x0000585c       0x28 SparkFunMPU9250-DMP\SparkFunMPU9250-DMP.o
                0x0000585c                MPU9250_DMP::dmpSetFifoRate(unsigned short)
 .text._ZN11MPU9250_DMP13dmpUpdateFifoEv
                0x00005884       0xd0 SparkFunMPU9250-DMP\SparkFunMPU9250-DMP.o
                0x00005884                MPU9250_DMP::dmpUpdateFifo()
 .text._ZN11MPU9250_DMP17dmpEnableFeaturesEt
                0x00005954       0x34 SparkFunMPU9250-DMP\SparkFunMPU9250-DMP.o
                0x00005954                MPU9250_DMP::dmpEnableFeatures(unsigned short)
 .text._ZN4mbed3I2CD2Ev
                0x00005988       0x30 SparkFunMPU9250-DMP\MotionDriver_6_1\mdcompat.o
                0x00005988                mbed::I2C::~I2C()
                0x00005988                mbed::I2C::~I2C()
 .text._ZN4mbed3I2CD0Ev
                0x000059b8       0x20 SparkFunMPU9250-DMP\MotionDriver_6_1\mdcompat.o
                0x000059b8                mbed::I2C::~I2C()
 .text._ZN4mbed6TickerC2Ev
                0x000059d8       0x40 SparkFunMPU9250-DMP\MotionDriver_6_1\mdcompat.o
                0x000059d8                mbed::Ticker::Ticker()
                0x000059d8                mbed::Ticker::Ticker()
 .text._ZN4mbed6TickerD2Ev
                0x00005a18       0x48 SparkFunMPU9250-DMP\MotionDriver_6_1\mdcompat.o
                0x00005a18                mbed::Ticker::~Ticker()
                0x00005a18                mbed::Ticker::~Ticker()
 .text._ZN4mbed6TickerD0Ev
                0x00005a60       0x20 SparkFunMPU9250-DMP\MotionDriver_6_1\mdcompat.o
                0x00005a60                mbed::Ticker::~Ticker()
 .text._Z9constrainttt
                0x00005a80       0x40 SparkFunMPU9250-DMP\MotionDriver_6_1\mdcompat.o
                0x00005a80                constrain(unsigned short, unsigned short, unsigned short)
 .text.mbed_i2c_write
                0x00005ac0       0xb0 SparkFunMPU9250-DMP\MotionDriver_6_1\mdcompat.o
                0x00005ac0                mbed_i2c_write
 .text.mbed_i2c_read
                0x00005b70       0xc4 SparkFunMPU9250-DMP\MotionDriver_6_1\mdcompat.o
                0x00005b70                mbed_i2c_read
 .text.delay_ms
                0x00005c34       0x1c SparkFunMPU9250-DMP\MotionDriver_6_1\mdcompat.o
                0x00005c34                delay_ms
 .text.get_ms   0x00005c50       0x24 SparkFunMPU9250-DMP\MotionDriver_6_1\mdcompat.o
                0x00005c50                get_ms
 .text.min      0x00005c74       0x24 SparkFunMPU9250-DMP\MotionDriver_6_1\mdcompat.o
                0x00005c74                min
 .text._ZN4mbed11NonCopyableINS_3I2CEED2Ev
                0x00005c98       0x18 SparkFunMPU9250-DMP\MotionDriver_6_1\mdcompat.o
                0x00005c98                mbed::NonCopyable<mbed::I2C>::~NonCopyable()
                0x00005c98                mbed::NonCopyable<mbed::I2C>::~NonCopyable()
 .text._ZN4mbed11NonCopyableINS_6TickerEEC2Ev
                0x00005cb0       0x18 SparkFunMPU9250-DMP\MotionDriver_6_1\mdcompat.o
                0x00005cb0                mbed::NonCopyable<mbed::Ticker>::NonCopyable()
                0x00005cb0                mbed::NonCopyable<mbed::Ticker>::NonCopyable()
 .text._ZN4mbed11NonCopyableINS_6TickerEED2Ev
                0x00005cc8       0x18 SparkFunMPU9250-DMP\MotionDriver_6_1\mdcompat.o
                0x00005cc8                mbed::NonCopyable<mbed::Ticker>::~NonCopyable()
                0x00005cc8                mbed::NonCopyable<mbed::Ticker>::~NonCopyable()
 .text._Z41__static_initialization_and_destruction_0ii
                0x00005ce0       0x5c SparkFunMPU9250-DMP\MotionDriver_6_1\mdcompat.o
 .text._GLOBAL__sub_I_imu9250
                0x00005d3c       0x10 SparkFunMPU9250-DMP\MotionDriver_6_1\mdcompat.o
 .text.dmp_load_motion_driver_firmware
                0x00005d4c       0x20 SparkFunMPU9250-DMP\MotionDriver_6_1\inv_mpu_dmp_motion_driver.o
                0x00005d4c                dmp_load_motion_driver_firmware
 .text.dmp_set_fifo_rate
                0x00005d6c       0x94 SparkFunMPU9250-DMP\MotionDriver_6_1\inv_mpu_dmp_motion_driver.o
                0x00005d6c                dmp_set_fifo_rate
 .text.dmp_set_tap_thresh
                0x00005e00      0x268 SparkFunMPU9250-DMP\MotionDriver_6_1\inv_mpu_dmp_motion_driver.o
                0x00005e00                dmp_set_tap_thresh
 .text.dmp_set_tap_axes
                0x00006068       0x64 SparkFunMPU9250-DMP\MotionDriver_6_1\inv_mpu_dmp_motion_driver.o
                0x00006068                dmp_set_tap_axes
 .text.dmp_set_tap_count
                0x000060cc       0x44 SparkFunMPU9250-DMP\MotionDriver_6_1\inv_mpu_dmp_motion_driver.o
                0x000060cc                dmp_set_tap_count
 .text.dmp_set_tap_time
                0x00006110       0x44 SparkFunMPU9250-DMP\MotionDriver_6_1\inv_mpu_dmp_motion_driver.o
                0x00006110                dmp_set_tap_time
 .text.dmp_set_tap_time_multi
                0x00006154       0x44 SparkFunMPU9250-DMP\MotionDriver_6_1\inv_mpu_dmp_motion_driver.o
                0x00006154                dmp_set_tap_time_multi
 .text.dmp_set_shake_reject_thresh
                0x00006198       0x60 SparkFunMPU9250-DMP\MotionDriver_6_1\inv_mpu_dmp_motion_driver.o
                0x00006198                dmp_set_shake_reject_thresh
 .text.dmp_set_shake_reject_time
                0x000061f8       0x44 SparkFunMPU9250-DMP\MotionDriver_6_1\inv_mpu_dmp_motion_driver.o
                0x000061f8                dmp_set_shake_reject_time
 .text.dmp_set_shake_reject_timeout
                0x0000623c       0x44 SparkFunMPU9250-DMP\MotionDriver_6_1\inv_mpu_dmp_motion_driver.o
                0x0000623c                dmp_set_shake_reject_timeout
 .text.dmp_enable_feature
                0x00006280      0x250 SparkFunMPU9250-DMP\MotionDriver_6_1\inv_mpu_dmp_motion_driver.o
                0x00006280                dmp_enable_feature
 .text.dmp_enable_gyro_cal
                0x000064d0       0x68 SparkFunMPU9250-DMP\MotionDriver_6_1\inv_mpu_dmp_motion_driver.o
                0x000064d0                dmp_enable_gyro_cal
 .text.dmp_enable_lp_quat
                0x00006538       0x50 SparkFunMPU9250-DMP\MotionDriver_6_1\inv_mpu_dmp_motion_driver.o
                0x00006538                dmp_enable_lp_quat
 .text.dmp_enable_6x_lp_quat
                0x00006588       0x50 SparkFunMPU9250-DMP\MotionDriver_6_1\inv_mpu_dmp_motion_driver.o
                0x00006588                dmp_enable_6x_lp_quat
 .text.decode_gesture
                0x000065d8       0x88 SparkFunMPU9250-DMP\MotionDriver_6_1\inv_mpu_dmp_motion_driver.o
 .text.dmp_read_fifo
                0x00006660      0x2d8 SparkFunMPU9250-DMP\MotionDriver_6_1\inv_mpu_dmp_motion_driver.o
                0x00006660                dmp_read_fifo
 .text.set_int_enable
                0x00006938       0xbc SparkFunMPU9250-DMP\MotionDriver_6_1\inv_mpu.o
                0x00006938                set_int_enable
 .text.mpu_read_reg
                0x000069f4       0x60 SparkFunMPU9250-DMP\MotionDriver_6_1\inv_mpu.o
                0x000069f4                mpu_read_reg
 .text.mpu_init
                0x00006a54      0x198 SparkFunMPU9250-DMP\MotionDriver_6_1\inv_mpu.o
                0x00006a54                mpu_init
 .text.mpu_lp_accel_mode
                0x00006bec      0x148 SparkFunMPU9250-DMP\MotionDriver_6_1\inv_mpu.o
                0x00006bec                mpu_lp_accel_mode
 .text.mpu_get_gyro_reg
                0x00006d34       0x90 SparkFunMPU9250-DMP\MotionDriver_6_1\inv_mpu.o
                0x00006d34                mpu_get_gyro_reg
 .text.mpu_get_accel_reg
                0x00006dc4       0x90 SparkFunMPU9250-DMP\MotionDriver_6_1\inv_mpu.o
                0x00006dc4                mpu_get_accel_reg
 .text.mpu_get_temperature
                0x00006e54       0xbc SparkFunMPU9250-DMP\MotionDriver_6_1\inv_mpu.o
                0x00006e54                mpu_get_temperature
 .text.mpu_reset_fifo
                0x00006f10      0x234 SparkFunMPU9250-DMP\MotionDriver_6_1\inv_mpu.o
                0x00006f10                mpu_reset_fifo
 .text.mpu_set_gyro_fsr
                0x00007144       0xa8 SparkFunMPU9250-DMP\MotionDriver_6_1\inv_mpu.o
                0x00007144                mpu_set_gyro_fsr
 .text.mpu_get_accel_fsr
                0x000071ec       0x74 SparkFunMPU9250-DMP\MotionDriver_6_1\inv_mpu.o
                0x000071ec                mpu_get_accel_fsr
 .text.mpu_set_accel_fsr
                0x00007260       0xd4 SparkFunMPU9250-DMP\MotionDriver_6_1\inv_mpu.o
                0x00007260                mpu_set_accel_fsr
 .text.mpu_set_lpf
                0x00007334       0xa0 SparkFunMPU9250-DMP\MotionDriver_6_1\inv_mpu.o
                0x00007334                mpu_set_lpf
 .text.mpu_set_sample_rate
                0x000073d4       0xe4 SparkFunMPU9250-DMP\MotionDriver_6_1\inv_mpu.o
                0x000073d4                mpu_set_sample_rate
 .text.mpu_set_compass_sample_rate
                0x000074b8       0x84 SparkFunMPU9250-DMP\MotionDriver_6_1\inv_mpu.o
                0x000074b8                mpu_set_compass_sample_rate
 .text.mpu_get_gyro_sens
                0x0000753c       0x70 SparkFunMPU9250-DMP\MotionDriver_6_1\inv_mpu.o
                0x0000753c                mpu_get_gyro_sens
 .text.mpu_get_accel_sens
                0x000075ac       0x7c SparkFunMPU9250-DMP\MotionDriver_6_1\inv_mpu.o
                0x000075ac                mpu_get_accel_sens
 .text.mpu_configure_fifo
                0x00007628       0xa4 SparkFunMPU9250-DMP\MotionDriver_6_1\inv_mpu.o
                0x00007628                mpu_configure_fifo
 .text.mpu_set_sensors
                0x000076cc      0x1d0 SparkFunMPU9250-DMP\MotionDriver_6_1\inv_mpu.o
                0x000076cc                mpu_set_sensors
 .text.mpu_read_fifo_stream
                0x0000789c      0x108 SparkFunMPU9250-DMP\MotionDriver_6_1\inv_mpu.o
                0x0000789c                mpu_read_fifo_stream
 .text.mpu_set_bypass
                0x000079a4      0x1a4 SparkFunMPU9250-DMP\MotionDriver_6_1\inv_mpu.o
                0x000079a4                mpu_set_bypass
 .text.mpu_set_int_level
                0x00007b48       0x24 SparkFunMPU9250-DMP\MotionDriver_6_1\inv_mpu.o
                0x00007b48                mpu_set_int_level
 .text.mpu_set_int_latched
                0x00007b6c       0x8c SparkFunMPU9250-DMP\MotionDriver_6_1\inv_mpu.o
                0x00007b6c                mpu_set_int_latched
 .text.mpu_write_mem
                0x00007bf8       0xb0 SparkFunMPU9250-DMP\MotionDriver_6_1\inv_mpu.o
                0x00007bf8                mpu_write_mem
 .text.mpu_read_mem
                0x00007ca8       0xb0 SparkFunMPU9250-DMP\MotionDriver_6_1\inv_mpu.o
                0x00007ca8                mpu_read_mem
 .text.mpu_load_firmware
                0x00007d58      0x108 SparkFunMPU9250-DMP\MotionDriver_6_1\inv_mpu.o
                0x00007d58                mpu_load_firmware
 .text.mpu_set_dmp_state
                0x00007e60       0xac SparkFunMPU9250-DMP\MotionDriver_6_1\inv_mpu.o
                0x00007e60                mpu_set_dmp_state
 .text.setup_compass
                0x00007f0c      0x2a0 SparkFunMPU9250-DMP\MotionDriver_6_1\inv_mpu.o
 .text.mpu_get_compass_reg
                0x000081ac      0x10c SparkFunMPU9250-DMP\MotionDriver_6_1\inv_mpu.o
                0x000081ac                mpu_get_compass_reg
 .text.CLOCK_GetInternalRefClkSelectFreq
                0x000082b8       0x30 ..\mbed\TARGET_K64F\TOOLCHAIN_GCC_ARM\fsl_clock.o
 .text.CLOCK_GetMcgExtClkFreq
                0x000082e8       0x5c ..\mbed\TARGET_K64F\TOOLCHAIN_GCC_ARM\fsl_clock.o
 .text.CLOCK_GetFllExtRefClkFreq
                0x00008344       0x50 ..\mbed\TARGET_K64F\TOOLCHAIN_GCC_ARM\fsl_clock.o
 .text.CLOCK_GetOsc0ErClkFreq
                0x00008394       0x38 ..\mbed\TARGET_K64F\TOOLCHAIN_GCC_ARM\fsl_clock.o
                0x00008394                CLOCK_GetOsc0ErClkFreq
 .text.CLOCK_GetEr32kClkFreq
                0x000083cc       0x54 ..\mbed\TARGET_K64F\TOOLCHAIN_GCC_ARM\fsl_clock.o
                0x000083cc                CLOCK_GetEr32kClkFreq
 .text.CLOCK_SetSimConfig
                0x00008420       0x3c ..\mbed\TARGET_K64F\TOOLCHAIN_GCC_ARM\fsl_clock.o
                0x00008420                CLOCK_SetSimConfig
 .text.CLOCK_GetFllFreq
                0x0000845c       0x54 ..\mbed\TARGET_K64F\TOOLCHAIN_GCC_ARM\fsl_clock.o
                0x0000845c                CLOCK_GetFllFreq
 .text.CLOCK_GetInternalRefClkFreq
                0x000084b0       0x14 ..\mbed\TARGET_K64F\TOOLCHAIN_GCC_ARM\fsl_clock.o
                0x000084b0                CLOCK_GetInternalRefClkFreq
 .text.CLOCK_GetPll0Freq
                0x000084c4       0x54 ..\mbed\TARGET_K64F\TOOLCHAIN_GCC_ARM\fsl_clock.o
                0x000084c4                CLOCK_GetPll0Freq
 .text.CLOCK_GetPllFllSelClkFreq
                0x00008518       0x28 ..\mbed\TARGET_K64F\TOOLCHAIN_GCC_ARM\fsl_clock.o
                0x00008518                CLOCK_GetPllFllSelClkFreq
 .text.CLOCK_GetOutClkFreq
                0x00008540       0x28 ..\mbed\TARGET_K64F\TOOLCHAIN_GCC_ARM\fsl_clock.o
                0x00008540                CLOCK_GetOutClkFreq
 .text.CLOCK_GetFixedFreqClkFreq
                0x00008568       0x34 ..\mbed\TARGET_K64F\TOOLCHAIN_GCC_ARM\fsl_clock.o
                0x00008568                CLOCK_GetFixedFreqClkFreq
 .text.CLOCK_GetFreq
                0x0000859c       0xa8 ..\mbed\TARGET_K64F\TOOLCHAIN_GCC_ARM\fsl_clock.o
                0x0000859c                CLOCK_GetFreq
 .text.CLOCK_SetExternalRefClkConfig
                0x00008644       0x48 ..\mbed\TARGET_K64F\TOOLCHAIN_GCC_ARM\fsl_clock.o
                0x00008644                CLOCK_SetExternalRefClkConfig
 .text.CLOCK_SetInternalRefClkConfig
                0x0000868c       0x8c ..\mbed\TARGET_K64F\TOOLCHAIN_GCC_ARM\fsl_clock.o
                0x0000868c                CLOCK_SetInternalRefClkConfig
 .text.CLOCK_EnablePll0
                0x00008718       0x58 ..\mbed\TARGET_K64F\TOOLCHAIN_GCC_ARM\fsl_clock.o
                0x00008718                CLOCK_EnablePll0
 .text.CLOCK_InitOsc0
                0x00008770       0x6c ..\mbed\TARGET_K64F\TOOLCHAIN_GCC_ARM\fsl_clock.o
                0x00008770                CLOCK_InitOsc0
 .text.CLOCK_SetPbeMode
                0x000087dc       0x78 ..\mbed\TARGET_K64F\TOOLCHAIN_GCC_ARM\fsl_clock.o
                0x000087dc                CLOCK_SetPbeMode
 .text.CLOCK_BootToPeeMode
                0x00008854       0x4c ..\mbed\TARGET_K64F\TOOLCHAIN_GCC_ARM\fsl_clock.o
                0x00008854                CLOCK_BootToPeeMode
 .text.BOARD_BootClockRUN
                0x000088a0       0x58 ..\mbed\TARGET_K64F\TOOLCHAIN_GCC_ARM\fsl_clock_config.o
                0x000088a0                BOARD_BootClockRUN
 .text.DSPI_CommonIRQHandler
                0x000088f8       0x18 ..\mbed\TARGET_K64F\TOOLCHAIN_GCC_ARM\fsl_dspi.o
 .text.SPI0_DriverIRQHandler
                0x00008910       0x34 ..\mbed\TARGET_K64F\TOOLCHAIN_GCC_ARM\fsl_dspi.o
                0x00008910                SPI0_DriverIRQHandler
 .text.SPI1_DriverIRQHandler
                0x00008944       0x34 ..\mbed\TARGET_K64F\TOOLCHAIN_GCC_ARM\fsl_dspi.o
                0x00008944                SPI1_DriverIRQHandler
 .text.SPI2_DriverIRQHandler
                0x00008978       0x34 ..\mbed\TARGET_K64F\TOOLCHAIN_GCC_ARM\fsl_dspi.o
                0x00008978                SPI2_DriverIRQHandler
 .text.EDMA_HandleIRQ
                0x000089ac       0xb0 ..\mbed\TARGET_K64F\TOOLCHAIN_GCC_ARM\fsl_edma.o
                0x000089ac                EDMA_HandleIRQ
 .text.DMA0_DriverIRQHandler
                0x00008a5c        0xc ..\mbed\TARGET_K64F\TOOLCHAIN_GCC_ARM\fsl_edma.o
                0x00008a5c                DMA0_DriverIRQHandler
 .text.DMA1_DriverIRQHandler
                0x00008a68        0xc ..\mbed\TARGET_K64F\TOOLCHAIN_GCC_ARM\fsl_edma.o
                0x00008a68                DMA1_DriverIRQHandler
 .text.DMA2_DriverIRQHandler
                0x00008a74        0xc ..\mbed\TARGET_K64F\TOOLCHAIN_GCC_ARM\fsl_edma.o
                0x00008a74                DMA2_DriverIRQHandler
 .text.DMA3_DriverIRQHandler
                0x00008a80        0xc ..\mbed\TARGET_K64F\TOOLCHAIN_GCC_ARM\fsl_edma.o
                0x00008a80                DMA3_DriverIRQHandler
 .text.DMA4_DriverIRQHandler
                0x00008a8c        0xc ..\mbed\TARGET_K64F\TOOLCHAIN_GCC_ARM\fsl_edma.o
                0x00008a8c                DMA4_DriverIRQHandler
 .text.DMA5_DriverIRQHandler
                0x00008a98        0xc ..\mbed\TARGET_K64F\TOOLCHAIN_GCC_ARM\fsl_edma.o
                0x00008a98                DMA5_DriverIRQHandler
 .text.DMA6_DriverIRQHandler
                0x00008aa4        0xc ..\mbed\TARGET_K64F\TOOLCHAIN_GCC_ARM\fsl_edma.o
                0x00008aa4                DMA6_DriverIRQHandler
 .text.DMA7_DriverIRQHandler
                0x00008ab0        0xc ..\mbed\TARGET_K64F\TOOLCHAIN_GCC_ARM\fsl_edma.o
                0x00008ab0                DMA7_DriverIRQHandler
 .text.DMA8_DriverIRQHandler
                0x00008abc        0xc ..\mbed\TARGET_K64F\TOOLCHAIN_GCC_ARM\fsl_edma.o
                0x00008abc                DMA8_DriverIRQHandler
 .text.DMA9_DriverIRQHandler
                0x00008ac8        0xc ..\mbed\TARGET_K64F\TOOLCHAIN_GCC_ARM\fsl_edma.o
                0x00008ac8                DMA9_DriverIRQHandler
 .text.DMA10_DriverIRQHandler
                0x00008ad4        0xc ..\mbed\TARGET_K64F\TOOLCHAIN_GCC_ARM\fsl_edma.o
                0x00008ad4                DMA10_DriverIRQHandler
 .text.DMA11_DriverIRQHandler
                0x00008ae0        0xc ..\mbed\TARGET_K64F\TOOLCHAIN_GCC_ARM\fsl_edma.o
                0x00008ae0                DMA11_DriverIRQHandler
 .text.DMA12_DriverIRQHandler
                0x00008aec        0xc ..\mbed\TARGET_K64F\TOOLCHAIN_GCC_ARM\fsl_edma.o
                0x00008aec                DMA12_DriverIRQHandler
 .text.DMA13_DriverIRQHandler
                0x00008af8        0xc ..\mbed\TARGET_K64F\TOOLCHAIN_GCC_ARM\fsl_edma.o
                0x00008af8                DMA13_DriverIRQHandler
 .text.DMA14_DriverIRQHandler
                0x00008b04        0xc ..\mbed\TARGET_K64F\TOOLCHAIN_GCC_ARM\fsl_edma.o
                0x00008b04                DMA14_DriverIRQHandler
 .text.DMA15_DriverIRQHandler
                0x00008b10        0xc ..\mbed\TARGET_K64F\TOOLCHAIN_GCC_ARM\fsl_edma.o
                0x00008b10                DMA15_DriverIRQHandler
 .text.ENET_Transmit_IRQHandler
                0x00008b1c       0x18 ..\mbed\TARGET_K64F\TOOLCHAIN_GCC_ARM\fsl_enet.o
                0x00008b1c                ENET_Transmit_IRQHandler
 .text.ENET_Receive_IRQHandler
                0x00008b34       0x18 ..\mbed\TARGET_K64F\TOOLCHAIN_GCC_ARM\fsl_enet.o
                0x00008b34                ENET_Receive_IRQHandler
 .text.ENET_Error_IRQHandler
                0x00008b4c       0x18 ..\mbed\TARGET_K64F\TOOLCHAIN_GCC_ARM\fsl_enet.o
                0x00008b4c                ENET_Error_IRQHandler
 .text.CAN0_DriverIRQHandler
                0x00008b64       0x3c ..\mbed\TARGET_K64F\TOOLCHAIN_GCC_ARM\fsl_flexcan.o
                0x00008b64                CAN0_DriverIRQHandler
 .text.I2C_CheckAndClearError
                0x00008ba0       0x1c ..\mbed\TARGET_K64F\TOOLCHAIN_GCC_ARM\fsl_i2c.o
 .text.I2C_TransferCommonIRQHandler
                0x00008bbc       0x34 ..\mbed\TARGET_K64F\TOOLCHAIN_GCC_ARM\fsl_i2c.o
 .text.I2C_GetInstance
                0x00008bf0       0x40 ..\mbed\TARGET_K64F\TOOLCHAIN_GCC_ARM\fsl_i2c.o
                0x00008bf0                I2C_GetInstance
 .text.I2C_MasterGetDefaultConfig
                0x00008c30       0x34 ..\mbed\TARGET_K64F\TOOLCHAIN_GCC_ARM\fsl_i2c.o
                0x00008c30                I2C_MasterGetDefaultConfig
 .text.I2C_EnableInterrupts
                0x00008c64       0x1e ..\mbed\TARGET_K64F\TOOLCHAIN_GCC_ARM\fsl_i2c.o
                0x00008c64                I2C_EnableInterrupts
 *fill*         0x00008c82        0x2 
 .text.I2C_MasterSetBaudRate
                0x00008c84       0x60 ..\mbed\TARGET_K64F\TOOLCHAIN_GCC_ARM\fsl_i2c.o
                0x00008c84                I2C_MasterSetBaudRate
 .text.I2C_MasterInit
                0x00008ce4       0xa8 ..\mbed\TARGET_K64F\TOOLCHAIN_GCC_ARM\fsl_i2c.o
                0x00008ce4                I2C_MasterInit
 .text.I2C_MasterStop
                0x00008d8c       0x26 ..\mbed\TARGET_K64F\TOOLCHAIN_GCC_ARM\fsl_i2c.o
                0x00008d8c                I2C_MasterStop
 .text.I2C_MasterGetStatusFlags
                0x00008db2       0x1c ..\mbed\TARGET_K64F\TOOLCHAIN_GCC_ARM\fsl_i2c.o
                0x00008db2                I2C_MasterGetStatusFlags
 .text.I2C_MasterStart
                0x00008dce       0x32 ..\mbed\TARGET_K64F\TOOLCHAIN_GCC_ARM\fsl_i2c.o
                0x00008dce                I2C_MasterStart
 .text.I2C_MasterRepeatedStart
                0x00008e00       0x50 ..\mbed\TARGET_K64F\TOOLCHAIN_GCC_ARM\fsl_i2c.o
                0x00008e00                I2C_MasterRepeatedStart
 .text.I2C_MasterWriteBlocking
                0x00008e50       0x6c ..\mbed\TARGET_K64F\TOOLCHAIN_GCC_ARM\fsl_i2c.o
                0x00008e50                I2C_MasterWriteBlocking
 .text.I2C_MasterReadBlocking
                0x00008ebc       0x80 ..\mbed\TARGET_K64F\TOOLCHAIN_GCC_ARM\fsl_i2c.o
                0x00008ebc                I2C_MasterReadBlocking
 .text.I2C_MasterTransferBlocking
                0x00008f3c      0x138 ..\mbed\TARGET_K64F\TOOLCHAIN_GCC_ARM\fsl_i2c.o
                0x00008f3c                I2C_MasterTransferBlocking
 .text.I2C0_DriverIRQHandler
                0x00009074       0x14 ..\mbed\TARGET_K64F\TOOLCHAIN_GCC_ARM\fsl_i2c.o
                0x00009074                I2C0_DriverIRQHandler
 .text.I2C1_DriverIRQHandler
                0x00009088       0x14 ..\mbed\TARGET_K64F\TOOLCHAIN_GCC_ARM\fsl_i2c.o
                0x00009088                I2C1_DriverIRQHandler
 .text.I2C2_DriverIRQHandler
                0x0000909c       0x14 ..\mbed\TARGET_K64F\TOOLCHAIN_GCC_ARM\fsl_i2c.o
                0x0000909c                I2C2_DriverIRQHandler
 .text.PIT_GetInstance
                0x000090b0       0x28 ..\mbed\TARGET_K64F\TOOLCHAIN_GCC_ARM\fsl_pit.o
 .text.PIT_Init
                0x000090d8       0x50 ..\mbed\TARGET_K64F\TOOLCHAIN_GCC_ARM\fsl_pit.o
                0x000090d8                PIT_Init
 .text.I2S0_Tx_DriverIRQHandler
                0x00009128       0x3c ..\mbed\TARGET_K64F\TOOLCHAIN_GCC_ARM\fsl_sai.o
                0x00009128                I2S0_Tx_DriverIRQHandler
 .text.I2S0_Rx_DriverIRQHandler
                0x00009164       0x3c ..\mbed\TARGET_K64F\TOOLCHAIN_GCC_ARM\fsl_sai.o
                0x00009164                I2S0_Rx_DriverIRQHandler
 .text.SDHC_DriverIRQHandler
                0x000091a0       0x3c ..\mbed\TARGET_K64F\TOOLCHAIN_GCC_ARM\fsl_sdhc.o
                0x000091a0                SDHC_DriverIRQHandler
 .text.UART_GetInstance
                0x000091dc       0x34 ..\mbed\TARGET_K64F\TOOLCHAIN_GCC_ARM\fsl_uart.o
                0x000091dc                UART_GetInstance
 .text.UART_Init
                0x00009210      0x174 ..\mbed\TARGET_K64F\TOOLCHAIN_GCC_ARM\fsl_uart.o
                0x00009210                UART_Init
 .text.UART_GetDefaultConfig
                0x00009384       0x38 ..\mbed\TARGET_K64F\TOOLCHAIN_GCC_ARM\fsl_uart.o
                0x00009384                UART_GetDefaultConfig
 .text.UART_SetBaudRate
                0x000093bc       0x8c ..\mbed\TARGET_K64F\TOOLCHAIN_GCC_ARM\fsl_uart.o
                0x000093bc                UART_SetBaudRate
 .text.UART_EnableInterrupts
                0x00009448       0x36 ..\mbed\TARGET_K64F\TOOLCHAIN_GCC_ARM\fsl_uart.o
                0x00009448                UART_EnableInterrupts
 .text.UART_DisableInterrupts
                0x0000947e       0x32 ..\mbed\TARGET_K64F\TOOLCHAIN_GCC_ARM\fsl_uart.o
                0x0000947e                UART_DisableInterrupts
 .text.UART_GetEnabledInterrupts
                0x000094b0       0x26 ..\mbed\TARGET_K64F\TOOLCHAIN_GCC_ARM\fsl_uart.o
                0x000094b0                UART_GetEnabledInterrupts
 .text.UART_GetStatusFlags
                0x000094d6       0x16 ..\mbed\TARGET_K64F\TOOLCHAIN_GCC_ARM\fsl_uart.o
                0x000094d6                UART_GetStatusFlags
 .text.UART_ClearStatusFlags
                0x000094ec       0x40 ..\mbed\TARGET_K64F\TOOLCHAIN_GCC_ARM\fsl_uart.o
                0x000094ec                UART_ClearStatusFlags
 .text.UART0_DriverIRQHandler
                0x0000952c       0x18 ..\mbed\TARGET_K64F\TOOLCHAIN_GCC_ARM\fsl_uart.o
                0x0000952c                UART0_DriverIRQHandler
 .text.UART0_RX_TX_DriverIRQHandler
                0x00009544        0x4 ..\mbed\TARGET_K64F\TOOLCHAIN_GCC_ARM\fsl_uart.o
                0x00009544                UART0_RX_TX_DriverIRQHandler
 .text.UART1_DriverIRQHandler
                0x00009548       0x18 ..\mbed\TARGET_K64F\TOOLCHAIN_GCC_ARM\fsl_uart.o
                0x00009548                UART1_DriverIRQHandler
 .text.UART1_RX_TX_DriverIRQHandler
                0x00009560        0x4 ..\mbed\TARGET_K64F\TOOLCHAIN_GCC_ARM\fsl_uart.o
                0x00009560                UART1_RX_TX_DriverIRQHandler
 .text.UART2_DriverIRQHandler
                0x00009564       0x18 ..\mbed\TARGET_K64F\TOOLCHAIN_GCC_ARM\fsl_uart.o
                0x00009564                UART2_DriverIRQHandler
 .text.UART2_RX_TX_DriverIRQHandler
                0x0000957c        0x4 ..\mbed\TARGET_K64F\TOOLCHAIN_GCC_ARM\fsl_uart.o
                0x0000957c                UART2_RX_TX_DriverIRQHandler
 .text.UART3_DriverIRQHandler
                0x00009580       0x18 ..\mbed\TARGET_K64F\TOOLCHAIN_GCC_ARM\fsl_uart.o
                0x00009580                UART3_DriverIRQHandler
 .text.UART3_RX_TX_DriverIRQHandler
                0x00009598        0x4 ..\mbed\TARGET_K64F\TOOLCHAIN_GCC_ARM\fsl_uart.o
                0x00009598                UART3_RX_TX_DriverIRQHandler
 .text.UART4_DriverIRQHandler
                0x0000959c       0x18 ..\mbed\TARGET_K64F\TOOLCHAIN_GCC_ARM\fsl_uart.o
                0x0000959c                UART4_DriverIRQHandler
 .text.UART4_RX_TX_DriverIRQHandler
                0x000095b4        0x4 ..\mbed\TARGET_K64F\TOOLCHAIN_GCC_ARM\fsl_uart.o
                0x000095b4                UART4_RX_TX_DriverIRQHandler
 .text.UART5_DriverIRQHandler
                0x000095b8       0x18 ..\mbed\TARGET_K64F\TOOLCHAIN_GCC_ARM\fsl_uart.o
                0x000095b8                UART5_DriverIRQHandler
 .text.UART5_RX_TX_DriverIRQHandler
                0x000095d0        0x4 ..\mbed\TARGET_K64F\TOOLCHAIN_GCC_ARM\fsl_uart.o
                0x000095d0                UART5_RX_TX_DriverIRQHandler
 .text.gpio_init
                0x000095d4       0x12 ..\mbed\TARGET_K64F\TOOLCHAIN_GCC_ARM\gpio_api.o
                0x000095d4                gpio_init
 .text.gpio_mode
                0x000095e6        0x6 ..\mbed\TARGET_K64F\TOOLCHAIN_GCC_ARM\gpio_api.o
                0x000095e6                gpio_mode
 .text.gpio_dir
                0x000095ec       0x4c ..\mbed\TARGET_K64F\TOOLCHAIN_GCC_ARM\gpio_api.o
                0x000095ec                gpio_dir
 .text.gpio_write
                0x00009638       0x44 ..\mbed\TARGET_K64F\TOOLCHAIN_GCC_ARM\gpio_api.o
                0x00009638                gpio_write
 .text.gpio_read
                0x0000967c       0x38 ..\mbed\TARGET_K64F\TOOLCHAIN_GCC_ARM\gpio_api.o
                0x0000967c                gpio_read
 .text.handle_interrupt_in
                0x000096b4       0xa4 ..\mbed\TARGET_K64F\TOOLCHAIN_GCC_ARM\gpio_irq_api.o
 .text.gpio_irqA
                0x00009758        0x8 ..\mbed\TARGET_K64F\TOOLCHAIN_GCC_ARM\gpio_irq_api.o
                0x00009758                gpio_irqA
 .text.gpio_irqB
                0x00009760        0x8 ..\mbed\TARGET_K64F\TOOLCHAIN_GCC_ARM\gpio_irq_api.o
                0x00009760                gpio_irqB
 .text.gpio_irqC
                0x00009768        0x8 ..\mbed\TARGET_K64F\TOOLCHAIN_GCC_ARM\gpio_irq_api.o
                0x00009768                gpio_irqC
 .text.gpio_irqD
                0x00009770        0x8 ..\mbed\TARGET_K64F\TOOLCHAIN_GCC_ARM\gpio_irq_api.o
                0x00009770                gpio_irqD
 .text.gpio_irqE
                0x00009778        0x8 ..\mbed\TARGET_K64F\TOOLCHAIN_GCC_ARM\gpio_irq_api.o
                0x00009778                gpio_irqE
 .text.gpio_irq_init
                0x00009780       0xb4 ..\mbed\TARGET_K64F\TOOLCHAIN_GCC_ARM\gpio_irq_api.o
                0x00009780                gpio_irq_init
 .text.gpio_irq_free
                0x00009834       0x10 ..\mbed\TARGET_K64F\TOOLCHAIN_GCC_ARM\gpio_irq_api.o
                0x00009834                gpio_irq_free
 .text.i2c_init
                0x00009844       0xcc ..\mbed\TARGET_K64F\TOOLCHAIN_GCC_ARM\i2c_api.o
                0x00009844                i2c_init
 .text.i2c_stop
                0x00009910       0x20 ..\mbed\TARGET_K64F\TOOLCHAIN_GCC_ARM\i2c_api.o
                0x00009910                i2c_stop
 .text.i2c_frequency
                0x00009930       0x2c ..\mbed\TARGET_K64F\TOOLCHAIN_GCC_ARM\i2c_api.o
                0x00009930                i2c_frequency
 .text.i2c_read
                0x0000995c       0x78 ..\mbed\TARGET_K64F\TOOLCHAIN_GCC_ARM\i2c_api.o
                0x0000995c                i2c_read
 .text.i2c_write
                0x000099d4       0x9c ..\mbed\TARGET_K64F\TOOLCHAIN_GCC_ARM\i2c_api.o
                0x000099d4                i2c_write
 .text.mbed_die
                0x00009a70       0x5a ..\mbed\TARGET_K64F\TOOLCHAIN_GCC_ARM\mbed_board.o
                0x00009a70                mbed_die
 *fill*         0x00009aca        0x2 
 .text.mbed_error_vfprintf
                0x00009acc       0x58 ..\mbed\TARGET_K64F\TOOLCHAIN_GCC_ARM\mbed_board.o
                0x00009acc                mbed_error_vfprintf
 .text.mbed_error_printf
                0x00009b24       0x1a ..\mbed\TARGET_K64F\TOOLCHAIN_GCC_ARM\mbed_board.o
                0x00009b24                mbed_error_printf
 .text.mbed_sdk_init
                0x00009b3e        0x4 ..\mbed\TARGET_K64F\TOOLCHAIN_GCC_ARM\mbed_overrides.o
                0x00009b3e                mbed_sdk_init
 .text.NMI_Handler
                0x00009b42       0x12 ..\mbed\TARGET_K64F\TOOLCHAIN_GCC_ARM\mbed_overrides.o
                0x00009b42                NMI_Handler
 .text._ZL11init_serialv
                0x00009b54       0x30 ..\mbed\TARGET_K64F\TOOLCHAIN_GCC_ARM\mbed_retarget.o
 .text._close   0x00009b84       0x40 ..\mbed\TARGET_K64F\TOOLCHAIN_GCC_ARM\mbed_retarget.o
                0x00009b84                _close
 .text._write   0x00009bc4       0x64 ..\mbed\TARGET_K64F\TOOLCHAIN_GCC_ARM\mbed_retarget.o
                0x00009bc4                _write
 .text._read    0x00009c28       0x58 ..\mbed\TARGET_K64F\TOOLCHAIN_GCC_ARM\mbed_retarget.o
                0x00009c28                _read
 .text._isatty  0x00009c80       0x3c ..\mbed\TARGET_K64F\TOOLCHAIN_GCC_ARM\mbed_retarget.o
                0x00009c80                _isatty
 .text._lseek   0x00009cbc       0x44 ..\mbed\TARGET_K64F\TOOLCHAIN_GCC_ARM\mbed_retarget.o
                0x00009cbc                _lseek
 .text._fstat   0x00009d00       0x50 ..\mbed\TARGET_K64F\TOOLCHAIN_GCC_ARM\mbed_retarget.o
                0x00009d00                _fstat
 .text.__cxa_pure_virtual
                0x00009d50        0x8 ..\mbed\TARGET_K64F\TOOLCHAIN_GCC_ARM\mbed_retarget.o
                0x00009d50                __cxa_pure_virtual
 .text._sbrk    0x00009d58       0x44 ..\mbed\TARGET_K64F\TOOLCHAIN_GCC_ARM\mbed_retarget.o
                0x00009d58                _sbrk
 .text._exit    0x00009d9c       0x24 ..\mbed\TARGET_K64F\TOOLCHAIN_GCC_ARM\mbed_retarget.o
                0x00009d9c                _exit
 .text.__aeabi_atexit
                0x00009dc0        0x4 ..\mbed\TARGET_K64F\TOOLCHAIN_GCC_ARM\mbed_retarget.o
                0x00009dc0                __aeabi_atexit
 .text._ZN4mbed26mbed_set_unbuffered_streamEP7__sFILE
                0x00009dc4        0x6 ..\mbed\TARGET_K64F\TOOLCHAIN_GCC_ARM\mbed_retarget.o
                0x00009dc4                mbed::mbed_set_unbuffered_stream(__sFILE*)
 .text._ZN4mbed11mbed_fdopenEPNS_10FileHandleEPKc
                0x00009dca       0x3c ..\mbed\TARGET_K64F\TOOLCHAIN_GCC_ARM\mbed_retarget.o
                0x00009dca                mbed::mbed_fdopen(mbed::FileHandle*, char const*)
 .text.__malloc_lock
                0x00009e06        0x8 ..\mbed\TARGET_K64F\TOOLCHAIN_GCC_ARM\mbed_retarget.o
                0x00009e06                __malloc_lock
 .text.__malloc_unlock
                0x00009e0e        0x8 ..\mbed\TARGET_K64F\TOOLCHAIN_GCC_ARM\mbed_retarget.o
                0x00009e0e                __malloc_unlock
 *fill*         0x00009e16        0x2 
 .text._Znaj    0x00009e18       0x18 ..\mbed\TARGET_K64F\TOOLCHAIN_GCC_ARM\mbed_retarget.o
                0x00009e18                operator new[](unsigned int)
 .text._ZdlPv   0x00009e30        0x4 ..\mbed\TARGET_K64F\TOOLCHAIN_GCC_ARM\mbed_retarget.o
                0x00009e30                operator delete(void*)
 .text._ZdaPv   0x00009e34        0x4 ..\mbed\TARGET_K64F\TOOLCHAIN_GCC_ARM\mbed_retarget.o
                0x00009e34                operator delete[](void*)
 .text.us_ticker_get_info
                0x00009e38        0x8 ..\mbed\TARGET_K64F\TOOLCHAIN_GCC_ARM\mbed_retarget.o
                0x00009e38                us_ticker_get_info
 .text._ZN12SingletonPtrI13PlatformMutexE3getEv
                0x00009e40       0x2c ..\mbed\TARGET_K64F\TOOLCHAIN_GCC_ARM\mbed_retarget.o
                0x00009e40                SingletonPtr<PlatformMutex>::get()
 .text._ZN4mbed17remove_filehandleEPNS_10FileHandleE
                0x00009e6c       0x34 ..\mbed\TARGET_K64F\TOOLCHAIN_GCC_ARM\mbed_retarget.o
                0x00009e6c                mbed::remove_filehandle(mbed::FileHandle*)
 .text._open    0x00009ea0      0x11c ..\mbed\TARGET_K64F\TOOLCHAIN_GCC_ARM\mbed_retarget.o
                0x00009ea0                _open
 .text.mbed_copy_nvic
                0x00009fbc       0x28 ..\mbed\TARGET_K64F\TOOLCHAIN_GCC_ARM\mbed_sdk_boot.o
                0x00009fbc                mbed_copy_nvic
 .text.software_init_hook
                0x00009fe4       0x10 ..\mbed\TARGET_K64F\TOOLCHAIN_GCC_ARM\mbed_sdk_boot.o
                0x00009fe4                software_init_hook
 .text.pin_function
                0x00009ff4       0x74 ..\mbed\TARGET_K64F\TOOLCHAIN_GCC_ARM\pinmap.o
                0x00009ff4                pin_function
 .text.pin_mode
                0x0000a068       0x60 ..\mbed\TARGET_K64F\TOOLCHAIN_GCC_ARM\pinmap.o
                0x0000a068                pin_mode
 .text.uart_irq
                0x0000a0c8       0x48 ..\mbed\TARGET_K64F\TOOLCHAIN_GCC_ARM\serial_api.o
 .text.uart0_irq
                0x0000a110       0x18 ..\mbed\TARGET_K64F\TOOLCHAIN_GCC_ARM\serial_api.o
                0x0000a110                uart0_irq
 .text.uart1_irq
                0x0000a128       0x18 ..\mbed\TARGET_K64F\TOOLCHAIN_GCC_ARM\serial_api.o
                0x0000a128                uart1_irq
 .text.uart2_irq
                0x0000a140       0x18 ..\mbed\TARGET_K64F\TOOLCHAIN_GCC_ARM\serial_api.o
                0x0000a140                uart2_irq
 .text.uart3_irq
                0x0000a158       0x18 ..\mbed\TARGET_K64F\TOOLCHAIN_GCC_ARM\serial_api.o
                0x0000a158                uart3_irq
 .text.uart4_irq
                0x0000a170       0x18 ..\mbed\TARGET_K64F\TOOLCHAIN_GCC_ARM\serial_api.o
                0x0000a170                uart4_irq
 .text.uart5_irq
                0x0000a188       0x18 ..\mbed\TARGET_K64F\TOOLCHAIN_GCC_ARM\serial_api.o
                0x0000a188                uart5_irq
 .text.serial_init
                0x0000a1a0       0xfc ..\mbed\TARGET_K64F\TOOLCHAIN_GCC_ARM\serial_api.o
                0x0000a1a0                serial_init
 .text.serial_baud
                0x0000a29c       0x2c ..\mbed\TARGET_K64F\TOOLCHAIN_GCC_ARM\serial_api.o
                0x0000a29c                serial_baud
 .text.serial_irq_handler
                0x0000a2c8       0x18 ..\mbed\TARGET_K64F\TOOLCHAIN_GCC_ARM\serial_api.o
                0x0000a2c8                serial_irq_handler
 .text.serial_irq_set
                0x0000a2e0      0x140 ..\mbed\TARGET_K64F\TOOLCHAIN_GCC_ARM\serial_api.o
                0x0000a2e0                serial_irq_set
 .text.serial_readable
                0x0000a420       0x2c ..\mbed\TARGET_K64F\TOOLCHAIN_GCC_ARM\serial_api.o
                0x0000a420                serial_readable
 .text.serial_getc
                0x0000a44c       0x20 ..\mbed\TARGET_K64F\TOOLCHAIN_GCC_ARM\serial_api.o
                0x0000a44c                serial_getc
 .text.serial_writable
                0x0000a46c       0x2c ..\mbed\TARGET_K64F\TOOLCHAIN_GCC_ARM\serial_api.o
                0x0000a46c                serial_writable
 .text.serial_putc
                0x0000a498       0x24 ..\mbed\TARGET_K64F\TOOLCHAIN_GCC_ARM\serial_api.o
                0x0000a498                serial_putc
 .text.SystemInit
                0x0000a4bc       0x2c ..\mbed\TARGET_K64F\TOOLCHAIN_GCC_ARM\system_MK64F12.o
                0x0000a4bc                SystemInit
 .text.pit_isr  0x0000a4e8       0x2c ..\mbed\TARGET_K64F\TOOLCHAIN_GCC_ARM\us_ticker.o
 .text.us_ticker_init
                0x0000a514       0x98 ..\mbed\TARGET_K64F\TOOLCHAIN_GCC_ARM\us_ticker.o
                0x0000a514                us_ticker_init
 .text.us_ticker_read
                0x0000a5ac       0x20 ..\mbed\TARGET_K64F\TOOLCHAIN_GCC_ARM\us_ticker.o
                0x0000a5ac                us_ticker_read
 .text.us_ticker_disable_interrupt
                0x0000a5cc       0x14 ..\mbed\TARGET_K64F\TOOLCHAIN_GCC_ARM\us_ticker.o
                0x0000a5cc                us_ticker_disable_interrupt
 .text.us_ticker_clear_interrupt
                0x0000a5e0       0x10 ..\mbed\TARGET_K64F\TOOLCHAIN_GCC_ARM\us_ticker.o
                0x0000a5e0                us_ticker_clear_interrupt
 .text.us_ticker_set_interrupt
                0x0000a5f0       0x54 ..\mbed\TARGET_K64F\TOOLCHAIN_GCC_ARM\us_ticker.o
                0x0000a5f0                us_ticker_set_interrupt
 .text.us_ticker_fire_interrupt
                0x0000a644       0x10 ..\mbed\TARGET_K64F\TOOLCHAIN_GCC_ARM\us_ticker.o
                0x0000a644                us_ticker_fire_interrupt
 .text._ZN4mbed3I2C6unlockEv
                0x0000a654       0x28 D:\k64\frdm_rtos\mbed\TARGET_K64F\TOOLCHAIN_GCC_ARM\libmbed.a(I2C.o)
                0x0000a654                mbed::I2C::unlock()
                0x0000a654                mbed::I2C::lock()
 .text._ZN4mbed3I2CC2E7PinNameS1_
                0x0000a67c       0x2c D:\k64\frdm_rtos\mbed\TARGET_K64F\TOOLCHAIN_GCC_ARM\libmbed.a(I2C.o)
                0x0000a67c                mbed::I2C::I2C(PinName, PinName)
                0x0000a67c                mbed::I2C::I2C(PinName, PinName)
 .text._ZN4mbed3I2C6aquireEv
                0x0000a6a8       0x2c D:\k64\frdm_rtos\mbed\TARGET_K64F\TOOLCHAIN_GCC_ARM\libmbed.a(I2C.o)
                0x0000a6a8                mbed::I2C::aquire()
 .text._ZN4mbed3I2C5writeEiPKcib
                0x0000a6d4       0x40 D:\k64\frdm_rtos\mbed\TARGET_K64F\TOOLCHAIN_GCC_ARM\libmbed.a(I2C.o)
                0x0000a6d4                mbed::I2C::write(int, char const*, int, bool)
 .text._ZN4mbed3I2C4readEiPcib
                0x0000a714       0x40 D:\k64\frdm_rtos\mbed\TARGET_K64F\TOOLCHAIN_GCC_ARM\libmbed.a(I2C.o)
                0x0000a714                mbed::I2C::read(int, char*, int, bool)
 .text._ZN4mbed11InterruptInC2E7PinName
                0x0000a754       0x4c D:\k64\frdm_rtos\mbed\TARGET_K64F\TOOLCHAIN_GCC_ARM\libmbed.a(InterruptIn.o)
                0x0000a754                mbed::InterruptIn::InterruptIn(PinName)
                0x0000a754                mbed::InterruptIn::InterruptIn(PinName)
 .text._ZN4mbed11InterruptInD2Ev
                0x0000a7a0       0x28 D:\k64\frdm_rtos\mbed\TARGET_K64F\TOOLCHAIN_GCC_ARM\libmbed.a(InterruptIn.o)
                0x0000a7a0                mbed::InterruptIn::~InterruptIn()
                0x0000a7a0                mbed::InterruptIn::~InterruptIn()
 .text._ZN4mbed11InterruptInD0Ev
                0x0000a7c8       0x12 D:\k64\frdm_rtos\mbed\TARGET_K64F\TOOLCHAIN_GCC_ARM\libmbed.a(InterruptIn.o)
                0x0000a7c8                mbed::InterruptIn::~InterruptIn()
 .text._ZN4mbed11InterruptIn12_irq_handlerEm14gpio_irq_event
                0x0000a7da       0x22 D:\k64\frdm_rtos\mbed\TARGET_K64F\TOOLCHAIN_GCC_ARM\libmbed.a(InterruptIn.o)
                0x0000a7da                mbed::InterruptIn::_irq_handler(unsigned long, gpio_irq_event)
 .text._ZN4mbed10SerialBase4lockEv
                0x0000a7fc        0x2 D:\k64\frdm_rtos\mbed\TARGET_K64F\TOOLCHAIN_GCC_ARM\libmbed.a(SerialBase.o)
                0x0000a7fc                mbed::SerialBase::lock()
 .text._ZN4mbed10SerialBase6unlockEv
                0x0000a7fe        0x2 D:\k64\frdm_rtos\mbed\TARGET_K64F\TOOLCHAIN_GCC_ARM\libmbed.a(SerialBase.o)
                0x0000a7fe                mbed::SerialBase::unlock()
 .text._ZN6CThunkIN4mbed10SerialBaseEE10trampolineEPS1_PvPMS1_FvS4_E
                0x0000a800       0x2c D:\k64\frdm_rtos\mbed\TARGET_K64F\TOOLCHAIN_GCC_ARM\libmbed.a(SerialBase.o)
                0x0000a800                CThunk<mbed::SerialBase>::trampoline(mbed::SerialBase*, void*, void (mbed::SerialBase::**)(void*))
 .text._ZN4mbed10SerialBase12_irq_handlerEm9SerialIrq
                0x0000a82c       0x3c D:\k64\frdm_rtos\mbed\TARGET_K64F\TOOLCHAIN_GCC_ARM\libmbed.a(SerialBase.o)
                0x0000a82c                mbed::SerialBase::_irq_handler(unsigned long, SerialIrq)
 .text._ZN4mbed10SerialBase4baudEi
                0x0000a868       0x28 D:\k64\frdm_rtos\mbed\TARGET_K64F\TOOLCHAIN_GCC_ARM\libmbed.a(SerialBase.o)
                0x0000a868                mbed::SerialBase::baud(int)
 .text._ZN4mbed10SerialBase10_base_getcEv
                0x0000a890        0x6 D:\k64\frdm_rtos\mbed\TARGET_K64F\TOOLCHAIN_GCC_ARM\libmbed.a(SerialBase.o)
                0x0000a890                mbed::SerialBase::_base_getc()
 .text._ZN4mbed10SerialBase10_base_putcEi
                0x0000a896        0xe D:\k64\frdm_rtos\mbed\TARGET_K64F\TOOLCHAIN_GCC_ARM\libmbed.a(SerialBase.o)
                0x0000a896                mbed::SerialBase::_base_putc(int)
 .text._ZN4mbed8CallbackIFviEED2Ev
                0x0000a8a4       0x10 D:\k64\frdm_rtos\mbed\TARGET_K64F\TOOLCHAIN_GCC_ARM\libmbed.a(SerialBase.o)
                0x0000a8a4                mbed::Callback<void (int)>::~Callback()
                0x0000a8a4                mbed::Callback<void (int)>::~Callback()
 .text._ZN4mbed10SerialBaseC2E7PinNameS1_i
                0x0000a8b4       0xf4 D:\k64\frdm_rtos\mbed\TARGET_K64F\TOOLCHAIN_GCC_ARM\libmbed.a(SerialBase.o)
                0x0000a8b4                mbed::SerialBase::SerialBase(PinName, PinName, int)
                0x0000a8b4                mbed::SerialBase::SerialBase(PinName, PinName, int)
 .text._ZN4mbed10SerialBase6attachENS_8CallbackIFvvEEENS0_7IrqTypeE
                0x0000a9a8       0x76 D:\k64\frdm_rtos\mbed\TARGET_K64F\TOOLCHAIN_GCC_ARM\libmbed.a(SerialBase.o)
                0x0000a9a8                mbed::SerialBase::attach(mbed::Callback<void ()>, mbed::SerialBase::IrqType)